Archive member included to satisfy reference by file (symbol)

c:/users/error414/documents/stm32-tools/gcc-arm-none-eabi-10-2020-q4-major/bin/../lib/gcc/arm-none-eabi/10.2.1/../../../../arm-none-eabi/lib/thumb/v7e-m/nofp\libg.a(lib_a-ctype_.o)
                              CMakeFiles/stm32-chibios.dir/C_/Users/error414/Documents/STM32/meteo-F4/ChibiOS/os/hal/lib/streams/chscanf.c.obj (symbol from plugin) (_ctype_)
c:/users/error414/documents/stm32-tools/gcc-arm-none-eabi-10-2020-q4-major/bin/../lib/gcc/arm-none-eabi/10.2.1/../../../../arm-none-eabi/lib/thumb/v7e-m/nofp\libg.a(lib_a-memcmp.o)
                              C:\Users\error414\AppData\Local\Temp\stm32-chibios.c1tKpx.ltrans0.ltrans.o (memcmp)
c:/users/error414/documents/stm32-tools/gcc-arm-none-eabi-10-2020-q4-major/bin/../lib/gcc/arm-none-eabi/10.2.1/../../../../arm-none-eabi/lib/thumb/v7e-m/nofp\libg.a(lib_a-memcpy.o)
                              C:\Users\error414\AppData\Local\Temp\stm32-chibios.c1tKpx.ltrans0.ltrans.o (memcpy)
c:/users/error414/documents/stm32-tools/gcc-arm-none-eabi-10-2020-q4-major/bin/../lib/gcc/arm-none-eabi/10.2.1/../../../../arm-none-eabi/lib/thumb/v7e-m/nofp\libg.a(lib_a-strcpy.o)
                              C:\Users\error414\AppData\Local\Temp\stm32-chibios.c1tKpx.ltrans1.ltrans.o (strcpy)
c:/users/error414/documents/stm32-tools/gcc-arm-none-eabi-10-2020-q4-major/bin/../lib/gcc/arm-none-eabi/10.2.1/../../../../arm-none-eabi/lib/thumb/v7e-m/nofp\libg.a(lib_a-strlen.o)
                              C:\Users\error414\AppData\Local\Temp\stm32-chibios.c1tKpx.ltrans1.ltrans.o (strlen)
c:/users/error414/documents/stm32-tools/gcc-arm-none-eabi-10-2020-q4-major/bin/../lib/gcc/arm-none-eabi/10.2.1/../../../../arm-none-eabi/lib/thumb/v7e-m/nofp\libg.a(lib_a-strncpy.o)
                              C:\Users\error414\AppData\Local\Temp\stm32-chibios.c1tKpx.ltrans2.ltrans.o (strncpy)

Memory Configuration

Name             Origin             Length             Attributes
flash0           0x08000000         0x00080000         xr
flash1           0x00000000         0x00000000         xr
flash2           0x00000000         0x00000000         xr
flash3           0x00000000         0x00000000         xr
flash4           0x00000000         0x00000000         xr
flash5           0x00000000         0x00000000         xr
flash6           0x00000000         0x00000000         xr
flash7           0x00000000         0x00000000         xr
ram0             0x20000000         0x00018000         xw
ram1             0x00000000         0x00000000         xw
ram2             0x00000000         0x00000000         xw
ram3             0x00000000         0x00000000         xw
ram4             0x00000000         0x00000000         xw
ram5             0x00000000         0x00000000         xw
ram6             0x00000000         0x00000000         xw
ram7             0x00000000         0x00000000         xw
*default*        0x00000000         0xffffffff

Linker script and memory map

                0x00000190                __process_stack_size__ = 0x190
                0x00000190                __main_stack_size__ = 0x190
LOAD CMakeFiles/stm32-chibios.dir/C_/Users/error414/Documents/STM32/meteo-F4/ChibiOS/os/common/startup/ARMCMx/compilers/GCC/crt1.c.obj
LOAD C:\Users\error414\AppData\Local\Temp\stm32-chibios.c1tKpx.ltrans0.ltrans.o
LOAD C:\Users\error414\AppData\Local\Temp\stm32-chibios.c1tKpx.ltrans1.ltrans.o
LOAD C:\Users\error414\AppData\Local\Temp\stm32-chibios.c1tKpx.ltrans2.ltrans.o
LOAD C:\Users\error414\AppData\Local\Temp\stm32-chibios.c1tKpx.ltrans3.ltrans.o
LOAD C:\Users\error414\AppData\Local\Temp\ccTMTdwX.debug.temp.o
LOAD C:\Users\error414\AppData\Local\Temp\cc4XNc53.debug.temp.o
LOAD C:\Users\error414\AppData\Local\Temp\ccBKBzRa.debug.temp.o
LOAD C:\Users\error414\AppData\Local\Temp\ccs3IMMh.debug.temp.o
LOAD C:\Users\error414\AppData\Local\Temp\ccfSnk2n.debug.temp.o
LOAD C:\Users\error414\AppData\Local\Temp\ccSdgPHt.debug.temp.o
LOAD C:\Users\error414\AppData\Local\Temp\ccNM8uvC.debug.temp.o
LOAD C:\Users\error414\AppData\Local\Temp\ccABnNzL.debug.temp.o
LOAD C:\Users\error414\AppData\Local\Temp\ccDwFXWU.debug.temp.o
LOAD C:\Users\error414\AppData\Local\Temp\ccgmlOm3.debug.temp.o
LOAD C:\Users\error414\AppData\Local\Temp\ccf7SgUb.debug.temp.o
LOAD C:\Users\error414\AppData\Local\Temp\ccCwB7Ek.debug.temp.o
LOAD C:\Users\error414\AppData\Local\Temp\ccfYmjps.debug.temp.o
LOAD C:\Users\error414\AppData\Local\Temp\ccM04ECD.debug.temp.o
LOAD C:\Users\error414\AppData\Local\Temp\ccfT0fJN.debug.temp.o
LOAD C:\Users\error414\AppData\Local\Temp\cca0862X.debug.temp.o
LOAD C:\Users\error414\AppData\Local\Temp\cclpQHu8.debug.temp.o
LOAD C:\Users\error414\AppData\Local\Temp\ccuhVuUh.debug.temp.o
LOAD C:\Users\error414\AppData\Local\Temp\cchAH0Mv.debug.temp.o
LOAD C:\Users\error414\AppData\Local\Temp\cca4hI7I.debug.temp.o
LOAD C:\Users\error414\AppData\Local\Temp\cctnEYEV.debug.temp.o
LOAD C:\Users\error414\AppData\Local\Temp\cc87oZj8.debug.temp.o
LOAD C:\Users\error414\AppData\Local\Temp\ccZeGmcl.debug.temp.o
LOAD C:\Users\error414\AppData\Local\Temp\cccxP53w.debug.temp.o
LOAD C:\Users\error414\AppData\Local\Temp\ccXIIEVM.debug.temp.o
LOAD C:\Users\error414\AppData\Local\Temp\ccY2Dgy2.debug.temp.o
LOAD C:\Users\error414\AppData\Local\Temp\cczrIsnh.debug.temp.o
LOAD C:\Users\error414\AppData\Local\Temp\ccsbDokw.debug.temp.o
LOAD C:\Users\error414\AppData\Local\Temp\ccZVBdqL.debug.temp.o
LOAD C:\Users\error414\AppData\Local\Temp\ccuVCzI3.debug.temp.o
LOAD C:\Users\error414\AppData\Local\Temp\ccFyvmll.debug.temp.o
LOAD C:\Users\error414\AppData\Local\Temp\ccEFk6nC.debug.temp.o
LOAD C:\Users\error414\AppData\Local\Temp\ccfa6OLT.debug.temp.o
LOAD C:\Users\error414\AppData\Local\Temp\ccWtQoda.debug.temp.o
LOAD C:\Users\error414\AppData\Local\Temp\ccL3ykSq.debug.temp.o
LOAD C:\Users\error414\AppData\Local\Temp\ccsJCYPL.debug.temp.o
LOAD C:\Users\error414\AppData\Local\Temp\ccLIC4O5.debug.temp.o
LOAD C:\Users\error414\AppData\Local\Temp\ccSbz7dp.debug.temp.o
LOAD C:\Users\error414\AppData\Local\Temp\cclmIu6H.debug.temp.o
LOAD C:\Users\error414\AppData\Local\Temp\ccCGFtf1.debug.temp.o
LOAD C:\Users\error414\AppData\Local\Temp\ccvOorzo.debug.temp.o
LOAD C:\Users\error414\AppData\Local\Temp\ccIk7WUK.debug.temp.o
LOAD C:\Users\error414\AppData\Local\Temp\ccDBqRu7.debug.temp.o
LOAD C:\Users\error414\AppData\Local\Temp\ccEB5jgt.debug.temp.o
LOAD C:\Users\error414\AppData\Local\Temp\ccpRWCqO.debug.temp.o
LOAD C:\Users\error414\AppData\Local\Temp\ccGVLNJ9.debug.temp.o
LOAD C:\Users\error414\AppData\Local\Temp\cc5Xlkhz.debug.temp.o
LOAD C:\Users\error414\AppData\Local\Temp\ccuq5W0Y.debug.temp.o
LOAD C:\Users\error414\AppData\Local\Temp\ccXeba6n.debug.temp.o
LOAD C:\Users\error414\AppData\Local\Temp\ccuzQhhM.debug.temp.o
LOAD C:\Users\error414\AppData\Local\Temp\cc5F15Z9.debug.temp.o
LOAD C:\Users\error414\AppData\Local\Temp\ccqcqaCB.debug.temp.o
LOAD C:\Users\error414\AppData\Local\Temp\ccjA36m3.debug.temp.o
LOAD C:\Users\error414\AppData\Local\Temp\ccCDPUgv.debug.temp.o
LOAD C:\Users\error414\AppData\Local\Temp\cch8ZsiX.debug.temp.o
LOAD C:\Users\error414\AppData\Local\Temp\ccuuhHmo.debug.temp.o
LOAD C:\Users\error414\AppData\Local\Temp\ccrEqkFP.debug.temp.o
LOAD C:\Users\error414\AppData\Local\Temp\ccUCxP6g.debug.temp.o
LOAD C:\Users\error414\AppData\Local\Temp\ccRe1TzH.debug.temp.o
LOAD C:\Users\error414\AppData\Local\Temp\cc4M2cg8.debug.temp.o
LOAD C:\Users\error414\AppData\Local\Temp\cc3Fqw6y.debug.temp.o
LOAD C:\Users\error414\AppData\Local\Temp\ccKFixZY.debug.temp.o
LOAD C:\Users\error414\AppData\Local\Temp\ccN6yi0o.debug.temp.o
LOAD C:\Users\error414\AppData\Local\Temp\cckjwV9O.debug.temp.o
LOAD C:\Users\error414\AppData\Local\Temp\ccpnIqsf.debug.temp.o
LOAD C:\Users\error414\AppData\Local\Temp\ccyNMivJ.debug.temp.o
LOAD C:\Users\error414\AppData\Local\Temp\ccz92ggc.debug.temp.o
LOAD C:\Users\error414\AppData\Local\Temp\ccaqP79E.debug.temp.o
LOAD C:\Users\error414\AppData\Local\Temp\ccFn5hAa.debug.temp.o
LOAD C:\Users\error414\AppData\Local\Temp\ccuTXPdG.debug.temp.o
LOAD C:\Users\error414\AppData\Local\Temp\ccP3aqOa.debug.temp.o
LOAD C:\Users\error414\AppData\Local\Temp\ccUnhUxF.debug.temp.o
LOAD C:\Users\error414\AppData\Local\Temp\ccvwlgqa.debug.temp.o
LOAD C:\Users\error414\AppData\Local\Temp\ccuFdjwI.debug.temp.o
LOAD C:\Users\error414\AppData\Local\Temp\ccJKDAPg.debug.temp.o
LOAD C:\Users\error414\AppData\Local\Temp\ccc5lBgP.debug.temp.o
LOAD C:\Users\error414\AppData\Local\Temp\ccHYZOFm.debug.temp.o
LOAD C:\Users\error414\AppData\Local\Temp\ccQCJ6uT.debug.temp.o
LOAD C:\Users\error414\AppData\Local\Temp\ccvF5ZKq.debug.temp.o
LOAD C:\Users\error414\AppData\Local\Temp\ccQfgE9X.debug.temp.o
LOAD C:\Users\error414\AppData\Local\Temp\ccfykadz.debug.temp.o
LOAD C:\Users\error414\AppData\Local\Temp\ccujiSS9.debug.temp.o
LOAD C:\Users\error414\AppData\Local\Temp\ccBOPNKK.debug.temp.o
LOAD C:\Users\error414\AppData\Local\Temp\ccSInsGk.debug.temp.o
LOAD C:\Users\error414\AppData\Local\Temp\cc10tPTU.debug.temp.o
LOAD C:\Users\error414\AppData\Local\Temp\cc2uWh4t.debug.temp.o
LOAD C:\Users\error414\AppData\Local\Temp\cchSFYr3.debug.temp.o
LOAD C:\Users\error414\AppData\Local\Temp\ccUxyy8C.debug.temp.o
LOAD C:\Users\error414\AppData\Local\Temp\ccFrMQBg.debug.temp.o
LOAD C:\Users\error414\AppData\Local\Temp\ccuFbosU.debug.temp.o
LOAD C:\Users\error414\AppData\Local\Temp\cc32lDlx.debug.temp.o
LOAD C:\Users\error414\AppData\Local\Temp\ccK2LZqa.debug.temp.o
LOAD C:\Users\error414\AppData\Local\Temp\cc1WHeFN.debug.temp.o
LOAD C:\Users\error414\AppData\Local\Temp\cci1gbXp.debug.temp.o
LOAD C:\Users\error414\AppData\Local\Temp\ccHlOts2.debug.temp.o
LOAD C:\Users\error414\AppData\Local\Temp\ccs7Jw5E.debug.temp.o
LOAD C:\Users\error414\AppData\Local\Temp\ccXwU8Kg.debug.temp.o
LOAD C:\Users\error414\AppData\Local\Temp\ccAUP6EW.debug.temp.o
LOAD C:\Users\error414\AppData\Local\Temp\ccNmMANC.debug.temp.o
LOAD C:\Users\error414\AppData\Local\Temp\ccOyvEYh.debug.temp.o
LOAD C:\Users\error414\AppData\Local\Temp\cc1WfrhX.debug.temp.o
LOAD C:\Users\error414\AppData\Local\Temp\ccKP7VMB.debug.temp.o
LOAD C:\Users\error414\AppData\Local\Temp\cc55VpDg.debug.temp.o
LOAD C:\Users\error414\AppData\Local\Temp\ccQ1SKCV.debug.temp.o
LOAD C:\Users\error414\AppData\Local\Temp\ccBtuiAz.debug.temp.o
LOAD C:\Users\error414\AppData\Local\Temp\ccajJQHd.debug.temp.o
LOAD C:\Users\error414\AppData\Local\Temp\cc3GAM2R.debug.temp.o
LOAD C:\Users\error414\AppData\Local\Temp\ccMjes1z.debug.temp.o
LOAD C:\Users\error414\AppData\Local\Temp\cczsFfTg.debug.temp.o
LOAD C:\Users\error414\AppData\Local\Temp\ccQit95X.debug.temp.o
LOAD C:\Users\error414\AppData\Local\Temp\ccRMvClE.debug.temp.o
LOAD C:\Users\error414\AppData\Local\Temp\ccaqSXTk.debug.temp.o
LOAD C:\Users\error414\AppData\Local\Temp\ccZRcbB1.debug.temp.o
LOAD C:\Users\error414\AppData\Local\Temp\cci3AC0L.debug.temp.o
LOAD C:\Users\error414\AppData\Local\Temp\cczns81v.debug.temp.o
LOAD C:\Users\error414\AppData\Local\Temp\cciqJvcg.debug.temp.o
LOAD C:\Users\error414\AppData\Local\Temp\ccNj15uZ.debug.temp.o
LOAD C:\Users\error414\AppData\Local\Temp\ccgCuj4I.debug.temp.o
LOAD C:\Users\error414\AppData\Local\Temp\ccDhNIBr.debug.temp.o
LOAD C:\Users\error414\AppData\Local\Temp\ccMhs8ia.debug.temp.o
LOAD C:\Users\error414\AppData\Local\Temp\cc7DDUdT.debug.temp.o
LOAD C:\Users\error414\AppData\Local\Temp\ccIioqgC.debug.temp.o
LOAD C:\Users\error414\AppData\Local\Temp\ccrLAOXo.debug.temp.o
LOAD C:\Users\error414\AppData\Local\Temp\ccCAbzTb.debug.temp.o
LOAD C:\Users\error414\AppData\Local\Temp\ccvwodYY.debug.temp.o
LOAD C:\Users\error414\AppData\Local\Temp\cc4vOy5K.debug.temp.o
LOAD C:\Users\error414\AppData\Local\Temp\ccNEYCkx.debug.temp.o
LOAD C:\Users\error414\AppData\Local\Temp\cc2B6yIj.debug.temp.o
LOAD C:\Users\error414\AppData\Local\Temp\ccJr9Zk6.debug.temp.o
LOAD C:\Users\error414\AppData\Local\Temp\ccKFrf3R.debug.temp.o
LOAD C:\Users\error414\AppData\Local\Temp\cc3o5RYD.debug.temp.o
LOAD C:\Users\error414\AppData\Local\Temp\ccoHEHSo.debug.temp.o
LOAD C:\Users\error414\AppData\Local\Temp\ccdpTT09.debug.temp.o
LOAD C:\Users\error414\AppData\Local\Temp\ccyV5XhV.debug.temp.o
LOAD C:\Users\error414\AppData\Local\Temp\ccjBAElK.debug.temp.o
LOAD C:\Users\error414\AppData\Local\Temp\ccWKgmzz.debug.temp.o
LOAD C:\Users\error414\AppData\Local\Temp\ccTqgUVo.debug.temp.o
LOAD C:\Users\error414\AppData\Local\Temp\ccUSL8Pd.debug.temp.o
LOAD C:\Users\error414\AppData\Local\Temp\ccHXsbZ1.debug.temp.o
LOAD C:\Users\error414\AppData\Local\Temp\cc2zyWkP.debug.temp.o
LOAD C:\Users\error414\AppData\Local\Temp\ccV3SzPC.debug.temp.o
LOAD C:\Users\error414\AppData\Local\Temp\ccOXmjwq.debug.temp.o
LOAD C:\Users\error414\AppData\Local\Temp\ccft3flh.debug.temp.o
LOAD C:\Users\error414\AppData\Local\Temp\cc6DS3i8.debug.temp.o
LOAD C:\Users\error414\AppData\Local\Temp\ccRVGqCY.debug.temp.o
LOAD C:\Users\error414\AppData\Local\Temp\ccsAd7fO.debug.temp.o
LOAD C:\Users\error414\AppData\Local\Temp\ccjbi26D.debug.temp.o
LOAD C:\Users\error414\AppData\Local\Temp\ccgRRcau.debug.temp.o
LOAD C:\Users\error414\AppData\Local\Temp\ccTGlJWn.debug.temp.o
LOAD C:\Users\error414\AppData\Local\Temp\ccu5DA3g.debug.temp.o
LOAD C:\Users\error414\AppData\Local\Temp\cc5JyRZ9.debug.temp.o
LOAD C:\Users\error414\AppData\Local\Temp\ccsful41.debug.temp.o
LOAD C:\Users\error414\AppData\Local\Temp\ccDUdrpU.debug.temp.o
LOAD C:\Users\error414\AppData\Local\Temp\ccwq7nzQ.debug.temp.o
LOAD C:\Users\error414\AppData\Local\Temp\ccr1gwbM.debug.temp.o
LOAD C:\Users\error414\AppData\Local\Temp\ccw5qUaI.debug.temp.o
LOAD C:\Users\error414\AppData\Local\Temp\ccjQJJuD.debug.temp.o
LOAD C:\Users\error414\AppData\Local\Temp\ccavGv5B.debug.temp.o
LOAD C:\Users\error414\AppData\Local\Temp\cclGW7OA.debug.temp.o
LOAD C:\Users\error414\AppData\Local\Temp\ccKurbDA.debug.temp.o
LOAD C:\Users\error414\AppData\Local\Temp\ccXmxV8z.debug.temp.o
LOAD C:\Users\error414\AppData\Local\Temp\cc07nUnD.debug.temp.o
LOAD C:\Users\error414\AppData\Local\Temp\ccnhmDKG.debug.temp.o
LOAD C:\Users\error414\AppData\Local\Temp\cca8DyeJ.debug.temp.o
LOAD C:\Users\error414\AppData\Local\Temp\cczAHRWL.debug.temp.o
LOAD C:\Users\error414\AppData\Local\Temp\ccuRI2NO.debug.temp.o
LOAD C:\Users\error414\AppData\Local\Temp\cc91aXlT.debug.temp.o
LOAD C:\Users\error414\AppData\Local\Temp\cco78J2X.debug.temp.o
LOAD C:\Users\error414\AppData\Local\Temp\ccjk2zS4.debug.temp.o
LOAD C:\Users\error414\AppData\Local\Temp\ccACiFVb.debug.temp.o
LOAD C:\Users\error414\AppData\Local\Temp\cc59qeVl.debug.temp.o
LOAD C:\Users\error414\AppData\Local\Temp\cclbZe3n.debug.temp.o
LOAD C:\Users\error414\AppData\Local\Temp\ccnpzXdp.debug.temp.o
LOAD C:\Users\error414\AppData\Local\Temp\ccPWg2Cq.debug.temp.o
LOAD C:\Users\error414\AppData\Local\Temp\ccJIU6as.debug.temp.o
LOAD C:\Users\error414\AppData\Local\Temp\ccPcmjVt.debug.temp.o
LOAD C:\Users\error414\AppData\Local\Temp\ccP3CHDu.debug.temp.o
LOAD C:\Users\error414\AppData\Local\Temp\ccfKxAAv.debug.temp.o
LOAD C:\Users\error414\AppData\Local\Temp\ccpQFBiy.debug.temp.o
LOAD C:\Users\error414\AppData\Local\Temp\ccPSlRdB.debug.temp.o
LOAD C:\Users\error414\AppData\Local\Temp\ccNKDlRH.debug.temp.o
LOAD C:\Users\error414\AppData\Local\Temp\cc9eNGDO.debug.temp.o
LOAD C:\Users\error414\AppData\Local\Temp\ccduxqEV.debug.temp.o
LOAD C:\Users\error414\AppData\Local\Temp\ccL0CeM1.debug.temp.o
LOAD C:\Users\error414\AppData\Local\Temp\cctG2vQa.debug.temp.o
LOAD C:\Users\error414\AppData\Local\Temp\ccNjfG3j.debug.temp.o
LOAD C:\Users\error414\AppData\Local\Temp\cc30wxks.debug.temp.o
LOAD C:\Users\error414\AppData\Local\Temp\ccPC5c0z.debug.temp.o
LOAD C:\Users\error414\AppData\Local\Temp\ccb99KOH.debug.temp.o
LOAD C:\Users\error414\AppData\Local\Temp\ccL41FQP.debug.temp.o
LOAD C:\Users\error414\AppData\Local\Temp\ccHril0X.debug.temp.o
LOAD C:\Users\error414\AppData\Local\Temp\ccnsNzc5.debug.temp.o
LOAD C:\Users\error414\AppData\Local\Temp\ccDPCRPf.debug.temp.o
LOAD C:\Users\error414\AppData\Local\Temp\cc9u1SAq.debug.temp.o
LOAD C:\Users\error414\AppData\Local\Temp\ccZcw9yB.debug.temp.o
LOAD C:\Users\error414\AppData\Local\Temp\ccx9OpHM.debug.temp.o
LOAD C:\Users\error414\AppData\Local\Temp\ccL9knSW.debug.temp.o
LOAD C:\Users\error414\AppData\Local\Temp\ccFdcec7.debug.temp.o
LOAD C:\Users\error414\AppData\Local\Temp\ccvBEaIh.debug.temp.o
LOAD C:\Users\error414\AppData\Local\Temp\ccrEAkcr.debug.temp.o
LOAD C:\Users\error414\AppData\Local\Temp\ccTFZZUA.debug.temp.o
LOAD C:\Users\error414\AppData\Local\Temp\cch1ZKPK.debug.temp.o
LOAD C:\Users\error414\AppData\Local\Temp\ccnzbStY.debug.temp.o
LOAD C:\Users\error414\AppData\Local\Temp\cc5Ewqle.debug.temp.o
LOAD C:\Users\error414\AppData\Local\Temp\ccbp2mqu.debug.temp.o
LOAD C:\Users\error414\AppData\Local\Temp\ccRbgiFK.debug.temp.o
LOAD C:\Users\error414\AppData\Local\Temp\cct03kv2.debug.temp.o
LOAD C:\Users\error414\AppData\Local\Temp\cczK3Szk.debug.temp.o
LOAD C:\Users\error414\AppData\Local\Temp\ccvh70GB.debug.temp.o
LOAD C:\Users\error414\AppData\Local\Temp\ccF3sSVS.debug.temp.o
LOAD C:\Users\error414\AppData\Local\Temp\cc9nr7na.debug.temp.o
LOAD C:\Users\error414\AppData\Local\Temp\ccPEUGPq.debug.temp.o
LOAD CMakeFiles/stm32-chibios.dir/C_/Users/error414/Documents/STM32/meteo-F4/ChibiOS/os/hal/src/hal.c.obj
LOAD CMakeFiles/stm32-chibios.dir/C_/Users/error414/Documents/STM32/meteo-F4/ChibiOS/os/hal/src/hal_st.c.obj
LOAD CMakeFiles/stm32-chibios.dir/C_/Users/error414/Documents/STM32/meteo-F4/ChibiOS/os/hal/src/hal_buffers.c.obj
LOAD CMakeFiles/stm32-chibios.dir/C_/Users/error414/Documents/STM32/meteo-F4/ChibiOS/os/hal/src/hal_queues.c.obj
LOAD CMakeFiles/stm32-chibios.dir/C_/Users/error414/Documents/STM32/meteo-F4/ChibiOS/os/hal/src/hal_flash.c.obj
LOAD CMakeFiles/stm32-chibios.dir/C_/Users/error414/Documents/STM32/meteo-F4/ChibiOS/os/hal/src/hal_mmcsd.c.obj
LOAD CMakeFiles/stm32-chibios.dir/C_/Users/error414/Documents/STM32/meteo-F4/ChibiOS/os/hal/src/hal_i2c.c.obj
LOAD CMakeFiles/stm32-chibios.dir/C_/Users/error414/Documents/STM32/meteo-F4/ChibiOS/os/hal/src/hal_pal.c.obj
LOAD CMakeFiles/stm32-chibios.dir/C_/Users/error414/Documents/STM32/meteo-F4/ChibiOS/os/hal/src/hal_pwm.c.obj
LOAD CMakeFiles/stm32-chibios.dir/C_/Users/error414/Documents/STM32/meteo-F4/ChibiOS/os/hal/src/hal_serial.c.obj
LOAD CMakeFiles/stm32-chibios.dir/C_/Users/error414/Documents/STM32/meteo-F4/ChibiOS/os/hal/src/hal_spi.c.obj
LOAD CMakeFiles/stm32-chibios.dir/C_/Users/error414/Documents/STM32/meteo-F4/ChibiOS/os/hal/ports/common/ARMCMx/nvic.c.obj
LOAD CMakeFiles/stm32-chibios.dir/C_/Users/error414/Documents/STM32/meteo-F4/ChibiOS/os/hal/ports/STM32/STM32F4xx/stm32_isr.c.obj
LOAD CMakeFiles/stm32-chibios.dir/C_/Users/error414/Documents/STM32/meteo-F4/ChibiOS/os/hal/ports/STM32/STM32F4xx/hal_lld.c.obj
LOAD CMakeFiles/stm32-chibios.dir/C_/Users/error414/Documents/STM32/meteo-F4/ChibiOS/os/hal/ports/STM32/STM32F4xx/hal_efl_lld.c.obj
LOAD CMakeFiles/stm32-chibios.dir/C_/Users/error414/Documents/STM32/meteo-F4/ChibiOS/os/hal/ports/STM32/LLD/DMAv2/stm32_dma.c.obj
LOAD CMakeFiles/stm32-chibios.dir/C_/Users/error414/Documents/STM32/meteo-F4/ChibiOS/os/hal/ports/STM32/LLD/EXTIv1/stm32_exti.c.obj
LOAD CMakeFiles/stm32-chibios.dir/C_/Users/error414/Documents/STM32/meteo-F4/ChibiOS/os/hal/ports/STM32/LLD/GPIOv2/hal_pal_lld.c.obj
LOAD CMakeFiles/stm32-chibios.dir/C_/Users/error414/Documents/STM32/meteo-F4/ChibiOS/os/hal/ports/STM32/LLD/I2Cv1/hal_i2c_lld.c.obj
LOAD CMakeFiles/stm32-chibios.dir/C_/Users/error414/Documents/STM32/meteo-F4/ChibiOS/os/hal/ports/STM32/LLD/SPIv1/hal_spi_lld.c.obj
LOAD CMakeFiles/stm32-chibios.dir/C_/Users/error414/Documents/STM32/meteo-F4/ChibiOS/os/hal/ports/STM32/LLD/TIMv1/hal_st_lld.c.obj
LOAD CMakeFiles/stm32-chibios.dir/C_/Users/error414/Documents/STM32/meteo-F4/ChibiOS/os/hal/ports/STM32/LLD/TIMv1/hal_pwm_lld.c.obj
LOAD CMakeFiles/stm32-chibios.dir/C_/Users/error414/Documents/STM32/meteo-F4/ChibiOS/os/hal/ports/STM32/LLD/USARTv1/hal_serial_lld.c.obj
LOAD CMakeFiles/stm32-chibios.dir/C_/Users/error414/Documents/STM32/meteo-F4/ChibiOS/os/hal/osal/rt-nil/osal.c.obj
LOAD CMakeFiles/stm32-chibios.dir/C_/Users/error414/Documents/STM32/meteo-F4/ChibiOS/os/rt/src/chsys.c.obj
LOAD CMakeFiles/stm32-chibios.dir/C_/Users/error414/Documents/STM32/meteo-F4/ChibiOS/os/rt/src/chdebug.c.obj
LOAD CMakeFiles/stm32-chibios.dir/C_/Users/error414/Documents/STM32/meteo-F4/ChibiOS/os/rt/src/chtrace.c.obj
LOAD CMakeFiles/stm32-chibios.dir/C_/Users/error414/Documents/STM32/meteo-F4/ChibiOS/os/rt/src/chvt.c.obj
LOAD CMakeFiles/stm32-chibios.dir/C_/Users/error414/Documents/STM32/meteo-F4/ChibiOS/os/rt/src/chschd.c.obj
LOAD CMakeFiles/stm32-chibios.dir/C_/Users/error414/Documents/STM32/meteo-F4/ChibiOS/os/rt/src/chinstances.c.obj
LOAD CMakeFiles/stm32-chibios.dir/C_/Users/error414/Documents/STM32/meteo-F4/ChibiOS/os/rt/src/chthreads.c.obj
LOAD CMakeFiles/stm32-chibios.dir/C_/Users/error414/Documents/STM32/meteo-F4/ChibiOS/os/rt/src/chtm.c.obj
LOAD CMakeFiles/stm32-chibios.dir/C_/Users/error414/Documents/STM32/meteo-F4/ChibiOS/os/rt/src/chregistry.c.obj
LOAD CMakeFiles/stm32-chibios.dir/C_/Users/error414/Documents/STM32/meteo-F4/ChibiOS/os/rt/src/chsem.c.obj
LOAD CMakeFiles/stm32-chibios.dir/C_/Users/error414/Documents/STM32/meteo-F4/ChibiOS/os/rt/src/chmtx.c.obj
LOAD CMakeFiles/stm32-chibios.dir/C_/Users/error414/Documents/STM32/meteo-F4/ChibiOS/os/rt/src/chcond.c.obj
LOAD CMakeFiles/stm32-chibios.dir/C_/Users/error414/Documents/STM32/meteo-F4/ChibiOS/os/rt/src/chevents.c.obj
LOAD CMakeFiles/stm32-chibios.dir/C_/Users/error414/Documents/STM32/meteo-F4/ChibiOS/os/rt/src/chmsg.c.obj
LOAD CMakeFiles/stm32-chibios.dir/C_/Users/error414/Documents/STM32/meteo-F4/ChibiOS/os/rt/src/chdynamic.c.obj
LOAD CMakeFiles/stm32-chibios.dir/C_/Users/error414/Documents/STM32/meteo-F4/ChibiOS/os/oslib/src/chmboxes.c.obj
LOAD CMakeFiles/stm32-chibios.dir/C_/Users/error414/Documents/STM32/meteo-F4/ChibiOS/os/oslib/src/chmemcore.c.obj
LOAD CMakeFiles/stm32-chibios.dir/C_/Users/error414/Documents/STM32/meteo-F4/ChibiOS/os/oslib/src/chmemheaps.c.obj
LOAD CMakeFiles/stm32-chibios.dir/C_/Users/error414/Documents/STM32/meteo-F4/ChibiOS/os/oslib/src/chmempools.c.obj
LOAD CMakeFiles/stm32-chibios.dir/C_/Users/error414/Documents/STM32/meteo-F4/ChibiOS/os/oslib/src/chpipes.c.obj
LOAD CMakeFiles/stm32-chibios.dir/C_/Users/error414/Documents/STM32/meteo-F4/ChibiOS/os/oslib/src/chobjcaches.c.obj
LOAD CMakeFiles/stm32-chibios.dir/C_/Users/error414/Documents/STM32/meteo-F4/ChibiOS/os/oslib/src/chdelegates.c.obj
LOAD CMakeFiles/stm32-chibios.dir/C_/Users/error414/Documents/STM32/meteo-F4/ChibiOS/os/oslib/src/chfactory.c.obj
LOAD CMakeFiles/stm32-chibios.dir/C_/Users/error414/Documents/STM32/meteo-F4/ChibiOS/os/common/ports/ARMv7-M/chcore.c.obj
LOAD CMakeFiles/stm32-chibios.dir/C_/Users/error414/Documents/STM32/meteo-F4/ChibiOS/os/hal/lib/streams/chprintf.c.obj
LOAD CMakeFiles/stm32-chibios.dir/C_/Users/error414/Documents/STM32/meteo-F4/ChibiOS/os/hal/lib/streams/chscanf.c.obj
LOAD CMakeFiles/stm32-chibios.dir/C_/Users/error414/Documents/STM32/meteo-F4/ChibiOS/os/hal/lib/streams/memstreams.c.obj
LOAD CMakeFiles/stm32-chibios.dir/C_/Users/error414/Documents/STM32/meteo-F4/ChibiOS/os/hal/lib/streams/nullstreams.c.obj
LOAD CMakeFiles/stm32-chibios.dir/C_/Users/error414/Documents/STM32/meteo-F4/ChibiOS/os/hal/lib/streams/bufstreams.c.obj
LOAD CMakeFiles/stm32-chibios.dir/C_/Users/error414/Documents/STM32/meteo-F4/ChibiOS/os/common/startup/ARMCMx/compilers/GCC/crt0_v7m.S.obj
LOAD CMakeFiles/stm32-chibios.dir/C_/Users/error414/Documents/STM32/meteo-F4/ChibiOS/os/common/startup/ARMCMx/compilers/GCC/vectors.S.obj
LOAD CMakeFiles/stm32-chibios.dir/C_/Users/error414/Documents/STM32/meteo-F4/ChibiOS/os/common/ports/ARMv7-M/compilers/GCC/chcoreasm.S.obj
LOAD CMakeFiles/stm32-chibios.dir/C_/Users/error414/Documents/STM32/meteo-F4/lvgl/src/lv_core/lv_disp.c.obj
LOAD CMakeFiles/stm32-chibios.dir/C_/Users/error414/Documents/STM32/meteo-F4/lvgl/src/lv_core/lv_group.c.obj
LOAD CMakeFiles/stm32-chibios.dir/C_/Users/error414/Documents/STM32/meteo-F4/lvgl/src/lv_core/lv_indev.c.obj
LOAD CMakeFiles/stm32-chibios.dir/C_/Users/error414/Documents/STM32/meteo-F4/lvgl/src/lv_core/lv_obj.c.obj
LOAD CMakeFiles/stm32-chibios.dir/C_/Users/error414/Documents/STM32/meteo-F4/lvgl/src/lv_core/lv_refr.c.obj
LOAD CMakeFiles/stm32-chibios.dir/C_/Users/error414/Documents/STM32/meteo-F4/lvgl/src/lv_core/lv_style.c.obj
LOAD CMakeFiles/stm32-chibios.dir/C_/Users/error414/Documents/STM32/meteo-F4/lvgl/src/lv_draw/lv_draw_arc.c.obj
LOAD CMakeFiles/stm32-chibios.dir/C_/Users/error414/Documents/STM32/meteo-F4/lvgl/src/lv_draw/lv_draw_blend.c.obj
LOAD CMakeFiles/stm32-chibios.dir/C_/Users/error414/Documents/STM32/meteo-F4/lvgl/src/lv_draw/lv_draw_img.c.obj
LOAD CMakeFiles/stm32-chibios.dir/C_/Users/error414/Documents/STM32/meteo-F4/lvgl/src/lv_draw/lv_draw_label.c.obj
LOAD CMakeFiles/stm32-chibios.dir/C_/Users/error414/Documents/STM32/meteo-F4/lvgl/src/lv_draw/lv_draw_line.c.obj
LOAD CMakeFiles/stm32-chibios.dir/C_/Users/error414/Documents/STM32/meteo-F4/lvgl/src/lv_draw/lv_draw_mask.c.obj
LOAD CMakeFiles/stm32-chibios.dir/C_/Users/error414/Documents/STM32/meteo-F4/lvgl/src/lv_draw/lv_draw_rect.c.obj
LOAD CMakeFiles/stm32-chibios.dir/C_/Users/error414/Documents/STM32/meteo-F4/lvgl/src/lv_draw/lv_draw_triangle.c.obj
LOAD CMakeFiles/stm32-chibios.dir/C_/Users/error414/Documents/STM32/meteo-F4/lvgl/src/lv_draw/lv_img_buf.c.obj
LOAD CMakeFiles/stm32-chibios.dir/C_/Users/error414/Documents/STM32/meteo-F4/lvgl/src/lv_draw/lv_img_cache.c.obj
LOAD CMakeFiles/stm32-chibios.dir/C_/Users/error414/Documents/STM32/meteo-F4/lvgl/src/lv_draw/lv_img_decoder.c.obj
LOAD CMakeFiles/stm32-chibios.dir/C_/Users/error414/Documents/STM32/meteo-F4/lvgl/src/lv_font/lv_font.c.obj
LOAD CMakeFiles/stm32-chibios.dir/C_/Users/error414/Documents/STM32/meteo-F4/lvgl/src/lv_font/lv_font_dejavu_16_persian_hebrew.c.obj
LOAD CMakeFiles/stm32-chibios.dir/C_/Users/error414/Documents/STM32/meteo-F4/lvgl/src/lv_font/lv_font_fmt_txt.c.obj
LOAD CMakeFiles/stm32-chibios.dir/C_/Users/error414/Documents/STM32/meteo-F4/lvgl/src/lv_font/lv_font_loader.c.obj
LOAD CMakeFiles/stm32-chibios.dir/C_/Users/error414/Documents/STM32/meteo-F4/lvgl/src/lv_font/lv_font_montserrat_10.c.obj
LOAD CMakeFiles/stm32-chibios.dir/C_/Users/error414/Documents/STM32/meteo-F4/lvgl/src/lv_font/lv_font_montserrat_12.c.obj
LOAD CMakeFiles/stm32-chibios.dir/C_/Users/error414/Documents/STM32/meteo-F4/lvgl/src/lv_font/lv_font_montserrat_12_subpx.c.obj
LOAD CMakeFiles/stm32-chibios.dir/C_/Users/error414/Documents/STM32/meteo-F4/lvgl/src/lv_font/lv_font_montserrat_14.c.obj
LOAD CMakeFiles/stm32-chibios.dir/C_/Users/error414/Documents/STM32/meteo-F4/lvgl/src/lv_font/lv_font_montserrat_16.c.obj
LOAD CMakeFiles/stm32-chibios.dir/C_/Users/error414/Documents/STM32/meteo-F4/lvgl/src/lv_font/lv_font_montserrat_18.c.obj
LOAD CMakeFiles/stm32-chibios.dir/C_/Users/error414/Documents/STM32/meteo-F4/lvgl/src/lv_font/lv_font_montserrat_20.c.obj
LOAD CMakeFiles/stm32-chibios.dir/C_/Users/error414/Documents/STM32/meteo-F4/lvgl/src/lv_font/lv_font_montserrat_22.c.obj
LOAD CMakeFiles/stm32-chibios.dir/C_/Users/error414/Documents/STM32/meteo-F4/lvgl/src/lv_font/lv_font_montserrat_24.c.obj
LOAD CMakeFiles/stm32-chibios.dir/C_/Users/error414/Documents/STM32/meteo-F4/lvgl/src/lv_font/lv_font_montserrat_26.c.obj
LOAD CMakeFiles/stm32-chibios.dir/C_/Users/error414/Documents/STM32/meteo-F4/lvgl/src/lv_font/lv_font_montserrat_28.c.obj
LOAD CMakeFiles/stm32-chibios.dir/C_/Users/error414/Documents/STM32/meteo-F4/lvgl/src/lv_font/lv_font_montserrat_28_compressed.c.obj
LOAD CMakeFiles/stm32-chibios.dir/C_/Users/error414/Documents/STM32/meteo-F4/lvgl/src/lv_font/lv_font_montserrat_30.c.obj
LOAD CMakeFiles/stm32-chibios.dir/C_/Users/error414/Documents/STM32/meteo-F4/lvgl/src/lv_font/lv_font_montserrat_32.c.obj
LOAD CMakeFiles/stm32-chibios.dir/C_/Users/error414/Documents/STM32/meteo-F4/lvgl/src/lv_font/lv_font_montserrat_34.c.obj
LOAD CMakeFiles/stm32-chibios.dir/C_/Users/error414/Documents/STM32/meteo-F4/lvgl/src/lv_font/lv_font_montserrat_36.c.obj
LOAD CMakeFiles/stm32-chibios.dir/C_/Users/error414/Documents/STM32/meteo-F4/lvgl/src/lv_font/lv_font_montserrat_38.c.obj
LOAD CMakeFiles/stm32-chibios.dir/C_/Users/error414/Documents/STM32/meteo-F4/lvgl/src/lv_font/lv_font_montserrat_40.c.obj
LOAD CMakeFiles/stm32-chibios.dir/C_/Users/error414/Documents/STM32/meteo-F4/lvgl/src/lv_font/lv_font_montserrat_42.c.obj
LOAD CMakeFiles/stm32-chibios.dir/C_/Users/error414/Documents/STM32/meteo-F4/lvgl/src/lv_font/lv_font_montserrat_44.c.obj
LOAD CMakeFiles/stm32-chibios.dir/C_/Users/error414/Documents/STM32/meteo-F4/lvgl/src/lv_font/lv_font_montserrat_46.c.obj
LOAD CMakeFiles/stm32-chibios.dir/C_/Users/error414/Documents/STM32/meteo-F4/lvgl/src/lv_font/lv_font_montserrat_48.c.obj
LOAD CMakeFiles/stm32-chibios.dir/C_/Users/error414/Documents/STM32/meteo-F4/lvgl/src/lv_font/lv_font_montserrat_8.c.obj
LOAD CMakeFiles/stm32-chibios.dir/C_/Users/error414/Documents/STM32/meteo-F4/lvgl/src/lv_font/lv_font_simsun_16_cjk.c.obj
LOAD CMakeFiles/stm32-chibios.dir/C_/Users/error414/Documents/STM32/meteo-F4/lvgl/src/lv_font/lv_font_unscii_16.c.obj
LOAD CMakeFiles/stm32-chibios.dir/C_/Users/error414/Documents/STM32/meteo-F4/lvgl/src/lv_font/lv_font_unscii_8.c.obj
LOAD CMakeFiles/stm32-chibios.dir/C_/Users/error414/Documents/STM32/meteo-F4/lvgl/src/lv_font/montserrat_10medium_1bp.c.obj
LOAD CMakeFiles/stm32-chibios.dir/C_/Users/error414/Documents/STM32/meteo-F4/lvgl/src/lv_font/montserrat_12medium_1bp.c.obj
LOAD CMakeFiles/stm32-chibios.dir/C_/Users/error414/Documents/STM32/meteo-F4/lvgl/src/lv_font/montserrat_12medium_4bp.c.obj
LOAD CMakeFiles/stm32-chibios.dir/C_/Users/error414/Documents/STM32/meteo-F4/lvgl/src/lv_font/montserrat_14medium_1bp.c.obj
LOAD CMakeFiles/stm32-chibios.dir/C_/Users/error414/Documents/STM32/meteo-F4/lvgl/src/lv_font/montserrat_14medium_4bp.c.obj
LOAD CMakeFiles/stm32-chibios.dir/C_/Users/error414/Documents/STM32/meteo-F4/lvgl/src/lv_gpu/lv_gpu_nxp_pxp.c.obj
LOAD CMakeFiles/stm32-chibios.dir/C_/Users/error414/Documents/STM32/meteo-F4/lvgl/src/lv_gpu/lv_gpu_nxp_pxp_osa.c.obj
LOAD CMakeFiles/stm32-chibios.dir/C_/Users/error414/Documents/STM32/meteo-F4/lvgl/src/lv_gpu/lv_gpu_nxp_vglite.c.obj
LOAD CMakeFiles/stm32-chibios.dir/C_/Users/error414/Documents/STM32/meteo-F4/lvgl/src/lv_gpu/lv_gpu_stm32_dma2d.c.obj
LOAD CMakeFiles/stm32-chibios.dir/C_/Users/error414/Documents/STM32/meteo-F4/lvgl/src/lv_hal/lv_hal_disp.c.obj
LOAD CMakeFiles/stm32-chibios.dir/C_/Users/error414/Documents/STM32/meteo-F4/lvgl/src/lv_hal/lv_hal_indev.c.obj
LOAD CMakeFiles/stm32-chibios.dir/C_/Users/error414/Documents/STM32/meteo-F4/lvgl/src/lv_hal/lv_hal_tick.c.obj
LOAD CMakeFiles/stm32-chibios.dir/C_/Users/error414/Documents/STM32/meteo-F4/lvgl/src/lv_misc/lv_anim.c.obj
LOAD CMakeFiles/stm32-chibios.dir/C_/Users/error414/Documents/STM32/meteo-F4/lvgl/src/lv_misc/lv_area.c.obj
LOAD CMakeFiles/stm32-chibios.dir/C_/Users/error414/Documents/STM32/meteo-F4/lvgl/src/lv_misc/lv_async.c.obj
LOAD CMakeFiles/stm32-chibios.dir/C_/Users/error414/Documents/STM32/meteo-F4/lvgl/src/lv_misc/lv_bidi.c.obj
LOAD CMakeFiles/stm32-chibios.dir/C_/Users/error414/Documents/STM32/meteo-F4/lvgl/src/lv_misc/lv_color.c.obj
LOAD CMakeFiles/stm32-chibios.dir/C_/Users/error414/Documents/STM32/meteo-F4/lvgl/src/lv_misc/lv_debug.c.obj
LOAD CMakeFiles/stm32-chibios.dir/C_/Users/error414/Documents/STM32/meteo-F4/lvgl/src/lv_misc/lv_fs.c.obj
LOAD CMakeFiles/stm32-chibios.dir/C_/Users/error414/Documents/STM32/meteo-F4/lvgl/src/lv_misc/lv_gc.c.obj
LOAD CMakeFiles/stm32-chibios.dir/C_/Users/error414/Documents/STM32/meteo-F4/lvgl/src/lv_misc/lv_ll.c.obj
LOAD CMakeFiles/stm32-chibios.dir/C_/Users/error414/Documents/STM32/meteo-F4/lvgl/src/lv_misc/lv_log.c.obj
LOAD CMakeFiles/stm32-chibios.dir/C_/Users/error414/Documents/STM32/meteo-F4/lvgl/src/lv_misc/lv_math.c.obj
LOAD CMakeFiles/stm32-chibios.dir/C_/Users/error414/Documents/STM32/meteo-F4/lvgl/src/lv_misc/lv_mem.c.obj
LOAD CMakeFiles/stm32-chibios.dir/C_/Users/error414/Documents/STM32/meteo-F4/lvgl/src/lv_misc/lv_printf.c.obj
LOAD CMakeFiles/stm32-chibios.dir/C_/Users/error414/Documents/STM32/meteo-F4/lvgl/src/lv_misc/lv_task.c.obj
LOAD CMakeFiles/stm32-chibios.dir/C_/Users/error414/Documents/STM32/meteo-F4/lvgl/src/lv_misc/lv_templ.c.obj
LOAD CMakeFiles/stm32-chibios.dir/C_/Users/error414/Documents/STM32/meteo-F4/lvgl/src/lv_misc/lv_txt.c.obj
LOAD CMakeFiles/stm32-chibios.dir/C_/Users/error414/Documents/STM32/meteo-F4/lvgl/src/lv_misc/lv_txt_ap.c.obj
LOAD CMakeFiles/stm32-chibios.dir/C_/Users/error414/Documents/STM32/meteo-F4/lvgl/src/lv_misc/lv_utils.c.obj
LOAD CMakeFiles/stm32-chibios.dir/C_/Users/error414/Documents/STM32/meteo-F4/lvgl/src/lv_themes/lv_theme.c.obj
LOAD CMakeFiles/stm32-chibios.dir/C_/Users/error414/Documents/STM32/meteo-F4/lvgl/src/lv_themes/lv_theme_empty.c.obj
LOAD CMakeFiles/stm32-chibios.dir/C_/Users/error414/Documents/STM32/meteo-F4/lvgl/src/lv_themes/lv_theme_material.c.obj
LOAD CMakeFiles/stm32-chibios.dir/C_/Users/error414/Documents/STM32/meteo-F4/lvgl/src/lv_themes/lv_theme_mono.c.obj
LOAD CMakeFiles/stm32-chibios.dir/C_/Users/error414/Documents/STM32/meteo-F4/lvgl/src/lv_themes/lv_theme_template.c.obj
LOAD CMakeFiles/stm32-chibios.dir/C_/Users/error414/Documents/STM32/meteo-F4/lvgl/src/lv_widgets/lv_arc.c.obj
LOAD CMakeFiles/stm32-chibios.dir/C_/Users/error414/Documents/STM32/meteo-F4/lvgl/src/lv_widgets/lv_bar.c.obj
LOAD CMakeFiles/stm32-chibios.dir/C_/Users/error414/Documents/STM32/meteo-F4/lvgl/src/lv_widgets/lv_btn.c.obj
LOAD CMakeFiles/stm32-chibios.dir/C_/Users/error414/Documents/STM32/meteo-F4/lvgl/src/lv_widgets/lv_btnmatrix.c.obj
LOAD CMakeFiles/stm32-chibios.dir/C_/Users/error414/Documents/STM32/meteo-F4/lvgl/src/lv_widgets/lv_calendar.c.obj
LOAD CMakeFiles/stm32-chibios.dir/C_/Users/error414/Documents/STM32/meteo-F4/lvgl/src/lv_widgets/lv_canvas.c.obj
LOAD CMakeFiles/stm32-chibios.dir/C_/Users/error414/Documents/STM32/meteo-F4/lvgl/src/lv_widgets/lv_chart.c.obj
LOAD CMakeFiles/stm32-chibios.dir/C_/Users/error414/Documents/STM32/meteo-F4/lvgl/src/lv_widgets/lv_checkbox.c.obj
LOAD CMakeFiles/stm32-chibios.dir/C_/Users/error414/Documents/STM32/meteo-F4/lvgl/src/lv_widgets/lv_cont.c.obj
LOAD CMakeFiles/stm32-chibios.dir/C_/Users/error414/Documents/STM32/meteo-F4/lvgl/src/lv_widgets/lv_cpicker.c.obj
LOAD CMakeFiles/stm32-chibios.dir/C_/Users/error414/Documents/STM32/meteo-F4/lvgl/src/lv_widgets/lv_dropdown.c.obj
LOAD CMakeFiles/stm32-chibios.dir/C_/Users/error414/Documents/STM32/meteo-F4/lvgl/src/lv_widgets/lv_gauge.c.obj
LOAD CMakeFiles/stm32-chibios.dir/C_/Users/error414/Documents/STM32/meteo-F4/lvgl/src/lv_widgets/lv_img.c.obj
LOAD CMakeFiles/stm32-chibios.dir/C_/Users/error414/Documents/STM32/meteo-F4/lvgl/src/lv_widgets/lv_imgbtn.c.obj
LOAD CMakeFiles/stm32-chibios.dir/C_/Users/error414/Documents/STM32/meteo-F4/lvgl/src/lv_widgets/lv_keyboard.c.obj
LOAD CMakeFiles/stm32-chibios.dir/C_/Users/error414/Documents/STM32/meteo-F4/lvgl/src/lv_widgets/lv_label.c.obj
LOAD CMakeFiles/stm32-chibios.dir/C_/Users/error414/Documents/STM32/meteo-F4/lvgl/src/lv_widgets/lv_led.c.obj
LOAD CMakeFiles/stm32-chibios.dir/C_/Users/error414/Documents/STM32/meteo-F4/lvgl/src/lv_widgets/lv_line.c.obj
LOAD CMakeFiles/stm32-chibios.dir/C_/Users/error414/Documents/STM32/meteo-F4/lvgl/src/lv_widgets/lv_linemeter.c.obj
LOAD CMakeFiles/stm32-chibios.dir/C_/Users/error414/Documents/STM32/meteo-F4/lvgl/src/lv_widgets/lv_list.c.obj
LOAD CMakeFiles/stm32-chibios.dir/C_/Users/error414/Documents/STM32/meteo-F4/lvgl/src/lv_widgets/lv_msgbox.c.obj
LOAD CMakeFiles/stm32-chibios.dir/C_/Users/error414/Documents/STM32/meteo-F4/lvgl/src/lv_widgets/lv_objmask.c.obj
LOAD CMakeFiles/stm32-chibios.dir/C_/Users/error414/Documents/STM32/meteo-F4/lvgl/src/lv_widgets/lv_objx_templ.c.obj
LOAD CMakeFiles/stm32-chibios.dir/C_/Users/error414/Documents/STM32/meteo-F4/lvgl/src/lv_widgets/lv_page.c.obj
LOAD CMakeFiles/stm32-chibios.dir/C_/Users/error414/Documents/STM32/meteo-F4/lvgl/src/lv_widgets/lv_roller.c.obj
LOAD CMakeFiles/stm32-chibios.dir/C_/Users/error414/Documents/STM32/meteo-F4/lvgl/src/lv_widgets/lv_slider.c.obj
LOAD CMakeFiles/stm32-chibios.dir/C_/Users/error414/Documents/STM32/meteo-F4/lvgl/src/lv_widgets/lv_spinbox.c.obj
LOAD CMakeFiles/stm32-chibios.dir/C_/Users/error414/Documents/STM32/meteo-F4/lvgl/src/lv_widgets/lv_spinner.c.obj
LOAD CMakeFiles/stm32-chibios.dir/C_/Users/error414/Documents/STM32/meteo-F4/lvgl/src/lv_widgets/lv_switch.c.obj
LOAD CMakeFiles/stm32-chibios.dir/C_/Users/error414/Documents/STM32/meteo-F4/lvgl/src/lv_widgets/lv_table.c.obj
LOAD CMakeFiles/stm32-chibios.dir/C_/Users/error414/Documents/STM32/meteo-F4/lvgl/src/lv_widgets/lv_tabview.c.obj
LOAD CMakeFiles/stm32-chibios.dir/C_/Users/error414/Documents/STM32/meteo-F4/lvgl/src/lv_widgets/lv_textarea.c.obj
LOAD CMakeFiles/stm32-chibios.dir/C_/Users/error414/Documents/STM32/meteo-F4/lvgl/src/lv_widgets/lv_tileview.c.obj
LOAD CMakeFiles/stm32-chibios.dir/C_/Users/error414/Documents/STM32/meteo-F4/lvgl/src/lv_widgets/lv_win.c.obj
LOAD CMakeFiles/stm32-chibios.dir/main.c.obj
LOAD CMakeFiles/stm32-chibios.dir/shell/shell.c.obj
LOAD CMakeFiles/stm32-chibios.dir/shell/shellCmd.c.obj
LOAD CMakeFiles/stm32-chibios.dir/cfg/board.c.obj
LOAD CMakeFiles/stm32-chibios.dir/cfg/hw.c.obj
LOAD CMakeFiles/stm32-chibios.dir/images/fc_cloud.c.obj
LOAD CMakeFiles/stm32-chibios.dir/images/fc_part_clound.c.obj
LOAD CMakeFiles/stm32-chibios.dir/images/fc_rain.c.obj
LOAD CMakeFiles/stm32-chibios.dir/images/fc_snow.c.obj
LOAD CMakeFiles/stm32-chibios.dir/images/humidity36.c.obj
LOAD CMakeFiles/stm32-chibios.dir/images/pressure36.c.obj
LOAD CMakeFiles/stm32-chibios.dir/images/rain36.c.obj
LOAD CMakeFiles/stm32-chibios.dir/images/sun36.c.obj
LOAD CMakeFiles/stm32-chibios.dir/images/temp.c.obj
LOAD CMakeFiles/stm32-chibios.dir/images/uv36.c.obj
LOAD CMakeFiles/stm32-chibios.dir/images/wind36.c.obj
LOAD CMakeFiles/stm32-chibios.dir/font/digital_16.c.obj
LOAD CMakeFiles/stm32-chibios.dir/font/digital_20.c.obj
LOAD CMakeFiles/stm32-chibios.dir/font/digital_48.c.obj
LOAD CMakeFiles/stm32-chibios.dir/font/dogica12.c.obj
LOAD CMakeFiles/stm32-chibios.dir/font/omega12.c.obj
LOAD CMakeFiles/stm32-chibios.dir/font/omega16.c.obj
LOAD CMakeFiles/stm32-chibios.dir/font/omega20.c.obj
LOAD CMakeFiles/stm32-chibios.dir/font/press12.c.obj
LOAD CMakeFiles/stm32-chibios.dir/font/press14.c.obj
LOAD CMakeFiles/stm32-chibios.dir/font/press16.c.obj
LOAD CMakeFiles/stm32-chibios.dir/font/retro12.c.obj
LOAD CMakeFiles/stm32-chibios.dir/font/retro20.c.obj
LOAD CMakeFiles/stm32-chibios.dir/font/upheaval16.c.obj
LOAD CMakeFiles/stm32-chibios.dir/font/upheaval20.c.obj
LOAD CMakeFiles/stm32-chibios.dir/font/upheaval30.c.obj
LOAD CMakeFiles/stm32-chibios.dir/font/upheaval48.c.obj
LOAD CMakeFiles/stm32-chibios.dir/gui/guHeader.c.obj
LOAD CMakeFiles/stm32-chibios.dir/gui/guiForecast.c.obj
LOAD CMakeFiles/stm32-chibios.dir/gui/guiMain.c.obj
LOAD CMakeFiles/stm32-chibios.dir/gui/guiOutside.c.obj
LOAD CMakeFiles/stm32-chibios.dir/drivers/EPD_7in5_HD.c.obj
LOAD CMakeFiles/stm32-chibios.dir/drivers/msp.c.obj
LOAD CMakeFiles/stm32-chibios.dir/threads/guiThread.c.obj
LOAD CMakeFiles/stm32-chibios.dir/threads/hc12Thread.c.obj
LOAD CMakeFiles/stm32-chibios.dir/threads/mspRxThread.c.obj
LOAD CMakeFiles/stm32-chibios.dir/threads/pools.c.obj
LOAD c:/users/error414/documents/stm32-tools/gcc-arm-none-eabi-10-2020-q4-major/bin/../lib/gcc/arm-none-eabi/10.2.1/../../../../arm-none-eabi/lib/thumb/v7e-m/nofp\libm.a
LOAD c:/users/error414/documents/stm32-tools/gcc-arm-none-eabi-10-2020-q4-major/bin/../lib/gcc/arm-none-eabi/10.2.1/../../../../arm-none-eabi/lib/thumb/v7e-m/nofp\libnosys.a
START GROUP
LOAD c:/users/error414/documents/stm32-tools/gcc-arm-none-eabi-10-2020-q4-major/bin/../lib/gcc/arm-none-eabi/10.2.1/thumb/v7e-m/nofp\libgcc.a
LOAD c:/users/error414/documents/stm32-tools/gcc-arm-none-eabi-10-2020-q4-major/bin/../lib/gcc/arm-none-eabi/10.2.1/../../../../arm-none-eabi/lib/thumb/v7e-m/nofp\libg.a
LOAD c:/users/error414/documents/stm32-tools/gcc-arm-none-eabi-10-2020-q4-major/bin/../lib/gcc/arm-none-eabi/10.2.1/../../../../arm-none-eabi/lib/thumb/v7e-m/nofp\libc.a
END GROUP

.mstack         0x20000000      0x190
                0x20000000                . = ALIGN (0x8)
                0x20000000                __main_stack_base__ = .
                0x20000190                . = (. + __main_stack_size__)
 *fill*         0x20000000      0x190 
                0x20000190                . = ALIGN (0x8)
                0x20000190                __main_stack_end__ = .

.pstack         0x20000190      0x190
                0x20000190                . = ALIGN (0x8)
                0x20000190                __process_stack_base__ = .
                0x20000190                __main_thread_stack_base__ = .
                0x20000320                . = (. + __process_stack_size__)
 *fill*         0x20000190      0x190 
                0x20000320                . = ALIGN (0x8)
                0x20000320                __process_stack_end__ = .
                0x20000320                __main_thread_stack_end__ = .

.vectors        0x08000000      0x1e0
 *(.vectors)
 .vectors       0x08000000      0x1e0 CMakeFiles/stm32-chibios.dir/C_/Users/error414/Documents/STM32/meteo-F4/ChibiOS/os/common/startup/ARMCMx/compilers/GCC/vectors.S.obj
                0x08000000                _vectors

.xtors          0x080001e0        0x0
                0x080001e0                __init_array_base__ = .
 *(SORT_BY_NAME(.init_array.*))
 *(.init_array)
                0x080001e0                __init_array_end__ = .
                0x080001e0                __fini_array_base__ = .
 *(.fini_array)
 *(SORT_BY_NAME(.fini_array.*))
                0x080001e0                __fini_array_end__ = .

.text           0x08000200    0x18544
                0x08000200                __text_base__ = .
 *(.text)
 .text          0x08000200        0x0 C:\Users\error414\AppData\Local\Temp\stm32-chibios.c1tKpx.ltrans0.ltrans.o
 .text          0x08000200        0x0 C:\Users\error414\AppData\Local\Temp\stm32-chibios.c1tKpx.ltrans1.ltrans.o
 .text          0x08000200        0x0 C:\Users\error414\AppData\Local\Temp\stm32-chibios.c1tKpx.ltrans2.ltrans.o
 .text          0x08000200        0x0 C:\Users\error414\AppData\Local\Temp\stm32-chibios.c1tKpx.ltrans3.ltrans.o
 .text          0x08000200      0x120 CMakeFiles/stm32-chibios.dir/C_/Users/error414/Documents/STM32/meteo-F4/ChibiOS/os/common/startup/ARMCMx/compilers/GCC/crt0_v7m.S.obj
                0x08000200                _crt0_entry
 .text          0x08000320        0x8 CMakeFiles/stm32-chibios.dir/C_/Users/error414/Documents/STM32/meteo-F4/ChibiOS/os/common/startup/ARMCMx/compilers/GCC/vectors.S.obj
                0x08000320                Reset_Handler
                0x08000322                DebugMon_Handler
                0x08000322                Vector1A0
                0x08000322                Vector11C
                0x08000322                HardFault_Handler
                0x08000322                Vector1B8
                0x08000322                Vector19C
                0x08000322                Vector8C
                0x08000322                SysTick_Handler
                0x08000322                VectorDC
                0x08000322                PendSV_Handler
                0x08000322                Vector168
                0x08000322                NMI_Handler
                0x08000322                Vector110
                0x08000322                Vector1D8
                0x08000322                VectorC8
                0x08000322                Vector94
                0x08000322                Vector160
                0x08000322                Vector1B0
                0x08000322                UsageFault_Handler
                0x08000322                VectorEC
                0x08000322                Vector40
                0x08000322                VectorF8
                0x08000322                Vector108
                0x08000322                Vector190
                0x08000322                Vector1C4
                0x08000322                Vector1CC
                0x08000322                Vector148
                0x08000322                Vector188
                0x08000322                Vector198
                0x08000322                Vector118
                0x08000322                VectorE8
                0x08000322                VectorCC
                0x08000322                Vector54
                0x08000322                Vector98
                0x08000322                Vector138
                0x08000322                Vector24
                0x08000322                Vector1AC
                0x08000322                Vector178
                0x08000322                SecureFault_Handler
                0x08000322                Vector1A4
                0x08000322                VectorD0
                0x08000322                Vector1B4
                0x08000322                Vector140
                0x08000322                VectorE4
                0x08000322                Vector1C0
                0x08000322                Vector134
                0x08000322                Vector1D0
                0x08000322                VectorF0
                0x08000322                Vector13C
                0x08000322                Vector100
                0x08000322                VectorF4
                0x08000322                MemManage_Handler
                0x08000322                VectorC4
                0x08000322                Vector180
                0x08000322                Vector90
                0x08000322                Vector114
                0x08000322                Vector164
                0x08000322                Vector1BC
                0x08000322                Vector1D4
                0x08000322                Vector17C
                0x08000322                Vector48
                0x08000322                Vector1A8
                0x08000322                Vector16C
                0x08000322                VectorD4
                0x08000322                Vector4C
                0x08000322                Vector144
                0x08000322                Vector15C
                0x08000322                Vector18C
                0x08000322                Vector170
                0x08000322                Vector88
                0x08000322                Vector104
                0x08000322                Vector184
                0x08000322                Vector10C
                0x08000322                Vector14C
                0x08000322                BusFault_Handler
                0x08000322                Vector50
                0x08000322                Vector1C8
                0x08000322                Vector194
                0x08000322                Vector1DC
                0x08000322                Vector44
                0x08000322                Vector28
                0x08000322                VectorB8
                0x08000322                Vector34
                0x08000322                Vector20
                0x08000322                Vector174
                0x08000326                _unhandled_exception
 .text          0x08000328       0x3e CMakeFiles/stm32-chibios.dir/C_/Users/error414/Documents/STM32/meteo-F4/ChibiOS/os/common/ports/ARMv7-M/compilers/GCC/chcoreasm.S.obj
                0x08000328                __port_switch
                0x08000340                __port_thread_start
                0x08000356                __port_switch_from_isr
                0x08000362                __port_exit_from_isr
 .text          0x08000366        0x0 c:/users/error414/documents/stm32-tools/gcc-arm-none-eabi-10-2020-q4-major/bin/../lib/gcc/arm-none-eabi/10.2.1/../../../../arm-none-eabi/lib/thumb/v7e-m/nofp\libg.a(lib_a-ctype_.o)
 .text          0x08000366        0x0 c:/users/error414/documents/stm32-tools/gcc-arm-none-eabi-10-2020-q4-major/bin/../lib/gcc/arm-none-eabi/10.2.1/../../../../arm-none-eabi/lib/thumb/v7e-m/nofp\libg.a(lib_a-memcmp.o)
 *fill*         0x08000366        0x2 
 .text          0x08000368      0x134 c:/users/error414/documents/stm32-tools/gcc-arm-none-eabi-10-2020-q4-major/bin/../lib/gcc/arm-none-eabi/10.2.1/../../../../arm-none-eabi/lib/thumb/v7e-m/nofp\libg.a(lib_a-memcpy.o)
                0x08000368                memcpy
 .text          0x0800049c        0x0 c:/users/error414/documents/stm32-tools/gcc-arm-none-eabi-10-2020-q4-major/bin/../lib/gcc/arm-none-eabi/10.2.1/../../../../arm-none-eabi/lib/thumb/v7e-m/nofp\libg.a(lib_a-strcpy.o)
 *fill*         0x0800049c       0x24 
 .text          0x080004c0       0xdc c:/users/error414/documents/stm32-tools/gcc-arm-none-eabi-10-2020-q4-major/bin/../lib/gcc/arm-none-eabi/10.2.1/../../../../arm-none-eabi/lib/thumb/v7e-m/nofp\libg.a(lib_a-strlen.o)
                0x080004c0                strlen
 .text          0x0800059c        0x0 c:/users/error414/documents/stm32-tools/gcc-arm-none-eabi-10-2020-q4-major/bin/../lib/gcc/arm-none-eabi/10.2.1/../../../../arm-none-eabi/lib/thumb/v7e-m/nofp\libg.a(lib_a-strncpy.o)
 *(.text.*)
 *fill*         0x0800059c        0x4 
 .text.stGetCounter
                0x080005a0        0x8 C:\Users\error414\AppData\Local\Temp\stm32-chibios.c1tKpx.ltrans0.ltrans.o
 *fill*         0x080005a8        0x8 
 .text.stStopAlarm
                0x080005b0        0xc C:\Users\error414\AppData\Local\Temp\stm32-chibios.c1tKpx.ltrans0.ltrans.o
 *fill*         0x080005bc        0x4 
 .text.stIsAlarmActive
                0x080005c0        0xc C:\Users\error414\AppData\Local\Temp\stm32-chibios.c1tKpx.ltrans0.ltrans.o
 *fill*         0x080005cc        0x4 
 .text.iqObjectInit
                0x080005d0       0x20 C:\Users\error414\AppData\Local\Temp\stm32-chibios.c1tKpx.ltrans0.ltrans.o
 .text.oqObjectInit
                0x080005f0       0x18 C:\Users\error414\AppData\Local\Temp\stm32-chibios.c1tKpx.ltrans0.ltrans.o
 *fill*         0x08000608        0x8 
 .text.pwmObjectInit
                0x08000610       0x10 C:\Users\error414\AppData\Local\Temp\stm32-chibios.c1tKpx.ltrans0.ltrans.o
 .text.sdObjectInit
                0x08000620       0x40 C:\Users\error414\AppData\Local\Temp\stm32-chibios.c1tKpx.ltrans0.ltrans.o
 .text.nvicEnableVector
                0x08000660       0x28 C:\Users\error414\AppData\Local\Temp\stm32-chibios.c1tKpx.ltrans0.ltrans.o
 *fill*         0x08000688        0x8 
 .text.irqInit  0x08000690       0x74 C:\Users\error414\AppData\Local\Temp\stm32-chibios.c1tKpx.ltrans0.ltrans.o
 *fill*         0x08000704        0xc 
 .text.hal_lld_backup_domain_init
                0x08000710       0x38 C:\Users\error414\AppData\Local\Temp\stm32-chibios.c1tKpx.ltrans0.ltrans.o
 *fill*         0x08000748        0x8 
 .text.dmaInit  0x08000750       0x44 C:\Users\error414\AppData\Local\Temp\stm32-chibios.c1tKpx.ltrans0.ltrans.o
 *fill*         0x08000794        0xc 
 .text.hal_lld_init
                0x080007a0       0x68 C:\Users\error414\AppData\Local\Temp\stm32-chibios.c1tKpx.ltrans0.ltrans.o
 *fill*         0x08000808        0x8 
 .text._pal_lld_init
                0x08000810       0x20 C:\Users\error414\AppData\Local\Temp\stm32-chibios.c1tKpx.ltrans0.ltrans.o
 .text.i2c_lld_abort_operation
                0x08000830       0x58 C:\Users\error414\AppData\Local\Temp\stm32-chibios.c1tKpx.ltrans0.ltrans.o
 *fill*         0x08000888        0x8 
 .text.st_lld_init
                0x08000890       0x48 C:\Users\error414\AppData\Local\Temp\stm32-chibios.c1tKpx.ltrans0.ltrans.o
 *fill*         0x080008d8        0x8 
 .text.stInit   0x080008e0        0x8 C:\Users\error414\AppData\Local\Temp\stm32-chibios.c1tKpx.ltrans0.ltrans.o
 *fill*         0x080008e8        0x8 
 .text.pwm_lld_init
                0x080008f0       0x34 C:\Users\error414\AppData\Local\Temp\stm32-chibios.c1tKpx.ltrans0.ltrans.o
 *fill*         0x08000924        0xc 
 .text.pwmInit  0x08000930        0x8 C:\Users\error414\AppData\Local\Temp\stm32-chibios.c1tKpx.ltrans0.ltrans.o
 *fill*         0x08000938        0x8 
 .text.pwm_lld_serve_interrupt
                0x08000940       0x64 C:\Users\error414\AppData\Local\Temp\stm32-chibios.c1tKpx.ltrans0.ltrans.o
 *fill*         0x080009a4        0xc 
 .text.notify2  0x080009b0       0x10 C:\Users\error414\AppData\Local\Temp\stm32-chibios.c1tKpx.ltrans0.ltrans.o
 .text.sd_lld_init
                0x080009c0       0x28 C:\Users\error414\AppData\Local\Temp\stm32-chibios.c1tKpx.ltrans0.ltrans.o
 *fill*         0x080009e8        0x8 
 .text.sdInit   0x080009f0        0x8 C:\Users\error414\AppData\Local\Temp\stm32-chibios.c1tKpx.ltrans0.ltrans.o
 *fill*         0x080009f8        0x8 
 .text.vt_list_compress
                0x08000a00       0x24 C:\Users\error414\AppData\Local\Temp\stm32-chibios.c1tKpx.ltrans0.ltrans.o
 *fill*         0x08000a24        0xc 
 .text.chSchIsPreemptionRequired
                0x08000a30       0x18 C:\Users\error414\AppData\Local\Temp\stm32-chibios.c1tKpx.ltrans0.ltrans.o
 *fill*         0x08000a48        0x8 
 .text.__idle_thread
                0x08000a50        0x4 C:\Users\error414\AppData\Local\Temp\stm32-chibios.c1tKpx.ltrans0.ltrans.o
 *fill*         0x08000a54        0xc 
 .text.__thd_object_init
                0x08000a60       0x48 C:\Users\error414\AppData\Local\Temp\stm32-chibios.c1tKpx.ltrans0.ltrans.o
 *fill*         0x08000aa8        0x8 
 .text.__thd_memfill
                0x08000ab0        0xc C:\Users\error414\AppData\Local\Temp\stm32-chibios.c1tKpx.ltrans0.ltrans.o
 *fill*         0x08000abc        0x4 
 .text.chTMObjectInit
                0x08000ac0       0x18 C:\Users\error414\AppData\Local\Temp\stm32-chibios.c1tKpx.ltrans0.ltrans.o
 *fill*         0x08000ad8        0x8 
 .text.chTMStartMeasurementX
                0x08000ae0        0xc C:\Users\error414\AppData\Local\Temp\stm32-chibios.c1tKpx.ltrans0.ltrans.o
 *fill*         0x08000aec        0x4 
 .text.chTMStopMeasurementX
                0x08000af0       0x40 C:\Users\error414\AppData\Local\Temp\stm32-chibios.c1tKpx.ltrans0.ltrans.o
 .text.__core_init
                0x08000b30       0x18 C:\Users\error414\AppData\Local\Temp\stm32-chibios.c1tKpx.ltrans0.ltrans.o
 *fill*         0x08000b48        0x8 
 .text.port_init
                0x08000b50       0x48 C:\Users\error414\AppData\Local\Temp\stm32-chibios.c1tKpx.ltrans0.ltrans.o
 *fill*         0x08000b98        0x8 
 .text.__port_irq_epilogue
                0x08000ba0       0x54 C:\Users\error414\AppData\Local\Temp\stm32-chibios.c1tKpx.ltrans0.ltrans.o
 *fill*         0x08000bf4        0xc 
 .text.lv_group_get_focused
                0x08000c00        0xc C:\Users\error414\AppData\Local\Temp\stm32-chibios.c1tKpx.ltrans0.ltrans.o
 *fill*         0x08000c0c        0x4 
 .text.lv_group_get_editing
                0x08000c10       0x10 C:\Users\error414\AppData\Local\Temp\stm32-chibios.c1tKpx.ltrans0.ltrans.o
 .text.lv_indev_get_act
                0x08000c20        0x4 C:\Users\error414\AppData\Local\Temp\stm32-chibios.c1tKpx.ltrans0.ltrans.o
 *fill*         0x08000c24        0xc 
 .text.lv_indev_get_obj_act
                0x08000c30        0xc C:\Users\error414\AppData\Local\Temp\stm32-chibios.c1tKpx.ltrans0.ltrans.o
 *fill*         0x08000c3c        0x4 
 .text.lv_event_send_func
                0x08000c40       0x94 C:\Users\error414\AppData\Local\Temp\stm32-chibios.c1tKpx.ltrans0.ltrans.o
 *fill*         0x08000cd4        0xc 
 .text.lv_event_send
                0x08000ce0       0x18 C:\Users\error414\AppData\Local\Temp\stm32-chibios.c1tKpx.ltrans0.ltrans.o
 *fill*         0x08000cf8        0x8 
 .text.lv_signal_send
                0x08000d00       0x14 C:\Users\error414\AppData\Local\Temp\stm32-chibios.c1tKpx.ltrans0.ltrans.o
 *fill*         0x08000d14        0xc 
 .text.lv_obj_get_focus_parent
                0x08000d20        0xc C:\Users\error414\AppData\Local\Temp\stm32-chibios.c1tKpx.ltrans0.ltrans.o
 *fill*         0x08000d2c        0x4 
 .text.lv_obj_get_state
                0x08000d30       0x2c C:\Users\error414\AppData\Local\Temp\stm32-chibios.c1tKpx.ltrans0.ltrans.o
 *fill*         0x08000d5c        0x4 
 .text.lv_obj_get_group
                0x08000d60        0x4 C:\Users\error414\AppData\Local\Temp\stm32-chibios.c1tKpx.ltrans0.ltrans.o
 *fill*         0x08000d64        0xc 
 .text.lv_obj_is_focused
                0x08000d70       0x1c C:\Users\error414\AppData\Local\Temp\stm32-chibios.c1tKpx.ltrans0.ltrans.o
 *fill*         0x08000d8c        0x4 
 .text.refresh_children_position
                0x08000d90       0x4c C:\Users\error414\AppData\Local\Temp\stm32-chibios.c1tKpx.ltrans0.ltrans.o
 *fill*         0x08000ddc        0x4 
 .text.lv_event_mark_deleted
                0x08000de0       0x1c C:\Users\error414\AppData\Local\Temp\stm32-chibios.c1tKpx.ltrans0.ltrans.o
 *fill*         0x08000dfc        0x4 
 .text.style_prop_is_cacheble
                0x08000e00      0x120 C:\Users\error414\AppData\Local\Temp\stm32-chibios.c1tKpx.ltrans0.ltrans.o
 .text._lv_refr_init
                0x08000f20        0x4 C:\Users\error414\AppData\Local\Temp\stm32-chibios.c1tKpx.ltrans0.ltrans.o
 *fill*         0x08000f24        0xc 
 .text._lv_style_get_mem_size
                0x08000f30       0x4c C:\Users\error414\AppData\Local\Temp\stm32-chibios.c1tKpx.ltrans0.ltrans.o
 *fill*         0x08000f7c        0x4 
 .text.get_property_index
                0x08000f80       0xa0 C:\Users\error414\AppData\Local\Temp\stm32-chibios.c1tKpx.ltrans0.ltrans.o
 .text._lv_style_get_int
                0x08001020      0x104 C:\Users\error414\AppData\Local\Temp\stm32-chibios.c1tKpx.ltrans0.ltrans.o
 *fill*         0x08001124        0xc 
 .text._lv_style_get_opa
                0x08001130      0x104 C:\Users\error414\AppData\Local\Temp\stm32-chibios.c1tKpx.ltrans0.ltrans.o
 *fill*         0x08001234        0xc 
 .text._lv_style_get_color
                0x08001240      0x104 C:\Users\error414\AppData\Local\Temp\stm32-chibios.c1tKpx.ltrans0.ltrans.o
 *fill*         0x08001344        0xc 
 .text._lv_style_get_ptr
                0x08001350      0x104 C:\Users\error414\AppData\Local\Temp\stm32-chibios.c1tKpx.ltrans0.ltrans.o
 *fill*         0x08001454        0xc 
 .text.lv_style_list_get_local_style
                0x08001460       0x20 C:\Users\error414\AppData\Local\Temp\stm32-chibios.c1tKpx.ltrans0.ltrans.o
 .text._lv_style_list_get_transition_style
                0x08001480       0x14 C:\Users\error414\AppData\Local\Temp\stm32-chibios.c1tKpx.ltrans0.ltrans.o
 *fill*         0x08001494        0xc 
 .text._lv_style_list_get_int
                0x080014a0       0xcc C:\Users\error414\AppData\Local\Temp\stm32-chibios.c1tKpx.ltrans0.ltrans.o
 *fill*         0x0800156c        0x4 
 .text._lv_style_list_get_color
                0x08001570       0xc8 C:\Users\error414\AppData\Local\Temp\stm32-chibios.c1tKpx.ltrans0.ltrans.o
 *fill*         0x08001638        0x8 
 .text._lv_style_list_get_opa
                0x08001640       0xcc C:\Users\error414\AppData\Local\Temp\stm32-chibios.c1tKpx.ltrans0.ltrans.o
 *fill*         0x0800170c        0x4 
 .text._lv_style_list_get_ptr
                0x08001710       0xc0 C:\Users\error414\AppData\Local\Temp\stm32-chibios.c1tKpx.ltrans0.ltrans.o
 .text.lv_disp_get_scr_prev
                0x080017d0       0x18 C:\Users\error414\AppData\Local\Temp\stm32-chibios.c1tKpx.ltrans0.ltrans.o
 *fill*         0x080017e8        0x8 
 .text.lv_disp_get_layer_top
                0x080017f0       0x18 C:\Users\error414\AppData\Local\Temp\stm32-chibios.c1tKpx.ltrans0.ltrans.o
 *fill*         0x08001808        0x8 
 .text.lv_disp_get_layer_sys
                0x08001810       0x18 C:\Users\error414\AppData\Local\Temp\stm32-chibios.c1tKpx.ltrans0.ltrans.o
 *fill*         0x08001828        0x8 
 .text._lv_group_init
                0x08001830       0x10 C:\Users\error414\AppData\Local\Temp\stm32-chibios.c1tKpx.ltrans0.ltrans.o
 .text.lv_indev_reset
                0x08001840       0x68 C:\Users\error414\AppData\Local\Temp\stm32-chibios.c1tKpx.ltrans0.ltrans.o
 *fill*         0x080018a8        0x8 
 .text._lv_indev_init
                0x080018b0        0xc C:\Users\error414\AppData\Local\Temp\stm32-chibios.c1tKpx.ltrans0.ltrans.o
 *fill*         0x080018bc        0x4 
 .text.style_snapshot_compare
                0x080018c0      0x15c C:\Users\error414\AppData\Local\Temp\stm32-chibios.c1tKpx.ltrans0.ltrans.o
 *fill*         0x08001a1c        0x4 
 .text.lv_refr_join_area
                0x08001a20       0xe0 C:\Users\error414\AppData\Local\Temp\stm32-chibios.c1tKpx.ltrans0.ltrans.o
 .text.lv_style_copy
                0x08001b00       0x28 C:\Users\error414\AppData\Local\Temp\stm32-chibios.c1tKpx.ltrans0.ltrans.o
 *fill*         0x08001b28        0x8 
 .text._lv_style_list_remove_style
                0x08001b30       0xa0 C:\Users\error414\AppData\Local\Temp\stm32-chibios.c1tKpx.ltrans0.ltrans.o
 .text.__cpu_init
                0x08001bd0        0x4 C:\Users\error414\AppData\Local\Temp\stm32-chibios.c1tKpx.ltrans0.ltrans.o
                0x08001bd0                __cpu_init
 *fill*         0x08001bd4        0xc 
 .text.__late_init
                0x08001be0        0x4 C:\Users\error414\AppData\Local\Temp\stm32-chibios.c1tKpx.ltrans0.ltrans.o
                0x08001be0                __late_init
 *fill*         0x08001be4        0xc 
 .text.__default_exit
                0x08001bf0        0x4 C:\Users\error414\AppData\Local\Temp\stm32-chibios.c1tKpx.ltrans0.ltrans.o
                0x08001bf0                __default_exit
 *fill*         0x08001bf4        0xc 
 .text.__init_ram_areas
                0x08001c00       0x38 C:\Users\error414\AppData\Local\Temp\stm32-chibios.c1tKpx.ltrans0.ltrans.o
                0x08001c00                __init_ram_areas
 *fill*         0x08001c38        0x8 
 .text.stm32_clock_init
                0x08001c40      0x11c C:\Users\error414\AppData\Local\Temp\stm32-chibios.c1tKpx.ltrans0.ltrans.o
                0x08001c40                stm32_clock_init
 *fill*         0x08001d5c        0x4 
 .text._pal_lld_setgroupmode
                0x08001d60       0xd8 C:\Users\error414\AppData\Local\Temp\stm32-chibios.c1tKpx.ltrans0.ltrans.o
                0x08001d60                _pal_lld_setgroupmode
 *fill*         0x08001e38        0x8 
 .text.chSysHalt
                0x08001e40       0x18 C:\Users\error414\AppData\Local\Temp\stm32-chibios.c1tKpx.ltrans0.ltrans.o
                0x08001e40                chSysHalt
 *fill*         0x08001e58        0x8 
 .text.stStartAlarm
                0x08001e60       0x24 C:\Users\error414\AppData\Local\Temp\stm32-chibios.c1tKpx.ltrans0.ltrans.o
 *fill*         0x08001e84        0xc 
 .text.stSetAlarm
                0x08001e90       0x1c C:\Users\error414\AppData\Local\Temp\stm32-chibios.c1tKpx.ltrans0.ltrans.o
 *fill*         0x08001eac        0x4 
 .text.iq_read  0x08001eb0       0x74 C:\Users\error414\AppData\Local\Temp\stm32-chibios.c1tKpx.ltrans0.ltrans.o
 *fill*         0x08001f24        0xc 
 .text.oq_write
                0x08001f30       0x74 C:\Users\error414\AppData\Local\Temp\stm32-chibios.c1tKpx.ltrans0.ltrans.o
 *fill*         0x08001fa4        0xc 
 .text._ctl     0x08001fb0       0x28 C:\Users\error414\AppData\Local\Temp\stm32-chibios.c1tKpx.ltrans0.ltrans.o
 *fill*         0x08001fd8        0x8 
 .text.spi_lld_serve_tx_interrupt
                0x08001fe0       0x14 C:\Users\error414\AppData\Local\Temp\stm32-chibios.c1tKpx.ltrans0.ltrans.o
 *fill*         0x08001ff4        0xc 
 .text.spi_lld_send
                0x08002000       0x60 C:\Users\error414\AppData\Local\Temp\stm32-chibios.c1tKpx.ltrans0.ltrans.o
 .text.usart_init
                0x08002060       0x78 C:\Users\error414\AppData\Local\Temp\stm32-chibios.c1tKpx.ltrans0.ltrans.o
 *fill*         0x080020d8        0x8 
 .text.sd_lld_start
                0x080020e0       0x3c C:\Users\error414\AppData\Local\Temp\stm32-chibios.c1tKpx.ltrans0.ltrans.o
 *fill*         0x0800211c        0x4 
 .text.__dbg_check_lock_from_isr
                0x08002120       0x2c C:\Users\error414\AppData\Local\Temp\stm32-chibios.c1tKpx.ltrans0.ltrans.o
 *fill*         0x0800214c        0x4 
 .text.__dbg_check_unlock_from_isr
                0x08002150       0x30 C:\Users\error414\AppData\Local\Temp\stm32-chibios.c1tKpx.ltrans0.ltrans.o
 .text.__dbg_check_enter_isr
                0x08002180       0x3c C:\Users\error414\AppData\Local\Temp\stm32-chibios.c1tKpx.ltrans0.ltrans.o
 *fill*         0x080021bc        0x4 
 .text.__dbg_check_leave_isr
                0x080021c0       0x3c C:\Users\error414\AppData\Local\Temp\stm32-chibios.c1tKpx.ltrans0.ltrans.o
 *fill*         0x080021fc        0x4 
 .text.Vector58
                0x08002200       0x30 C:\Users\error414\AppData\Local\Temp\stm32-chibios.c1tKpx.ltrans0.ltrans.o
                0x08002200                Vector58
 .text.Vector5C
                0x08002230       0x30 C:\Users\error414\AppData\Local\Temp\stm32-chibios.c1tKpx.ltrans0.ltrans.o
                0x08002230                Vector5C
 .text.Vector60
                0x08002260       0x30 C:\Users\error414\AppData\Local\Temp\stm32-chibios.c1tKpx.ltrans0.ltrans.o
                0x08002260                Vector60
 .text.Vector64
                0x08002290       0x30 C:\Users\error414\AppData\Local\Temp\stm32-chibios.c1tKpx.ltrans0.ltrans.o
                0x08002290                Vector64
 .text.Vector68
                0x080022c0       0x30 C:\Users\error414\AppData\Local\Temp\stm32-chibios.c1tKpx.ltrans0.ltrans.o
                0x080022c0                Vector68
 .text.Vector9C
                0x080022f0       0x7c C:\Users\error414\AppData\Local\Temp\stm32-chibios.c1tKpx.ltrans0.ltrans.o
                0x080022f0                Vector9C
 *fill*         0x0800236c        0x4 
 .text.VectorE0
                0x08002370       0x90 C:\Users\error414\AppData\Local\Temp\stm32-chibios.c1tKpx.ltrans0.ltrans.o
                0x08002370                VectorE0
 .text.VectorA0
                0x08002400       0x10 C:\Users\error414\AppData\Local\Temp\stm32-chibios.c1tKpx.ltrans0.ltrans.o
                0x08002400                VectorA0
 .text.VectorA4
                0x08002410       0x1c C:\Users\error414\AppData\Local\Temp\stm32-chibios.c1tKpx.ltrans0.ltrans.o
                0x08002410                VectorA4
 *fill*         0x0800242c        0x4 
 .text.VectorA8
                0x08002430       0x10 C:\Users\error414\AppData\Local\Temp\stm32-chibios.c1tKpx.ltrans0.ltrans.o
                0x08002430                VectorA8
 .text.VectorAC
                0x08002440       0x1c C:\Users\error414\AppData\Local\Temp\stm32-chibios.c1tKpx.ltrans0.ltrans.o
                0x08002440                VectorAC
 *fill*         0x0800245c        0x4 
 .text.VectorB4
                0x08002460       0x1c C:\Users\error414\AppData\Local\Temp\stm32-chibios.c1tKpx.ltrans0.ltrans.o
                0x08002460                VectorB4
 *fill*         0x0800247c        0x4 
 .text.Vector6C
                0x08002480       0x30 C:\Users\error414\AppData\Local\Temp\stm32-chibios.c1tKpx.ltrans0.ltrans.o
                0x08002480                Vector6C
 .text.Vector70
                0x080024b0       0x34 C:\Users\error414\AppData\Local\Temp\stm32-chibios.c1tKpx.ltrans0.ltrans.o
                0x080024b0                Vector70
 *fill*         0x080024e4        0xc 
 .text.Vector74
                0x080024f0       0x34 C:\Users\error414\AppData\Local\Temp\stm32-chibios.c1tKpx.ltrans0.ltrans.o
                0x080024f0                Vector74
 *fill*         0x08002524        0xc 
 .text.Vector78
                0x08002530       0x34 C:\Users\error414\AppData\Local\Temp\stm32-chibios.c1tKpx.ltrans0.ltrans.o
                0x08002530                Vector78
 *fill*         0x08002564        0xc 
 .text.Vector7C
                0x08002570       0x30 C:\Users\error414\AppData\Local\Temp\stm32-chibios.c1tKpx.ltrans0.ltrans.o
                0x08002570                Vector7C
 .text.Vector80
                0x080025a0       0x34 C:\Users\error414\AppData\Local\Temp\stm32-chibios.c1tKpx.ltrans0.ltrans.o
                0x080025a0                Vector80
 *fill*         0x080025d4        0xc 
 .text.Vector84
                0x080025e0       0x34 C:\Users\error414\AppData\Local\Temp\stm32-chibios.c1tKpx.ltrans0.ltrans.o
                0x080025e0                Vector84
 *fill*         0x08002614        0xc 
 .text.VectorFC
                0x08002620       0x34 C:\Users\error414\AppData\Local\Temp\stm32-chibios.c1tKpx.ltrans0.ltrans.o
                0x08002620                VectorFC
 *fill*         0x08002654        0xc 
 .text.Vector120
                0x08002660       0x30 C:\Users\error414\AppData\Local\Temp\stm32-chibios.c1tKpx.ltrans0.ltrans.o
                0x08002660                Vector120
 .text.Vector124
                0x08002690       0x34 C:\Users\error414\AppData\Local\Temp\stm32-chibios.c1tKpx.ltrans0.ltrans.o
                0x08002690                Vector124
 *fill*         0x080026c4        0xc 
 .text.Vector128
                0x080026d0       0x34 C:\Users\error414\AppData\Local\Temp\stm32-chibios.c1tKpx.ltrans0.ltrans.o
                0x080026d0                Vector128
 *fill*         0x08002704        0xc 
 .text.Vector12C
                0x08002710       0x34 C:\Users\error414\AppData\Local\Temp\stm32-chibios.c1tKpx.ltrans0.ltrans.o
                0x08002710                Vector12C
 *fill*         0x08002744        0xc 
 .text.Vector130
                0x08002750       0x30 C:\Users\error414\AppData\Local\Temp\stm32-chibios.c1tKpx.ltrans0.ltrans.o
                0x08002750                Vector130
 .text.Vector150
                0x08002780       0x34 C:\Users\error414\AppData\Local\Temp\stm32-chibios.c1tKpx.ltrans0.ltrans.o
                0x08002780                Vector150
 *fill*         0x080027b4        0xc 
 .text.Vector154
                0x080027c0       0x34 C:\Users\error414\AppData\Local\Temp\stm32-chibios.c1tKpx.ltrans0.ltrans.o
                0x080027c0                Vector154
 *fill*         0x080027f4        0xc 
 .text.Vector158
                0x08002800       0x34 C:\Users\error414\AppData\Local\Temp\stm32-chibios.c1tKpx.ltrans0.ltrans.o
                0x08002800                Vector158
 *fill*         0x08002834        0xc 
 .text.chDbgCheckClassS
                0x08002840       0x24 C:\Users\error414\AppData\Local\Temp\stm32-chibios.c1tKpx.ltrans0.ltrans.o
 *fill*         0x08002864        0xc 
 .text.__sch_ready_behind
                0x08002870       0x34 C:\Users\error414\AppData\Local\Temp\stm32-chibios.c1tKpx.ltrans0.ltrans.o
 *fill*         0x080028a4        0xc 
 .text.__sch_ready_ahead
                0x080028b0       0x34 C:\Users\error414\AppData\Local\Temp\stm32-chibios.c1tKpx.ltrans0.ltrans.o
 *fill*         0x080028e4        0xc 
 .text.__sch_reschedule_ahead
                0x080028f0       0x40 C:\Users\error414\AppData\Local\Temp\stm32-chibios.c1tKpx.ltrans0.ltrans.o
 .text.chSchGoSleepS
                0x08002930       0x64 C:\Users\error414\AppData\Local\Temp\stm32-chibios.c1tKpx.ltrans0.ltrans.o
 *fill*         0x08002994        0xc 
 .text.chSchWakeupS
                0x080029a0       0x70 C:\Users\error414\AppData\Local\Temp\stm32-chibios.c1tKpx.ltrans0.ltrans.o
 .text.chMtxObjectInit
                0x08002a10       0x18 C:\Users\error414\AppData\Local\Temp\stm32-chibios.c1tKpx.ltrans0.ltrans.o
 *fill*         0x08002a28        0x8 
 .text.i2cObjectInit
                0x08002a30       0x14 C:\Users\error414\AppData\Local\Temp\stm32-chibios.c1tKpx.ltrans0.ltrans.o
 *fill*         0x08002a44        0xc 
 .text.i2c_lld_init
                0x08002a50       0x20 C:\Users\error414\AppData\Local\Temp\stm32-chibios.c1tKpx.ltrans0.ltrans.o
 .text.i2cInit  0x08002a70        0x8 C:\Users\error414\AppData\Local\Temp\stm32-chibios.c1tKpx.ltrans0.ltrans.o
 *fill*         0x08002a78        0x8 
 .text.spiObjectInit
                0x08002a80       0x14 C:\Users\error414\AppData\Local\Temp\stm32-chibios.c1tKpx.ltrans0.ltrans.o
 *fill*         0x08002a94        0xc 
 .text.spi_lld_init
                0x08002aa0       0x50 C:\Users\error414\AppData\Local\Temp\stm32-chibios.c1tKpx.ltrans0.ltrans.o
 .text.spiInit  0x08002af0        0x8 C:\Users\error414\AppData\Local\Temp\stm32-chibios.c1tKpx.ltrans0.ltrans.o
 *fill*         0x08002af8        0x8 
 .text.halInit  0x08002b00       0x20 C:\Users\error414\AppData\Local\Temp\stm32-chibios.c1tKpx.ltrans0.ltrans.o
                0x08002b00                halInit
 .text.__heap_init
                0x08002b20       0x20 C:\Users\error414\AppData\Local\Temp\stm32-chibios.c1tKpx.ltrans0.ltrans.o
 .text.__dbg_check_lock
                0x08002b40       0x2c C:\Users\error414\AppData\Local\Temp\stm32-chibios.c1tKpx.ltrans0.ltrans.o
                0x08002b40                __dbg_check_lock
 *fill*         0x08002b6c        0x4 
 .text.__dbg_check_unlock
                0x08002b70       0x2c C:\Users\error414\AppData\Local\Temp\stm32-chibios.c1tKpx.ltrans0.ltrans.o
                0x08002b70                __dbg_check_unlock
 *fill*         0x08002b9c        0x4 
 .text.sdStart  0x08002ba0       0x64 C:\Users\error414\AppData\Local\Temp\stm32-chibios.c1tKpx.ltrans0.ltrans.o
                0x08002ba0                sdStart
 *fill*         0x08002c04        0xc 
 .text.chSysUnlock.lto_priv.2
                0x08002c10       0x30 C:\Users\error414\AppData\Local\Temp\stm32-chibios.c1tKpx.ltrans0.ltrans.o
 .text.chSysUnlock.lto_priv.4
                0x08002c40       0x30 C:\Users\error414\AppData\Local\Temp\stm32-chibios.c1tKpx.ltrans0.ltrans.o
 .text.chSysUnlock.lto_priv.5
                0x08002c70       0x30 C:\Users\error414\AppData\Local\Temp\stm32-chibios.c1tKpx.ltrans0.ltrans.o
 .text.chRegFirstThread
                0x08002ca0       0x28 C:\Users\error414\AppData\Local\Temp\stm32-chibios.c1tKpx.ltrans0.ltrans.o
 *fill*         0x08002cc8        0x8 
 .text.chDbgCheckClassI
                0x08002cd0       0x28 C:\Users\error414\AppData\Local\Temp\stm32-chibios.c1tKpx.ltrans0.ltrans.o
                0x08002cd0                chDbgCheckClassI
 *fill*         0x08002cf8        0x8 
 .text.dmaStreamAllocI
                0x08002d00       0xe4 C:\Users\error414\AppData\Local\Temp\stm32-chibios.c1tKpx.ltrans0.ltrans.o
 *fill*         0x08002de4        0xc 
 .text.spi_lld_start
                0x08002df0      0x154 C:\Users\error414\AppData\Local\Temp\stm32-chibios.c1tKpx.ltrans0.ltrans.o
 *fill*         0x08002f44        0xc 
 .text.spiStart
                0x08002f50       0x40 C:\Users\error414\AppData\Local\Temp\stm32-chibios.c1tKpx.ltrans0.ltrans.o
                0x08002f50                spiStart
 .text.chVTDoSetI
                0x08002f90       0xb8 C:\Users\error414\AppData\Local\Temp\stm32-chibios.c1tKpx.ltrans0.ltrans.o
 *fill*         0x08003048        0x8 
 .text.chVTDoResetI
                0x08003050       0x9c C:\Users\error414\AppData\Local\Temp\stm32-chibios.c1tKpx.ltrans0.ltrans.o
 *fill*         0x080030ec        0x4 
 .text.chVTDoTickI
                0x080030f0       0xb8 C:\Users\error414\AppData\Local\Temp\stm32-chibios.c1tKpx.ltrans0.ltrans.o
 *fill*         0x080031a8        0x8 
 .text.chSysTimerHandlerI
                0x080031b0        0xc C:\Users\error414\AppData\Local\Temp\stm32-chibios.c1tKpx.ltrans0.ltrans.o
 *fill*         0x080031bc        0x4 
 .text.st_lld_serve_interrupt
                0x080031c0       0x34 C:\Users\error414\AppData\Local\Temp\stm32-chibios.c1tKpx.ltrans0.ltrans.o
 *fill*         0x080031f4        0xc 
 .text.VectorB0
                0x08003200       0x14 C:\Users\error414\AppData\Local\Temp\stm32-chibios.c1tKpx.ltrans0.ltrans.o
                0x08003200                VectorB0
 *fill*         0x08003214        0xc 
 .text.__sch_wakeup
                0x08003220       0x64 C:\Users\error414\AppData\Local\Temp\stm32-chibios.c1tKpx.ltrans0.ltrans.o
 *fill*         0x08003284        0xc 
 .text.chSchReadyI
                0x08003290       0x1c C:\Users\error414\AppData\Local\Temp\stm32-chibios.c1tKpx.ltrans0.ltrans.o
 *fill*         0x080032ac        0x4 
 .text.chThdExitS
                0x080032b0       0x4c C:\Users\error414\AppData\Local\Temp\stm32-chibios.c1tKpx.ltrans0.ltrans.o
 *fill*         0x080032fc        0x4 
 .text.chThdResumeI
                0x08003300       0x28 C:\Users\error414\AppData\Local\Temp\stm32-chibios.c1tKpx.ltrans0.ltrans.o
 *fill*         0x08003328        0x8 
 .text.i2c_lld_serve_event_interrupt
                0x08003330      0x12c C:\Users\error414\AppData\Local\Temp\stm32-chibios.c1tKpx.ltrans0.ltrans.o
 *fill*         0x0800345c        0x4 
 .text.VectorBC
                0x08003460       0x1c C:\Users\error414\AppData\Local\Temp\stm32-chibios.c1tKpx.ltrans0.ltrans.o
                0x08003460                VectorBC
 *fill*         0x0800347c        0x4 
 .text.i2c_lld_serve_error_interrupt
                0x08003480       0xe8 C:\Users\error414\AppData\Local\Temp\stm32-chibios.c1tKpx.ltrans0.ltrans.o
 *fill*         0x08003568        0x8 
 .text.VectorC0
                0x08003570       0x30 C:\Users\error414\AppData\Local\Temp\stm32-chibios.c1tKpx.ltrans0.ltrans.o
                0x08003570                VectorC0
 .text.spi_lld_serve_rx_interrupt
                0x080035a0       0xd4 C:\Users\error414\AppData\Local\Temp\stm32-chibios.c1tKpx.ltrans0.ltrans.o
 *fill*         0x08003674        0xc 
 .text.chThdDequeueNextI
                0x08003680       0x34 C:\Users\error414\AppData\Local\Temp\stm32-chibios.c1tKpx.ltrans0.ltrans.o
 *fill*         0x080036b4        0xc 
 .text.iqPutI   0x080036c0       0x4c C:\Users\error414\AppData\Local\Temp\stm32-chibios.c1tKpx.ltrans0.ltrans.o
 *fill*         0x0800370c        0x4 
 .text.oqGetI   0x08003710       0x48 C:\Users\error414\AppData\Local\Temp\stm32-chibios.c1tKpx.ltrans0.ltrans.o
 *fill*         0x08003758        0x8 
 .text.chMtxLockS
                0x08003760       0xf0 C:\Users\error414\AppData\Local\Temp\stm32-chibios.c1tKpx.ltrans0.ltrans.o
 .text.chMtxLock
                0x08003850       0x40 C:\Users\error414\AppData\Local\Temp\stm32-chibios.c1tKpx.ltrans0.ltrans.o
 .text.spiAcquireBus
                0x08003890       0x18 C:\Users\error414\AppData\Local\Temp\stm32-chibios.c1tKpx.ltrans0.ltrans.o
                0x08003890                spiAcquireBus
 *fill*         0x080038a8        0x8 
 .text.chSchGoSleepTimeoutS
                0x080038b0       0x4c C:\Users\error414\AppData\Local\Temp\stm32-chibios.c1tKpx.ltrans0.ltrans.o
 *fill*         0x080038fc        0x4 
 .text.chThdSuspendTimeoutS
[...]
 .comment       0x0000004d       0x4e C:\Users\error414\AppData\Local\Temp\ccuq5W0Y.debug.temp.o
 .comment       0x0000004d       0x4e C:\Users\error414\AppData\Local\Temp\ccXeba6n.debug.temp.o
 .comment       0x0000004d       0x4e C:\Users\error414\AppData\Local\Temp\ccuzQhhM.debug.temp.o
 .comment       0x0000004d       0x4e C:\Users\error414\AppData\Local\Temp\cc5F15Z9.debug.temp.o
 .comment       0x0000004d       0x4e C:\Users\error414\AppData\Local\Temp\ccqcqaCB.debug.temp.o
 .comment       0x0000004d       0x4e C:\Users\error414\AppData\Local\Temp\ccjA36m3.debug.temp.o
 .comment       0x0000004d       0x4e C:\Users\error414\AppData\Local\Temp\ccCDPUgv.debug.temp.o
 .comment       0x0000004d       0x4e C:\Users\error414\AppData\Local\Temp\cch8ZsiX.debug.temp.o
 .comment       0x0000004d       0x4e C:\Users\error414\AppData\Local\Temp\ccuuhHmo.debug.temp.o
 .comment       0x0000004d       0x4e C:\Users\error414\AppData\Local\Temp\ccrEqkFP.debug.temp.o
 .comment       0x0000004d       0x4e C:\Users\error414\AppData\Local\Temp\ccUCxP6g.debug.temp.o
 .comment       0x0000004d       0x4e C:\Users\error414\AppData\Local\Temp\ccRe1TzH.debug.temp.o
 .comment       0x0000004d       0x4e C:\Users\error414\AppData\Local\Temp\cc4M2cg8.debug.temp.o
 .comment       0x0000004d       0x4e C:\Users\error414\AppData\Local\Temp\cc3Fqw6y.debug.temp.o
 .comment       0x0000004d       0x4e C:\Users\error414\AppData\Local\Temp\ccKFixZY.debug.temp.o
 .comment       0x0000004d       0x4e C:\Users\error414\AppData\Local\Temp\ccN6yi0o.debug.temp.o
 .comment       0x0000004d       0x4e C:\Users\error414\AppData\Local\Temp\cckjwV9O.debug.temp.o
 .comment       0x0000004d       0x4e C:\Users\error414\AppData\Local\Temp\ccpnIqsf.debug.temp.o
 .comment       0x0000004d       0x4e C:\Users\error414\AppData\Local\Temp\ccyNMivJ.debug.temp.o
 .comment       0x0000004d       0x4e C:\Users\error414\AppData\Local\Temp\ccz92ggc.debug.temp.o
 .comment       0x0000004d       0x4e C:\Users\error414\AppData\Local\Temp\ccaqP79E.debug.temp.o
 .comment       0x0000004d       0x4e C:\Users\error414\AppData\Local\Temp\ccFn5hAa.debug.temp.o
 .comment       0x0000004d       0x4e C:\Users\error414\AppData\Local\Temp\ccuTXPdG.debug.temp.o
 .comment       0x0000004d       0x4e C:\Users\error414\AppData\Local\Temp\ccP3aqOa.debug.temp.o
 .comment       0x0000004d       0x4e C:\Users\error414\AppData\Local\Temp\ccUnhUxF.debug.temp.o
 .comment       0x0000004d       0x4e C:\Users\error414\AppData\Local\Temp\ccvwlgqa.debug.temp.o
 .comment       0x0000004d       0x4e C:\Users\error414\AppData\Local\Temp\ccuFdjwI.debug.temp.o
 .comment       0x0000004d       0x4e C:\Users\error414\AppData\Local\Temp\ccJKDAPg.debug.temp.o
 .comment       0x0000004d       0x4e C:\Users\error414\AppData\Local\Temp\ccc5lBgP.debug.temp.o
 .comment       0x0000004d       0x4e C:\Users\error414\AppData\Local\Temp\ccHYZOFm.debug.temp.o
 .comment       0x0000004d       0x4e C:\Users\error414\AppData\Local\Temp\ccQCJ6uT.debug.temp.o
 .comment       0x0000004d       0x4e C:\Users\error414\AppData\Local\Temp\ccvF5ZKq.debug.temp.o
 .comment       0x0000004d       0x4e C:\Users\error414\AppData\Local\Temp\ccQfgE9X.debug.temp.o
 .comment       0x0000004d       0x4e C:\Users\error414\AppData\Local\Temp\ccfykadz.debug.temp.o
 .comment       0x0000004d       0x4e C:\Users\error414\AppData\Local\Temp\ccujiSS9.debug.temp.o
 .comment       0x0000004d       0x4e C:\Users\error414\AppData\Local\Temp\ccBOPNKK.debug.temp.o
 .comment       0x0000004d       0x4e C:\Users\error414\AppData\Local\Temp\ccSInsGk.debug.temp.o
 .comment       0x0000004d       0x4e C:\Users\error414\AppData\Local\Temp\cc10tPTU.debug.temp.o
 .comment       0x0000004d       0x4e C:\Users\error414\AppData\Local\Temp\cc2uWh4t.debug.temp.o
 .comment       0x0000004d       0x4e C:\Users\error414\AppData\Local\Temp\cchSFYr3.debug.temp.o
 .comment       0x0000004d       0x4e C:\Users\error414\AppData\Local\Temp\ccUxyy8C.debug.temp.o
 .comment       0x0000004d       0x4e C:\Users\error414\AppData\Local\Temp\ccFrMQBg.debug.temp.o
 .comment       0x0000004d       0x4e C:\Users\error414\AppData\Local\Temp\ccuFbosU.debug.temp.o
 .comment       0x0000004d       0x4e C:\Users\error414\AppData\Local\Temp\cc32lDlx.debug.temp.o
 .comment       0x0000004d       0x4e C:\Users\error414\AppData\Local\Temp\ccK2LZqa.debug.temp.o
 .comment       0x0000004d       0x4e C:\Users\error414\AppData\Local\Temp\cc1WHeFN.debug.temp.o
 .comment       0x0000004d       0x4e C:\Users\error414\AppData\Local\Temp\cci1gbXp.debug.temp.o
 .comment       0x0000004d       0x4e C:\Users\error414\AppData\Local\Temp\ccHlOts2.debug.temp.o
 .comment       0x0000004d       0x4e C:\Users\error414\AppData\Local\Temp\ccs7Jw5E.debug.temp.o
 .comment       0x0000004d       0x4e C:\Users\error414\AppData\Local\Temp\ccXwU8Kg.debug.temp.o
 .comment       0x0000004d       0x4e C:\Users\error414\AppData\Local\Temp\ccAUP6EW.debug.temp.o
 .comment       0x0000004d       0x4e C:\Users\error414\AppData\Local\Temp\ccNmMANC.debug.temp.o
 .comment       0x0000004d       0x4e C:\Users\error414\AppData\Local\Temp\ccOyvEYh.debug.temp.o
 .comment       0x0000004d       0x4e C:\Users\error414\AppData\Local\Temp\cc1WfrhX.debug.temp.o
 .comment       0x0000004d       0x4e C:\Users\error414\AppData\Local\Temp\ccKP7VMB.debug.temp.o
 .comment       0x0000004d       0x4e C:\Users\error414\AppData\Local\Temp\cc55VpDg.debug.temp.o
 .comment       0x0000004d       0x4e C:\Users\error414\AppData\Local\Temp\ccQ1SKCV.debug.temp.o
 .comment       0x0000004d       0x4e C:\Users\error414\AppData\Local\Temp\ccBtuiAz.debug.temp.o
 .comment       0x0000004d       0x4e C:\Users\error414\AppData\Local\Temp\ccajJQHd.debug.temp.o
 .comment       0x0000004d       0x4e C:\Users\error414\AppData\Local\Temp\cc3GAM2R.debug.temp.o
 .comment       0x0000004d       0x4e C:\Users\error414\AppData\Local\Temp\ccMjes1z.debug.temp.o
 .comment       0x0000004d       0x4e C:\Users\error414\AppData\Local\Temp\cczsFfTg.debug.temp.o
 .comment       0x0000004d       0x4e C:\Users\error414\AppData\Local\Temp\ccQit95X.debug.temp.o
 .comment       0x0000004d       0x4e C:\Users\error414\AppData\Local\Temp\ccRMvClE.debug.temp.o
 .comment       0x0000004d       0x4e C:\Users\error414\AppData\Local\Temp\ccaqSXTk.debug.temp.o
 .comment       0x0000004d       0x4e C:\Users\error414\AppData\Local\Temp\ccZRcbB1.debug.temp.o
 .comment       0x0000004d       0x4e C:\Users\error414\AppData\Local\Temp\cci3AC0L.debug.temp.o
 .comment       0x0000004d       0x4e C:\Users\error414\AppData\Local\Temp\cczns81v.debug.temp.o
 .comment       0x0000004d       0x4e C:\Users\error414\AppData\Local\Temp\cciqJvcg.debug.temp.o
 .comment       0x0000004d       0x4e C:\Users\error414\AppData\Local\Temp\ccNj15uZ.debug.temp.o
 .comment       0x0000004d       0x4e C:\Users\error414\AppData\Local\Temp\ccgCuj4I.debug.temp.o
 .comment       0x0000004d       0x4e C:\Users\error414\AppData\Local\Temp\ccDhNIBr.debug.temp.o
 .comment       0x0000004d       0x4e C:\Users\error414\AppData\Local\Temp\ccMhs8ia.debug.temp.o
 .comment       0x0000004d       0x4e C:\Users\error414\AppData\Local\Temp\cc7DDUdT.debug.temp.o
 .comment       0x0000004d       0x4e C:\Users\error414\AppData\Local\Temp\ccIioqgC.debug.temp.o
 .comment       0x0000004d       0x4e C:\Users\error414\AppData\Local\Temp\ccrLAOXo.debug.temp.o
 .comment       0x0000004d       0x4e C:\Users\error414\AppData\Local\Temp\ccCAbzTb.debug.temp.o
 .comment       0x0000004d       0x4e C:\Users\error414\AppData\Local\Temp\ccvwodYY.debug.temp.o
 .comment       0x0000004d       0x4e C:\Users\error414\AppData\Local\Temp\cc4vOy5K.debug.temp.o
 .comment       0x0000004d       0x4e C:\Users\error414\AppData\Local\Temp\ccNEYCkx.debug.temp.o
 .comment       0x0000004d       0x4e C:\Users\error414\AppData\Local\Temp\cc2B6yIj.debug.temp.o
 .comment       0x0000004d       0x4e C:\Users\error414\AppData\Local\Temp\ccJr9Zk6.debug.temp.o
 .comment       0x0000004d       0x4e C:\Users\error414\AppData\Local\Temp\ccKFrf3R.debug.temp.o
 .comment       0x0000004d       0x4e C:\Users\error414\AppData\Local\Temp\cc3o5RYD.debug.temp.o
 .comment       0x0000004d       0x4e C:\Users\error414\AppData\Local\Temp\ccoHEHSo.debug.temp.o
 .comment       0x0000004d       0x4e C:\Users\error414\AppData\Local\Temp\ccdpTT09.debug.temp.o
 .comment       0x0000004d       0x4e C:\Users\error414\AppData\Local\Temp\ccyV5XhV.debug.temp.o
 .comment       0x0000004d       0x4e C:\Users\error414\AppData\Local\Temp\ccjBAElK.debug.temp.o
 .comment       0x0000004d       0x4e C:\Users\error414\AppData\Local\Temp\ccWKgmzz.debug.temp.o
 .comment       0x0000004d       0x4e C:\Users\error414\AppData\Local\Temp\ccTqgUVo.debug.temp.o
 .comment       0x0000004d       0x4e C:\Users\error414\AppData\Local\Temp\ccUSL8Pd.debug.temp.o
 .comment       0x0000004d       0x4e C:\Users\error414\AppData\Local\Temp\ccHXsbZ1.debug.temp.o
 .comment       0x0000004d       0x4e C:\Users\error414\AppData\Local\Temp\cc2zyWkP.debug.temp.o
 .comment       0x0000004d       0x4e C:\Users\error414\AppData\Local\Temp\ccV3SzPC.debug.temp.o
 .comment       0x0000004d       0x4e C:\Users\error414\AppData\Local\Temp\ccOXmjwq.debug.temp.o
 .comment       0x0000004d       0x4e C:\Users\error414\AppData\Local\Temp\ccft3flh.debug.temp.o
 .comment       0x0000004d       0x4e C:\Users\error414\AppData\Local\Temp\cc6DS3i8.debug.temp.o
 .comment       0x0000004d       0x4e C:\Users\error414\AppData\Local\Temp\ccRVGqCY.debug.temp.o
 .comment       0x0000004d       0x4e C:\Users\error414\AppData\Local\Temp\ccsAd7fO.debug.temp.o
 .comment       0x0000004d       0x4e C:\Users\error414\AppData\Local\Temp\ccjbi26D.debug.temp.o
 .comment       0x0000004d       0x4e C:\Users\error414\AppData\Local\Temp\ccgRRcau.debug.temp.o
 .comment       0x0000004d       0x4e C:\Users\error414\AppData\Local\Temp\ccTGlJWn.debug.temp.o
 .comment       0x0000004d       0x4e C:\Users\error414\AppData\Local\Temp\ccu5DA3g.debug.temp.o
 .comment       0x0000004d       0x4e C:\Users\error414\AppData\Local\Temp\cc5JyRZ9.debug.temp.o
 .comment       0x0000004d       0x4e C:\Users\error414\AppData\Local\Temp\ccsful41.debug.temp.o
 .comment       0x0000004d       0x4e C:\Users\error414\AppData\Local\Temp\ccDUdrpU.debug.temp.o
 .comment       0x0000004d       0x4e C:\Users\error414\AppData\Local\Temp\ccwq7nzQ.debug.temp.o
 .comment       0x0000004d       0x4e C:\Users\error414\AppData\Local\Temp\ccr1gwbM.debug.temp.o
 .comment       0x0000004d       0x4e C:\Users\error414\AppData\Local\Temp\ccw5qUaI.debug.temp.o
 .comment       0x0000004d       0x4e C:\Users\error414\AppData\Local\Temp\ccjQJJuD.debug.temp.o
 .comment       0x0000004d       0x4e C:\Users\error414\AppData\Local\Temp\ccavGv5B.debug.temp.o
 .comment       0x0000004d       0x4e C:\Users\error414\AppData\Local\Temp\cclGW7OA.debug.temp.o
 .comment       0x0000004d       0x4e C:\Users\error414\AppData\Local\Temp\ccKurbDA.debug.temp.o
 .comment       0x0000004d       0x4e C:\Users\error414\AppData\Local\Temp\ccXmxV8z.debug.temp.o
 .comment       0x0000004d       0x4e C:\Users\error414\AppData\Local\Temp\cc07nUnD.debug.temp.o
 .comment       0x0000004d       0x4e C:\Users\error414\AppData\Local\Temp\ccnhmDKG.debug.temp.o
 .comment       0x0000004d       0x4e C:\Users\error414\AppData\Local\Temp\cca8DyeJ.debug.temp.o
 .comment       0x0000004d       0x4e C:\Users\error414\AppData\Local\Temp\cczAHRWL.debug.temp.o
 .comment       0x0000004d       0x4e C:\Users\error414\AppData\Local\Temp\ccuRI2NO.debug.temp.o
 .comment       0x0000004d       0x4e C:\Users\error414\AppData\Local\Temp\cc91aXlT.debug.temp.o
 .comment       0x0000004d       0x4e C:\Users\error414\AppData\Local\Temp\cco78J2X.debug.temp.o
 .comment       0x0000004d       0x4e C:\Users\error414\AppData\Local\Temp\ccjk2zS4.debug.temp.o
 .comment       0x0000004d       0x4e C:\Users\error414\AppData\Local\Temp\ccACiFVb.debug.temp.o
 .comment       0x0000004d       0x4e C:\Users\error414\AppData\Local\Temp\cc59qeVl.debug.temp.o
 .comment       0x0000004d       0x4e C:\Users\error414\AppData\Local\Temp\cclbZe3n.debug.temp.o
 .comment       0x0000004d       0x4e C:\Users\error414\AppData\Local\Temp\ccnpzXdp.debug.temp.o
 .comment       0x0000004d       0x4e C:\Users\error414\AppData\Local\Temp\ccPWg2Cq.debug.temp.o
 .comment       0x0000004d       0x4e C:\Users\error414\AppData\Local\Temp\ccJIU6as.debug.temp.o
 .comment       0x0000004d       0x4e C:\Users\error414\AppData\Local\Temp\ccPcmjVt.debug.temp.o
 .comment       0x0000004d       0x4e C:\Users\error414\AppData\Local\Temp\ccP3CHDu.debug.temp.o
 .comment       0x0000004d       0x4e C:\Users\error414\AppData\Local\Temp\ccfKxAAv.debug.temp.o
 .comment       0x0000004d       0x4e C:\Users\error414\AppData\Local\Temp\ccpQFBiy.debug.temp.o
 .comment       0x0000004d       0x4e C:\Users\error414\AppData\Local\Temp\ccPSlRdB.debug.temp.o
 .comment       0x0000004d       0x4e C:\Users\error414\AppData\Local\Temp\ccNKDlRH.debug.temp.o
 .comment       0x0000004d       0x4e C:\Users\error414\AppData\Local\Temp\cc9eNGDO.debug.temp.o
 .comment       0x0000004d       0x4e C:\Users\error414\AppData\Local\Temp\ccduxqEV.debug.temp.o
 .comment       0x0000004d       0x4e C:\Users\error414\AppData\Local\Temp\ccL0CeM1.debug.temp.o
 .comment       0x0000004d       0x4e C:\Users\error414\AppData\Local\Temp\cctG2vQa.debug.temp.o
 .comment       0x0000004d       0x4e C:\Users\error414\AppData\Local\Temp\ccNjfG3j.debug.temp.o
 .comment       0x0000004d       0x4e C:\Users\error414\AppData\Local\Temp\cc30wxks.debug.temp.o
 .comment       0x0000004d       0x4e C:\Users\error414\AppData\Local\Temp\ccPC5c0z.debug.temp.o
 .comment       0x0000004d       0x4e C:\Users\error414\AppData\Local\Temp\ccb99KOH.debug.temp.o
 .comment       0x0000004d       0x4e C:\Users\error414\AppData\Local\Temp\ccL41FQP.debug.temp.o
 .comment       0x0000004d       0x4e C:\Users\error414\AppData\Local\Temp\ccHril0X.debug.temp.o
 .comment       0x0000004d       0x4e C:\Users\error414\AppData\Local\Temp\ccnsNzc5.debug.temp.o
 .comment       0x0000004d       0x4e C:\Users\error414\AppData\Local\Temp\ccDPCRPf.debug.temp.o
 .comment       0x0000004d       0x4e C:\Users\error414\AppData\Local\Temp\cc9u1SAq.debug.temp.o
 .comment       0x0000004d       0x4e C:\Users\error414\AppData\Local\Temp\ccZcw9yB.debug.temp.o
 .comment       0x0000004d       0x4e C:\Users\error414\AppData\Local\Temp\ccx9OpHM.debug.temp.o
 .comment       0x0000004d       0x4e C:\Users\error414\AppData\Local\Temp\ccL9knSW.debug.temp.o
 .comment       0x0000004d       0x4e C:\Users\error414\AppData\Local\Temp\ccFdcec7.debug.temp.o
 .comment       0x0000004d       0x4e C:\Users\error414\AppData\Local\Temp\ccvBEaIh.debug.temp.o
 .comment       0x0000004d       0x4e C:\Users\error414\AppData\Local\Temp\ccrEAkcr.debug.temp.o
 .comment       0x0000004d       0x4e C:\Users\error414\AppData\Local\Temp\ccTFZZUA.debug.temp.o
 .comment       0x0000004d       0x4e C:\Users\error414\AppData\Local\Temp\cch1ZKPK.debug.temp.o
 .comment       0x0000004d       0x4e C:\Users\error414\AppData\Local\Temp\ccnzbStY.debug.temp.o
 .comment       0x0000004d       0x4e C:\Users\error414\AppData\Local\Temp\cc5Ewqle.debug.temp.o
 .comment       0x0000004d       0x4e C:\Users\error414\AppData\Local\Temp\ccbp2mqu.debug.temp.o
 .comment       0x0000004d       0x4e C:\Users\error414\AppData\Local\Temp\ccRbgiFK.debug.temp.o
 .comment       0x0000004d       0x4e C:\Users\error414\AppData\Local\Temp\cct03kv2.debug.temp.o
 .comment       0x0000004d       0x4e C:\Users\error414\AppData\Local\Temp\cczK3Szk.debug.temp.o
 .comment       0x0000004d       0x4e C:\Users\error414\AppData\Local\Temp\ccvh70GB.debug.temp.o
 .comment       0x0000004d       0x4e C:\Users\error414\AppData\Local\Temp\ccF3sSVS.debug.temp.o
 .comment       0x0000004d       0x4e C:\Users\error414\AppData\Local\Temp\cc9nr7na.debug.temp.o
 .comment       0x0000004d       0x4e C:\Users\error414\AppData\Local\Temp\ccPEUGPq.debug.temp.o

.ARM.attributes
                0x00000000       0x30
 .ARM.attributes
                0x00000000       0x2c C:\Users\error414\AppData\Local\Temp\stm32-chibios.c1tKpx.ltrans0.ltrans.o
 .ARM.attributes
                0x0000002c       0x2c C:\Users\error414\AppData\Local\Temp\stm32-chibios.c1tKpx.ltrans1.ltrans.o
 .ARM.attributes
                0x00000058       0x2c C:\Users\error414\AppData\Local\Temp\stm32-chibios.c1tKpx.ltrans2.ltrans.o
 .ARM.attributes
                0x00000084       0x2c C:\Users\error414\AppData\Local\Temp\stm32-chibios.c1tKpx.ltrans3.ltrans.o
 .ARM.attributes
                0x000000b0       0x25 CMakeFiles/stm32-chibios.dir/C_/Users/error414/Documents/STM32/meteo-F4/ChibiOS/os/common/startup/ARMCMx/compilers/GCC/crt0_v7m.S.obj
 .ARM.attributes
                0x000000d5       0x25 CMakeFiles/stm32-chibios.dir/C_/Users/error414/Documents/STM32/meteo-F4/ChibiOS/os/common/startup/ARMCMx/compilers/GCC/vectors.S.obj
 .ARM.attributes
                0x000000fa       0x25 CMakeFiles/stm32-chibios.dir/C_/Users/error414/Documents/STM32/meteo-F4/ChibiOS/os/common/ports/ARMv7-M/compilers/GCC/chcoreasm.S.obj
 .ARM.attributes
                0x0000011f       0x2e c:/users/error414/documents/stm32-tools/gcc-arm-none-eabi-10-2020-q4-major/bin/../lib/gcc/arm-none-eabi/10.2.1/../../../../arm-none-eabi/lib/thumb/v7e-m/nofp\libg.a(lib_a-ctype_.o)
 .ARM.attributes
                0x0000014d       0x2e c:/users/error414/documents/stm32-tools/gcc-arm-none-eabi-10-2020-q4-major/bin/../lib/gcc/arm-none-eabi/10.2.1/../../../../arm-none-eabi/lib/thumb/v7e-m/nofp\libg.a(lib_a-memcmp.o)
 .ARM.attributes
                0x0000017b       0x1c c:/users/error414/documents/stm32-tools/gcc-arm-none-eabi-10-2020-q4-major/bin/../lib/gcc/arm-none-eabi/10.2.1/../../../../arm-none-eabi/lib/thumb/v7e-m/nofp\libg.a(lib_a-memcpy.o)
 .ARM.attributes
                0x00000197       0x2e c:/users/error414/documents/stm32-tools/gcc-arm-none-eabi-10-2020-q4-major/bin/../lib/gcc/arm-none-eabi/10.2.1/../../../../arm-none-eabi/lib/thumb/v7e-m/nofp\libg.a(lib_a-strcpy.o)
 .ARM.attributes
                0x000001c5       0x1c c:/users/error414/documents/stm32-tools/gcc-arm-none-eabi-10-2020-q4-major/bin/../lib/gcc/arm-none-eabi/10.2.1/../../../../arm-none-eabi/lib/thumb/v7e-m/nofp\libg.a(lib_a-strlen.o)
 .ARM.attributes
                0x000001e1       0x2e c:/users/error414/documents/stm32-tools/gcc-arm-none-eabi-10-2020-q4-major/bin/../lib/gcc/arm-none-eabi/10.2.1/../../../../arm-none-eabi/lib/thumb/v7e-m/nofp\libg.a(lib_a-strncpy.o)

.debug_frame    0x00000000     0x461c
 .debug_frame   0x00000000     0x22a8 C:\Users\error414\AppData\Local\Temp\stm32-chibios.c1tKpx.ltrans0.ltrans.o
 .debug_frame   0x000022a8      0xd08 C:\Users\error414\AppData\Local\Temp\stm32-chibios.c1tKpx.ltrans1.ltrans.o
 .debug_frame   0x00002fb0      0xdfc C:\Users\error414\AppData\Local\Temp\stm32-chibios.c1tKpx.ltrans2.ltrans.o
 .debug_frame   0x00003dac      0x7fc C:\Users\error414\AppData\Local\Temp\stm32-chibios.c1tKpx.ltrans3.ltrans.o
 .debug_frame   0x000045a8       0x28 c:/users/error414/documents/stm32-tools/gcc-arm-none-eabi-10-2020-q4-major/bin/../lib/gcc/arm-none-eabi/10.2.1/../../../../arm-none-eabi/lib/thumb/v7e-m/nofp\libg.a(lib_a-memcmp.o)
 .debug_frame   0x000045d0       0x20 c:/users/error414/documents/stm32-tools/gcc-arm-none-eabi-10-2020-q4-major/bin/../lib/gcc/arm-none-eabi/10.2.1/../../../../arm-none-eabi/lib/thumb/v7e-m/nofp\libg.a(lib_a-strcpy.o)
 .debug_frame   0x000045f0       0x2c c:/users/error414/documents/stm32-tools/gcc-arm-none-eabi-10-2020-q4-major/bin/../lib/gcc/arm-none-eabi/10.2.1/../../../../arm-none-eabi/lib/thumb/v7e-m/nofp\libg.a(lib_a-strncpy.o)
