Archive member included to satisfy reference by file (symbol)

c:/users/error414/documents/stm32-tools/gcc-arm-none-eabi-10-2020-q4-major/bin/../lib/gcc/arm-none-eabi/10.2.1/../../../../arm-none-eabi/lib/thumb/v7e-m/nofp\libg.a(lib_a-ctype_.o)
                              CMakeFiles/stm32-chibios.dir/C_/Users/error414/Documents/STM32/meteo-F4/ChibiOS/os/hal/lib/streams/chscanf.c.obj (symbol from plugin) (_ctype_)
c:/users/error414/documents/stm32-tools/gcc-arm-none-eabi-10-2020-q4-major/bin/../lib/gcc/arm-none-eabi/10.2.1/thumb/v7e-m/nofp\libgcc.a(_arm_muldf3.o)
                              C:\Users\error414\AppData\Local\Temp\stm32-chibios.0UTc6U.ltrans0.ltrans.o (__aeabi_dmul)
c:/users/error414/documents/stm32-tools/gcc-arm-none-eabi-10-2020-q4-major/bin/../lib/gcc/arm-none-eabi/10.2.1/thumb/v7e-m/nofp\libgcc.a(_arm_mulsf3.o)
                              C:\Users\error414\AppData\Local\Temp\stm32-chibios.0UTc6U.ltrans3.ltrans.o (__aeabi_fmul)
c:/users/error414/documents/stm32-tools/gcc-arm-none-eabi-10-2020-q4-major/bin/../lib/gcc/arm-none-eabi/10.2.1/thumb/v7e-m/nofp\libgcc.a(_arm_addsubdf3.o)
                              C:\Users\error414\AppData\Local\Temp\stm32-chibios.0UTc6U.ltrans0.ltrans.o (__aeabi_dsub)
c:/users/error414/documents/stm32-tools/gcc-arm-none-eabi-10-2020-q4-major/bin/../lib/gcc/arm-none-eabi/10.2.1/thumb/v7e-m/nofp\libgcc.a(_arm_fixdfsi.o)
                              C:\Users\error414\AppData\Local\Temp\stm32-chibios.0UTc6U.ltrans0.ltrans.o (__aeabi_d2iz)
c:/users/error414/documents/stm32-tools/gcc-arm-none-eabi-10-2020-q4-major/bin/../lib/gcc/arm-none-eabi/10.2.1/thumb/v7e-m/nofp\libgcc.a(_arm_truncdfsf2.o)
                              C:\Users\error414\AppData\Local\Temp\stm32-chibios.0UTc6U.ltrans0.ltrans.o (__aeabi_d2f)
c:/users/error414/documents/stm32-tools/gcc-arm-none-eabi-10-2020-q4-major/bin/../lib/gcc/arm-none-eabi/10.2.1/thumb/v7e-m/nofp\libgcc.a(_arm_addsubsf3.o)
                              C:\Users\error414\AppData\Local\Temp\stm32-chibios.0UTc6U.ltrans3.ltrans.o (__aeabi_fsub)
c:/users/error414/documents/stm32-tools/gcc-arm-none-eabi-10-2020-q4-major/bin/../lib/gcc/arm-none-eabi/10.2.1/thumb/v7e-m/nofp\libgcc.a(_arm_muldivsf3.o)
                              C:\Users\error414\AppData\Local\Temp\stm32-chibios.0UTc6U.ltrans3.ltrans.o (__aeabi_fdiv)
c:/users/error414/documents/stm32-tools/gcc-arm-none-eabi-10-2020-q4-major/bin/../lib/gcc/arm-none-eabi/10.2.1/thumb/v7e-m/nofp\libgcc.a(_arm_cmpsf2.o)
                              C:\Users\error414\AppData\Local\Temp\stm32-chibios.0UTc6U.ltrans0.ltrans.o (__aeabi_fcmplt)
c:/users/error414/documents/stm32-tools/gcc-arm-none-eabi-10-2020-q4-major/bin/../lib/gcc/arm-none-eabi/10.2.1/thumb/v7e-m/nofp\libgcc.a(_arm_fixunssfsi.o)
                              C:\Users\error414\AppData\Local\Temp\stm32-chibios.0UTc6U.ltrans3.ltrans.o (__aeabi_f2uiz)
c:/users/error414/documents/stm32-tools/gcc-arm-none-eabi-10-2020-q4-major/bin/../lib/gcc/arm-none-eabi/10.2.1/thumb/v7e-m/nofp\libgcc.a(_aeabi_ldivmod.o)
                              C:\Users\error414\AppData\Local\Temp\stm32-chibios.0UTc6U.ltrans3.ltrans.o (__aeabi_ldivmod)
c:/users/error414/documents/stm32-tools/gcc-arm-none-eabi-10-2020-q4-major/bin/../lib/gcc/arm-none-eabi/10.2.1/thumb/v7e-m/nofp\libgcc.a(_udivmoddi4.o)
                              c:/users/error414/documents/stm32-tools/gcc-arm-none-eabi-10-2020-q4-major/bin/../lib/gcc/arm-none-eabi/10.2.1/thumb/v7e-m/nofp\libgcc.a(_aeabi_ldivmod.o) (__udivmoddi4)
c:/users/error414/documents/stm32-tools/gcc-arm-none-eabi-10-2020-q4-major/bin/../lib/gcc/arm-none-eabi/10.2.1/thumb/v7e-m/nofp\libgcc.a(_dvmd_tls.o)
                              c:/users/error414/documents/stm32-tools/gcc-arm-none-eabi-10-2020-q4-major/bin/../lib/gcc/arm-none-eabi/10.2.1/thumb/v7e-m/nofp\libgcc.a(_aeabi_ldivmod.o) (__aeabi_ldiv0)
c:/users/error414/documents/stm32-tools/gcc-arm-none-eabi-10-2020-q4-major/bin/../lib/gcc/arm-none-eabi/10.2.1/../../../../arm-none-eabi/lib/thumb/v7e-m/nofp\libg.a(lib_a-memcmp.o)
                              C:\Users\error414\AppData\Local\Temp\stm32-chibios.0UTc6U.ltrans0.ltrans.o (memcmp)
c:/users/error414/documents/stm32-tools/gcc-arm-none-eabi-10-2020-q4-major/bin/../lib/gcc/arm-none-eabi/10.2.1/../../../../arm-none-eabi/lib/thumb/v7e-m/nofp\libg.a(lib_a-memcpy.o)
                              C:\Users\error414\AppData\Local\Temp\stm32-chibios.0UTc6U.ltrans0.ltrans.o (memcpy)
c:/users/error414/documents/stm32-tools/gcc-arm-none-eabi-10-2020-q4-major/bin/../lib/gcc/arm-none-eabi/10.2.1/../../../../arm-none-eabi/lib/thumb/v7e-m/nofp\libg.a(lib_a-strchr.o)
                              C:\Users\error414\AppData\Local\Temp\stm32-chibios.0UTc6U.ltrans3.ltrans.o (strchr)
c:/users/error414/documents/stm32-tools/gcc-arm-none-eabi-10-2020-q4-major/bin/../lib/gcc/arm-none-eabi/10.2.1/../../../../arm-none-eabi/lib/thumb/v7e-m/nofp\libg.a(lib_a-strcmp.o)
[...]
Memory Configuration

Name             Origin             Length             Attributes
flash0           0x08000000         0x00080000         xr
flash1           0x00000000         0x00000000         xr
flash2           0x00000000         0x00000000         xr
flash3           0x00000000         0x00000000         xr
flash4           0x00000000         0x00000000         xr
flash5           0x00000000         0x00000000         xr
flash6           0x00000000         0x00000000         xr
flash7           0x00000000         0x00000000         xr
ram0             0x20000000         0x00018000         xw
ram1             0x00000000         0x00000000         xw
ram2             0x00000000         0x00000000         xw
ram3             0x00000000         0x00000000         xw
ram4             0x00000000         0x00000000         xw
ram5             0x00000000         0x00000000         xw
ram6             0x00000000         0x00000000         xw
ram7             0x00000000         0x00000000         xw
*default*        0x00000000         0xffffffff

Linker script and memory map

                0x00000190                __process_stack_size__ = 0x190
                0x00000190                __main_stack_size__ = 0x190
LOAD CMakeFiles/stm32-chibios.dir/C_/Users/error414/Documents/STM32/meteo-F4/ChibiOS/os/common/startup/ARMCMx/compilers/GCC/crt1.c.obj
LOAD C:\Users\error414\AppData\Local\Temp\stm32-chibios.0UTc6U.ltrans0.ltrans.o
LOAD C:\Users\error414\AppData\Local\Temp\stm32-chibios.0UTc6U.ltrans1.ltrans.o
LOAD C:\Users\error414\AppData\Local\Temp\stm32-chibios.0UTc6U.ltrans2.ltrans.o
LOAD C:\Users\error414\AppData\Local\Temp\stm32-chibios.0UTc6U.ltrans3.ltrans.o
LOAD C:\Users\error414\AppData\Local\Temp\ccLignFf.debug.temp.o
LOAD C:\Users\error414\AppData\Local\Temp\ccOfRvXS.debug.temp.o
LOAD C:\Users\error414\AppData\Local\Temp\ccfbBgnw.debug.temp.o
LOAD C:\Users\error414\AppData\Local\Temp\cc2bs0V9.debug.temp.o
LOAD C:\Users\error414\AppData\Local\Temp\ccLgwDEN.debug.temp.o
LOAD C:\Users\error414\AppData\Local\Temp\ccORLUpq.debug.temp.o
LOAD C:\Users\error414\AppData\Local\Temp\ccbvRak3.debug.temp.o
LOAD C:\Users\error414\AppData\Local\Temp\cc2LHsqG.debug.temp.o
LOAD C:\Users\error414\AppData\Local\Temp\ccrqjLFj.debug.temp.o
LOAD C:\Users\error414\AppData\Local\Temp\cceNxhUV.debug.temp.o
LOAD C:\Users\error414\AppData\Local\Temp\ccVcrBGx.debug.temp.o
LOAD C:\Users\error414\AppData\Local\Temp\ccc1jFB9.debug.temp.o
LOAD C:\Users\error414\AppData\Local\Temp\cc1cUTnP.debug.temp.o
LOAD C:\Users\error414\AppData\Local\Temp\ccYg8rov.debug.temp.o
LOAD C:\Users\error414\AppData\Local\Temp\cc7io5fa.debug.temp.o
LOAD C:\Users\error414\AppData\Local\Temp\ccuoyEoO.debug.temp.o
LOAD C:\Users\error414\AppData\Local\Temp\ccHOJFKs.debug.temp.o
LOAD C:\Users\error414\AppData\Local\Temp\ccSbAQOa.debug.temp.o
LOAD C:\Users\error414\AppData\Local\Temp\cc5L8yqS.debug.temp.o
LOAD C:\Users\error414\AppData\Local\Temp\ccqgwWez.debug.temp.o
LOAD C:\Users\error414\AppData\Local\Temp\ccj8Ekcg.debug.temp.o
LOAD C:\Users\error414\AppData\Local\Temp\ccwUHRlX.debug.temp.o
LOAD C:\Users\error414\AppData\Local\Temp\cc7Y1lMD.debug.temp.o
LOAD C:\Users\error414\AppData\Local\Temp\ccygrstk.debug.temp.o
LOAD C:\Users\error414\AppData\Local\Temp\ccTwTxP4.debug.temp.o
LOAD C:\Users\error414\AppData\Local\Temp\ccShTnkP.debug.temp.o
LOAD C:\Users\error414\AppData\Local\Temp\cc78V57z.debug.temp.o
LOAD C:\Users\error414\AppData\Local\Temp\ccgTk8Tj.debug.temp.o
LOAD C:\Users\error414\AppData\Local\Temp\ccNBSMN3.debug.temp.o
LOAD C:\Users\error414\AppData\Local\Temp\cc8BaTUN.debug.temp.o
LOAD C:\Users\error414\AppData\Local\Temp\cc38DPby.debug.temp.o
LOAD C:\Users\error414\AppData\Local\Temp\ccoJIJyh.debug.temp.o
LOAD C:\Users\error414\AppData\Local\Temp\ccfcnAd1.debug.temp.o
LOAD C:\Users\error414\AppData\Local\Temp\cckKqk0N.debug.temp.o
LOAD C:\Users\error414\AppData\Local\Temp\ccNM7LDA.debug.temp.o
LOAD C:\Users\error414\AppData\Local\Temp\cceWQyIl.debug.temp.o
LOAD C:\Users\error414\AppData\Local\Temp\ccvOb636.debug.temp.o
LOAD C:\Users\error414\AppData\Local\Temp\ccMiSu4V.debug.temp.o
LOAD C:\Users\error414\AppData\Local\Temp\cc383RQK.debug.temp.o
LOAD C:\Users\error414\AppData\Local\Temp\ccWszgMz.debug.temp.o
LOAD C:\Users\error414\AppData\Local\Temp\ccDEBUao.debug.temp.o
LOAD C:\Users\error414\AppData\Local\Temp\ccq1TaCb.debug.temp.o
LOAD C:\Users\error414\AppData\Local\Temp\ccBml3aZ.debug.temp.o
LOAD C:\Users\error414\AppData\Local\Temp\ccqK9lXM.debug.temp.o
LOAD C:\Users\error414\AppData\Local\Temp\ccxNswpE.debug.temp.o
LOAD C:\Users\error414\AppData\Local\Temp\ccqzIZ4v.debug.temp.o
LOAD C:\Users\error414\AppData\Local\Temp\ccpQszLm.debug.temp.o
LOAD C:\Users\error414\AppData\Local\Temp\ccaMpbqc.debug.temp.o
LOAD C:\Users\error414\AppData\Local\Temp\ccB9hZg2.debug.temp.o
LOAD C:\Users\error414\AppData\Local\Temp\ccWfDpeW.debug.temp.o
LOAD C:\Users\error414\AppData\Local\Temp\cc1persQ.debug.temp.o
LOAD C:\Users\error414\AppData\Local\Temp\ccsRSGXJ.debug.temp.o
LOAD C:\Users\error414\AppData\Local\Temp\ccXO6QyC.debug.temp.o
LOAD C:\Users\error414\AppData\Local\Temp\ccW1uKiv.debug.temp.o
LOAD C:\Users\error414\AppData\Local\Temp\ccblGfho.debug.temp.o
LOAD C:\Users\error414\AppData\Local\Temp\ccoBIOdg.debug.temp.o
LOAD C:\Users\error414\AppData\Local\Temp\ccXWRmj8.debug.temp.o
LOAD C:\Users\error414\AppData\Local\Temp\cc2McZp4.debug.temp.o
LOAD C:\Users\error414\AppData\Local\Temp\ccrDkjF0.debug.temp.o
LOAD C:\Users\error414\AppData\Local\Temp\ccQDDUnW.debug.temp.o
LOAD C:\Users\error414\AppData\Local\Temp\ccDgeKyR.debug.temp.o
LOAD C:\Users\error414\AppData\Local\Temp\ccgOcsTM.debug.temp.o
LOAD C:\Users\error414\AppData\Local\Temp\ccHxa7sH.debug.temp.o
LOAD C:\Users\error414\AppData\Local\Temp\cc2pWERF.debug.temp.o
LOAD C:\Users\error414\AppData\Local\Temp\ccFJRSDD.debug.temp.o
LOAD C:\Users\error414\AppData\Local\Temp\ccUGxF6A.debug.temp.o
LOAD C:\Users\error414\AppData\Local\Temp\cc7guKNy.debug.temp.o
LOAD C:\Users\error414\AppData\Local\Temp\ccaEe9sv.debug.temp.o
LOAD C:\Users\error414\AppData\Local\Temp\ccXe02ys.debug.temp.o
LOAD C:\Users\error414\AppData\Local\Temp\ccCPpgxt.debug.temp.o
LOAD C:\Users\error414\AppData\Local\Temp\ccL3zvHu.debug.temp.o
LOAD C:\Users\error414\AppData\Local\Temp\ccWmc6Pu.debug.temp.o
LOAD C:\Users\error414\AppData\Local\Temp\cc3Lk7cv.debug.temp.o
LOAD C:\Users\error414\AppData\Local\Temp\ccguJG7u.debug.temp.o
LOAD C:\Users\error414\AppData\Local\Temp\cc78Jbhu.debug.temp.o
LOAD C:\Users\error414\AppData\Local\Temp\ccG6q1Nt.debug.temp.o
LOAD C:\Users\error414\AppData\Local\Temp\ccnom83w.debug.temp.o
LOAD C:\Users\error414\AppData\Local\Temp\cckskQrA.debug.temp.o
LOAD C:\Users\error414\AppData\Local\Temp\ccd0802D.debug.temp.o
LOAD C:\Users\error414\AppData\Local\Temp\cc8a1ZTG.debug.temp.o
LOAD C:\Users\error414\AppData\Local\Temp\ccjMwCNI.debug.temp.o
LOAD C:\Users\error414\AppData\Local\Temp\cc2KNfQK.debug.temp.o
LOAD C:\Users\error414\AppData\Local\Temp\cclggJ2M.debug.temp.o
LOAD C:\Users\error414\AppData\Local\Temp\cca6cdoP.debug.temp.o
LOAD C:\Users\error414\AppData\Local\Temp\ccJpTCGQ.debug.temp.o
LOAD C:\Users\error414\AppData\Local\Temp\cc2oZ47R.debug.temp.o
LOAD C:\Users\error414\AppData\Local\Temp\cchY4ONT.debug.temp.o
LOAD C:\Users\error414\AppData\Local\Temp\cckrgSlZ.debug.temp.o
LOAD C:\Users\error414\AppData\Local\Temp\ccxxFv14.debug.temp.o
LOAD C:\Users\error414\AppData\Local\Temp\ccIacCUa.debug.temp.o
LOAD C:\Users\error414\AppData\Local\Temp\cc3aqUMf.debug.temp.o
LOAD C:\Users\error414\AppData\Local\Temp\ccQpAcOk.debug.temp.o
LOAD C:\Users\error414\AppData\Local\Temp\ccRnw5Wp.debug.temp.o
LOAD C:\Users\error414\AppData\Local\Temp\ccKdeijv.debug.temp.o
LOAD C:\Users\error414\AppData\Local\Temp\ccxAgkJz.debug.temp.o
LOAD C:\Users\error414\AppData\Local\Temp\cc2t4luE.debug.temp.o
LOAD C:\Users\error414\AppData\Local\Temp\ccHmhAwI.debug.temp.o
LOAD C:\Users\error414\AppData\Local\Temp\ccEizYhQ.debug.temp.o
LOAD C:\Users\error414\AppData\Local\Temp\cc7qpxfY.debug.temp.o
LOAD C:\Users\error414\AppData\Local\Temp\cc8W06l6.debug.temp.o
LOAD C:\Users\error414\AppData\Local\Temp\ccTebyCe.debug.temp.o
LOAD C:\Users\error414\AppData\Local\Temp\cc8f9Ggm.debug.temp.o
LOAD C:\Users\error414\AppData\Local\Temp\ccb1D9Ss.debug.temp.o
LOAD C:\Users\error414\AppData\Local\Temp\cc0AYtFz.debug.temp.o
LOAD C:\Users\error414\AppData\Local\Temp\ccDs3fFG.debug.temp.o
LOAD C:\Users\error414\AppData\Local\Temp\ccsw1yGM.debug.temp.o
LOAD C:\Users\error414\AppData\Local\Temp\ccjH8cVS.debug.temp.o
LOAD C:\Users\error414\AppData\Local\Temp\ccGOF5nZ.debug.temp.o
LOAD C:\Users\error414\AppData\Local\Temp\cchNAiz9.debug.temp.o
LOAD C:\Users\error414\AppData\Local\Temp\ccgSQdTj.debug.temp.o
LOAD C:\Users\error414\AppData\Local\Temp\ccLhB9lu.debug.temp.o
LOAD C:\Users\error414\AppData\Local\Temp\cc0YiTSD.debug.temp.o
LOAD C:\Users\error414\AppData\Local\Temp\ccxDwkyN.debug.temp.o
LOAD C:\Users\error414\AppData\Local\Temp\ccxmJrmP.debug.temp.o
LOAD C:\Users\error414\AppData\Local\Temp\cch9barR.debug.temp.o
LOAD C:\Users\error414\AppData\Local\Temp\ccj56OMS.debug.temp.o
LOAD C:\Users\error414\AppData\Local\Temp\ccVr4uhU.debug.temp.o
LOAD C:\Users\error414\AppData\Local\Temp\ccVOtkYV.debug.temp.o
LOAD C:\Users\error414\AppData\Local\Temp\ccP2bdDW.debug.temp.o
LOAD C:\Users\error414\AppData\Local\Temp\cc7y3YAX.debug.temp.o
LOAD C:\Users\error414\AppData\Local\Temp\ccRjRKHY.debug.temp.o
LOAD C:\Users\error414\AppData\Local\Temp\ccnTULhZ.debug.temp.o
LOAD C:\Users\error414\AppData\Local\Temp\ccB3ZHI3.debug.temp.o
LOAD C:\Users\error414\AppData\Local\Temp\ccdmtDi8.debug.temp.o
LOAD C:\Users\error414\AppData\Local\Temp\cc37bLRb.debug.temp.o
LOAD C:\Users\error414\AppData\Local\Temp\ccrhGTzf.debug.temp.o
LOAD C:\Users\error414\AppData\Local\Temp\ccTuX4Cj.debug.temp.o
LOAD C:\Users\error414\AppData\Local\Temp\cczbusFm.debug.temp.o
LOAD C:\Users\error414\AppData\Local\Temp\ccbQkaVp.debug.temp.o
LOAD C:\Users\error414\AppData\Local\Temp\ccT31Mgs.debug.temp.o
LOAD C:\Users\error414\AppData\Local\Temp\cc7LYjVu.debug.temp.o
LOAD C:\Users\error414\AppData\Local\Temp\ccduzasB.debug.temp.o
LOAD C:\Users\error414\AppData\Local\Temp\cch772jI.debug.temp.o
LOAD C:\Users\error414\AppData\Local\Temp\ccTdBLlP.debug.temp.o
LOAD C:\Users\error414\AppData\Local\Temp\ccHETQlV.debug.temp.o
LOAD C:\Users\error414\AppData\Local\Temp\ccBCRvt1.debug.temp.o
LOAD C:\Users\error414\AppData\Local\Temp\cct7WDO7.debug.temp.o
LOAD C:\Users\error414\AppData\Local\Temp\ccVO35Kc.debug.temp.o
LOAD C:\Users\error414\AppData\Local\Temp\ccXsZXUh.debug.temp.o
LOAD C:\Users\error414\AppData\Local\Temp\ccLJCqIq.debug.temp.o
LOAD C:\Users\error414\AppData\Local\Temp\cclJccJz.debug.temp.o
LOAD C:\Users\error414\AppData\Local\Temp\cczTluYI.debug.temp.o
LOAD C:\Users\error414\AppData\Local\Temp\ccnWzVbR.debug.temp.o
LOAD C:\Users\error414\AppData\Local\Temp\ccTlIjLY.debug.temp.o
LOAD C:\Users\error414\AppData\Local\Temp\ccXCRuO8.debug.temp.o
LOAD C:\Users\error414\AppData\Local\Temp\ccJwpY4i.debug.temp.o
LOAD C:\Users\error414\AppData\Local\Temp\ccH6r2st.debug.temp.o
LOAD C:\Users\error414\AppData\Local\Temp\ccf7w7ZD.debug.temp.o
LOAD C:\Users\error414\AppData\Local\Temp\ccfszPAN.debug.temp.o
LOAD C:\Users\error414\AppData\Local\Temp\ccVmtzkX.debug.temp.o
LOAD C:\Users\error414\AppData\Local\Temp\ccP08Tb7.debug.temp.o
LOAD C:\Users\error414\AppData\Local\Temp\cctg63in.debug.temp.o
LOAD C:\Users\error414\AppData\Local\Temp\cczIWWyD.debug.temp.o
LOAD C:\Users\error414\AppData\Local\Temp\cc7oJPXT.debug.temp.o
LOAD C:\Users\error414\AppData\Local\Temp\cczQVco9.debug.temp.o
LOAD C:\Users\error414\AppData\Local\Temp\ccxAzjXo.debug.temp.o
LOAD C:\Users\error414\AppData\Local\Temp\cchb6yGE.debug.temp.o
LOAD C:\Users\error414\AppData\Local\Temp\ccxOrgRW.debug.temp.o
LOAD C:\Users\error414\AppData\Local\Temp\ccdPMEtf.debug.temp.o
LOAD C:\Users\error414\AppData\Local\Temp\ccVsBeFw.debug.temp.o
LOAD C:\Users\error414\AppData\Local\Temp\cc7lAxZN.debug.temp.o
LOAD C:\Users\error414\AppData\Local\Temp\ccHz9kF4.debug.temp.o
LOAD C:\Users\error414\AppData\Local\Temp\ccDy3jmp.debug.temp.o
LOAD C:\Users\error414\AppData\Local\Temp\ccXzYfoK.debug.temp.o
LOAD C:\Users\error414\AppData\Local\Temp\ccFr0OL4.debug.temp.o
LOAD C:\Users\error414\AppData\Local\Temp\ccfBPBso.debug.temp.o
LOAD C:\Users\error414\AppData\Local\Temp\ccVz1HnI.debug.temp.o
LOAD C:\Users\error414\AppData\Local\Temp\ccvrz8g1.debug.temp.o
LOAD C:\Users\error414\AppData\Local\Temp\ccNNjLmk.debug.temp.o
LOAD C:\Users\error414\AppData\Local\Temp\ccdEtWEG.debug.temp.o
LOAD C:\Users\error414\AppData\Local\Temp\ccbyWqk3.debug.temp.o
LOAD C:\Users\error414\AppData\Local\Temp\ccFKQE8p.debug.temp.o
LOAD C:\Users\error414\AppData\Local\Temp\cchN7zfL.debug.temp.o
LOAD C:\Users\error414\AppData\Local\Temp\ccn5yev6.debug.temp.o
LOAD C:\Users\error414\AppData\Local\Temp\ccVtKMSr.debug.temp.o
LOAD C:\Users\error414\AppData\Local\Temp\ccNSI2oN.debug.temp.o
LOAD C:\Users\error414\AppData\Local\Temp\ccVX4N9c.debug.temp.o
LOAD C:\Users\error414\AppData\Local\Temp\ccnfawbC.debug.temp.o
LOAD C:\Users\error414\AppData\Local\Temp\ccFHDQe0.debug.temp.o
LOAD C:\Users\error414\AppData\Local\Temp\ccDHVVqo.debug.temp.o
LOAD C:\Users\error414\AppData\Local\Temp\cc94Y1LM.debug.temp.o
LOAD C:\Users\error414\AppData\Local\Temp\ccJKEzlb.debug.temp.o
LOAD C:\Users\error414\AppData\Local\Temp\ccP8MK9y.debug.temp.o
LOAD C:\Users\error414\AppData\Local\Temp\ccvXXW6W.debug.temp.o
LOAD C:\Users\error414\AppData\Local\Temp\cc1Oo1So.debug.temp.o
LOAD C:\Users\error414\AppData\Local\Temp\ccpWbIVQ.debug.temp.o
LOAD C:\Users\error414\AppData\Local\Temp\cc9e701h.debug.temp.o
LOAD C:\Users\error414\AppData\Local\Temp\ccFgZClJ.debug.temp.o
LOAD C:\Users\error414\AppData\Local\Temp\ccVXghOa.debug.temp.o
LOAD C:\Users\error414\AppData\Local\Temp\ccx8nhrB.debug.temp.o
LOAD C:\Users\error414\AppData\Local\Temp\cc9uzIi2.debug.temp.o
LOAD C:\Users\error414\AppData\Local\Temp\ccJOBd8r.debug.temp.o
LOAD C:\Users\error414\AppData\Local\Temp\cc18m39R.debug.temp.o
LOAD C:\Users\error414\AppData\Local\Temp\ccpUQ34l.debug.temp.o
LOAD C:\Users\error414\AppData\Local\Temp\ccpxuEgQ.debug.temp.o
LOAD C:\Users\error414\AppData\Local\Temp\ccnHfIFk.debug.temp.o
LOAD C:\Users\error414\AppData\Local\Temp\ccNHux8N.debug.temp.o
LOAD C:\Users\error414\AppData\Local\Temp\ccN6I6Jh.debug.temp.o
LOAD C:\Users\error414\AppData\Local\Temp\cc77zsKK.debug.temp.o
LOAD C:\Users\error414\AppData\Local\Temp\cchusgYd.debug.temp.o
LOAD C:\Users\error414\AppData\Local\Temp\cc9gNZ8F.debug.temp.o
LOAD C:\Users\error414\AppData\Local\Temp\cc7MBtB8.debug.temp.o
LOAD C:\Users\error414\AppData\Local\Temp\ccN3K5dB.debug.temp.o
LOAD C:\Users\error414\AppData\Local\Temp\ccDF6rv7.debug.temp.o
LOAD C:\Users\error414\AppData\Local\Temp\cc7N2PVD.debug.temp.o
LOAD C:\Users\error414\AppData\Local\Temp\ccDn6Mta.debug.temp.o
LOAD C:\Users\error414\AppData\Local\Temp\cc1WZX9F.debug.temp.o
LOAD C:\Users\error414\AppData\Local\Temp\cc9FM2Yb.debug.temp.o
LOAD C:\Users\error414\AppData\Local\Temp\ccJ9hw1H.debug.temp.o
LOAD C:\Users\error414\AppData\Local\Temp\ccB8GOyc.debug.temp.o
LOAD C:\Users\error414\AppData\Local\Temp\ccLMcotH.debug.temp.o
LOAD C:\Users\error414\AppData\Local\Temp\ccjx3Fwc.debug.temp.o
LOAD C:\Users\error414\AppData\Local\Temp\ccVFLvMK.debug.temp.o
LOAD C:\Users\error414\AppData\Local\Temp\ccdgpxej.debug.temp.o
LOAD C:\Users\error414\AppData\Local\Temp\ccLMclJQ.debug.temp.o
LOAD C:\Users\error414\AppData\Local\Temp\ccxQZBso.debug.temp.o
LOAD C:\Users\error414\AppData\Local\Temp\ccdLDvzV.debug.temp.o
LOAD C:\Users\error414\AppData\Local\Temp\ccvP4SLw.debug.temp.o
LOAD C:\Users\error414\AppData\Local\Temp\ccfidah8.debug.temp.o
LOAD C:\Users\error414\AppData\Local\Temp\ccrrS89I.debug.temp.o
LOAD C:\Users\error414\AppData\Local\Temp\ccZLFJ6i.debug.temp.o
LOAD CMakeFiles/stm32-chibios.dir/C_/Users/error414/Documents/STM32/meteo-F4/ChibiOS/os/hal/src/hal.c.obj
LOAD CMakeFiles/stm32-chibios.dir/C_/Users/error414/Documents/STM32/meteo-F4/ChibiOS/os/hal/src/hal_st.c.obj
LOAD CMakeFiles/stm32-chibios.dir/C_/Users/error414/Documents/STM32/meteo-F4/ChibiOS/os/hal/src/hal_buffers.c.obj
LOAD CMakeFiles/stm32-chibios.dir/C_/Users/error414/Documents/STM32/meteo-F4/ChibiOS/os/hal/src/hal_queues.c.obj
LOAD CMakeFiles/stm32-chibios.dir/C_/Users/error414/Documents/STM32/meteo-F4/ChibiOS/os/hal/src/hal_flash.c.obj
LOAD CMakeFiles/stm32-chibios.dir/C_/Users/error414/Documents/STM32/meteo-F4/ChibiOS/os/hal/src/hal_mmcsd.c.obj
LOAD CMakeFiles/stm32-chibios.dir/C_/Users/error414/Documents/STM32/meteo-F4/ChibiOS/os/hal/src/hal_i2c.c.obj
LOAD CMakeFiles/stm32-chibios.dir/C_/Users/error414/Documents/STM32/meteo-F4/ChibiOS/os/hal/src/hal_pal.c.obj
LOAD CMakeFiles/stm32-chibios.dir/C_/Users/error414/Documents/STM32/meteo-F4/ChibiOS/os/hal/src/hal_pwm.c.obj
LOAD CMakeFiles/stm32-chibios.dir/C_/Users/error414/Documents/STM32/meteo-F4/ChibiOS/os/hal/src/hal_serial.c.obj
LOAD CMakeFiles/stm32-chibios.dir/C_/Users/error414/Documents/STM32/meteo-F4/ChibiOS/os/hal/src/hal_spi.c.obj
LOAD CMakeFiles/stm32-chibios.dir/C_/Users/error414/Documents/STM32/meteo-F4/ChibiOS/os/hal/ports/common/ARMCMx/nvic.c.obj
LOAD CMakeFiles/stm32-chibios.dir/C_/Users/error414/Documents/STM32/meteo-F4/ChibiOS/os/hal/ports/STM32/STM32F4xx/stm32_isr.c.obj
LOAD CMakeFiles/stm32-chibios.dir/C_/Users/error414/Documents/STM32/meteo-F4/ChibiOS/os/hal/ports/STM32/STM32F4xx/hal_lld.c.obj
LOAD CMakeFiles/stm32-chibios.dir/C_/Users/error414/Documents/STM32/meteo-F4/ChibiOS/os/hal/ports/STM32/STM32F4xx/hal_efl_lld.c.obj
LOAD CMakeFiles/stm32-chibios.dir/C_/Users/error414/Documents/STM32/meteo-F4/ChibiOS/os/hal/ports/STM32/LLD/DMAv2/stm32_dma.c.obj
LOAD CMakeFiles/stm32-chibios.dir/C_/Users/error414/Documents/STM32/meteo-F4/ChibiOS/os/hal/ports/STM32/LLD/EXTIv1/stm32_exti.c.obj
LOAD CMakeFiles/stm32-chibios.dir/C_/Users/error414/Documents/STM32/meteo-F4/ChibiOS/os/hal/ports/STM32/LLD/GPIOv2/hal_pal_lld.c.obj
LOAD CMakeFiles/stm32-chibios.dir/C_/Users/error414/Documents/STM32/meteo-F4/ChibiOS/os/hal/ports/STM32/LLD/I2Cv1/hal_i2c_lld.c.obj
LOAD CMakeFiles/stm32-chibios.dir/C_/Users/error414/Documents/STM32/meteo-F4/ChibiOS/os/hal/ports/STM32/LLD/SPIv1/hal_spi_lld.c.obj
LOAD CMakeFiles/stm32-chibios.dir/C_/Users/error414/Documents/STM32/meteo-F4/ChibiOS/os/hal/ports/STM32/LLD/TIMv1/hal_st_lld.c.obj
LOAD CMakeFiles/stm32-chibios.dir/C_/Users/error414/Documents/STM32/meteo-F4/ChibiOS/os/hal/ports/STM32/LLD/TIMv1/hal_pwm_lld.c.obj
LOAD CMakeFiles/stm32-chibios.dir/C_/Users/error414/Documents/STM32/meteo-F4/ChibiOS/os/hal/ports/STM32/LLD/USARTv1/hal_serial_lld.c.obj
LOAD CMakeFiles/stm32-chibios.dir/C_/Users/error414/Documents/STM32/meteo-F4/ChibiOS/os/hal/osal/rt-nil/osal.c.obj
LOAD CMakeFiles/stm32-chibios.dir/C_/Users/error414/Documents/STM32/meteo-F4/ChibiOS/os/rt/src/chsys.c.obj
LOAD CMakeFiles/stm32-chibios.dir/C_/Users/error414/Documents/STM32/meteo-F4/ChibiOS/os/rt/src/chdebug.c.obj
LOAD CMakeFiles/stm32-chibios.dir/C_/Users/error414/Documents/STM32/meteo-F4/ChibiOS/os/rt/src/chtrace.c.obj
LOAD CMakeFiles/stm32-chibios.dir/C_/Users/error414/Documents/STM32/meteo-F4/ChibiOS/os/rt/src/chvt.c.obj
LOAD CMakeFiles/stm32-chibios.dir/C_/Users/error414/Documents/STM32/meteo-F4/ChibiOS/os/rt/src/chschd.c.obj
LOAD CMakeFiles/stm32-chibios.dir/C_/Users/error414/Documents/STM32/meteo-F4/ChibiOS/os/rt/src/chinstances.c.obj
LOAD CMakeFiles/stm32-chibios.dir/C_/Users/error414/Documents/STM32/meteo-F4/ChibiOS/os/rt/src/chthreads.c.obj
LOAD CMakeFiles/stm32-chibios.dir/C_/Users/error414/Documents/STM32/meteo-F4/ChibiOS/os/rt/src/chtm.c.obj
LOAD CMakeFiles/stm32-chibios.dir/C_/Users/error414/Documents/STM32/meteo-F4/ChibiOS/os/rt/src/chregistry.c.obj
LOAD CMakeFiles/stm32-chibios.dir/C_/Users/error414/Documents/STM32/meteo-F4/ChibiOS/os/rt/src/chsem.c.obj
LOAD CMakeFiles/stm32-chibios.dir/C_/Users/error414/Documents/STM32/meteo-F4/ChibiOS/os/rt/src/chmtx.c.obj
LOAD CMakeFiles/stm32-chibios.dir/C_/Users/error414/Documents/STM32/meteo-F4/ChibiOS/os/rt/src/chcond.c.obj
LOAD CMakeFiles/stm32-chibios.dir/C_/Users/error414/Documents/STM32/meteo-F4/ChibiOS/os/rt/src/chevents.c.obj
LOAD CMakeFiles/stm32-chibios.dir/C_/Users/error414/Documents/STM32/meteo-F4/ChibiOS/os/rt/src/chmsg.c.obj
LOAD CMakeFiles/stm32-chibios.dir/C_/Users/error414/Documents/STM32/meteo-F4/ChibiOS/os/rt/src/chdynamic.c.obj
LOAD CMakeFiles/stm32-chibios.dir/C_/Users/error414/Documents/STM32/meteo-F4/ChibiOS/os/oslib/src/chmboxes.c.obj
LOAD CMakeFiles/stm32-chibios.dir/C_/Users/error414/Documents/STM32/meteo-F4/ChibiOS/os/oslib/src/chmemcore.c.obj
LOAD CMakeFiles/stm32-chibios.dir/C_/Users/error414/Documents/STM32/meteo-F4/ChibiOS/os/oslib/src/chmemheaps.c.obj
LOAD CMakeFiles/stm32-chibios.dir/C_/Users/error414/Documents/STM32/meteo-F4/ChibiOS/os/oslib/src/chmempools.c.obj
LOAD CMakeFiles/stm32-chibios.dir/C_/Users/error414/Documents/STM32/meteo-F4/ChibiOS/os/oslib/src/chpipes.c.obj
LOAD CMakeFiles/stm32-chibios.dir/C_/Users/error414/Documents/STM32/meteo-F4/ChibiOS/os/oslib/src/chobjcaches.c.obj
LOAD CMakeFiles/stm32-chibios.dir/C_/Users/error414/Documents/STM32/meteo-F4/ChibiOS/os/oslib/src/chdelegates.c.obj
LOAD CMakeFiles/stm32-chibios.dir/C_/Users/error414/Documents/STM32/meteo-F4/ChibiOS/os/oslib/src/chfactory.c.obj
LOAD CMakeFiles/stm32-chibios.dir/C_/Users/error414/Documents/STM32/meteo-F4/ChibiOS/os/common/ports/ARMv7-M/chcore.c.obj
LOAD CMakeFiles/stm32-chibios.dir/C_/Users/error414/Documents/STM32/meteo-F4/ChibiOS/os/hal/lib/streams/chprintf.c.obj
LOAD CMakeFiles/stm32-chibios.dir/C_/Users/error414/Documents/STM32/meteo-F4/ChibiOS/os/hal/lib/streams/chscanf.c.obj
LOAD CMakeFiles/stm32-chibios.dir/C_/Users/error414/Documents/STM32/meteo-F4/ChibiOS/os/hal/lib/streams/memstreams.c.obj
LOAD CMakeFiles/stm32-chibios.dir/C_/Users/error414/Documents/STM32/meteo-F4/ChibiOS/os/hal/lib/streams/nullstreams.c.obj
LOAD CMakeFiles/stm32-chibios.dir/C_/Users/error414/Documents/STM32/meteo-F4/ChibiOS/os/hal/lib/streams/bufstreams.c.obj
LOAD CMakeFiles/stm32-chibios.dir/C_/Users/error414/Documents/STM32/meteo-F4/ChibiOS/os/common/startup/ARMCMx/compilers/GCC/crt0_v7m.S.obj
LOAD CMakeFiles/stm32-chibios.dir/C_/Users/error414/Documents/STM32/meteo-F4/ChibiOS/os/common/startup/ARMCMx/compilers/GCC/vectors.S.obj
LOAD CMakeFiles/stm32-chibios.dir/C_/Users/error414/Documents/STM32/meteo-F4/ChibiOS/os/common/ports/ARMv7-M/compilers/GCC/chcoreasm.S.obj
LOAD CMakeFiles/stm32-chibios.dir/C_/Users/error414/Documents/STM32/meteo-F4/lvgl/src/lv_core/lv_disp.c.obj
LOAD CMakeFiles/stm32-chibios.dir/C_/Users/error414/Documents/STM32/meteo-F4/lvgl/src/lv_core/lv_group.c.obj
LOAD CMakeFiles/stm32-chibios.dir/C_/Users/error414/Documents/STM32/meteo-F4/lvgl/src/lv_core/lv_indev.c.obj
LOAD CMakeFiles/stm32-chibios.dir/C_/Users/error414/Documents/STM32/meteo-F4/lvgl/src/lv_core/lv_obj.c.obj
LOAD CMakeFiles/stm32-chibios.dir/C_/Users/error414/Documents/STM32/meteo-F4/lvgl/src/lv_core/lv_refr.c.obj
LOAD CMakeFiles/stm32-chibios.dir/C_/Users/error414/Documents/STM32/meteo-F4/lvgl/src/lv_core/lv_style.c.obj
LOAD CMakeFiles/stm32-chibios.dir/C_/Users/error414/Documents/STM32/meteo-F4/lvgl/src/lv_draw/lv_draw_arc.c.obj
LOAD CMakeFiles/stm32-chibios.dir/C_/Users/error414/Documents/STM32/meteo-F4/lvgl/src/lv_draw/lv_draw_blend.c.obj
LOAD CMakeFiles/stm32-chibios.dir/C_/Users/error414/Documents/STM32/meteo-F4/lvgl/src/lv_draw/lv_draw_img.c.obj
LOAD CMakeFiles/stm32-chibios.dir/C_/Users/error414/Documents/STM32/meteo-F4/lvgl/src/lv_draw/lv_draw_label.c.obj
LOAD CMakeFiles/stm32-chibios.dir/C_/Users/error414/Documents/STM32/meteo-F4/lvgl/src/lv_draw/lv_draw_line.c.obj
LOAD CMakeFiles/stm32-chibios.dir/C_/Users/error414/Documents/STM32/meteo-F4/lvgl/src/lv_draw/lv_draw_mask.c.obj
LOAD CMakeFiles/stm32-chibios.dir/C_/Users/error414/Documents/STM32/meteo-F4/lvgl/src/lv_draw/lv_draw_rect.c.obj
LOAD CMakeFiles/stm32-chibios.dir/C_/Users/error414/Documents/STM32/meteo-F4/lvgl/src/lv_draw/lv_draw_triangle.c.obj
LOAD CMakeFiles/stm32-chibios.dir/C_/Users/error414/Documents/STM32/meteo-F4/lvgl/src/lv_draw/lv_img_buf.c.obj
LOAD CMakeFiles/stm32-chibios.dir/C_/Users/error414/Documents/STM32/meteo-F4/lvgl/src/lv_draw/lv_img_cache.c.obj
LOAD CMakeFiles/stm32-chibios.dir/C_/Users/error414/Documents/STM32/meteo-F4/lvgl/src/lv_draw/lv_img_decoder.c.obj
LOAD CMakeFiles/stm32-chibios.dir/C_/Users/error414/Documents/STM32/meteo-F4/lvgl/src/lv_font/lv_font.c.obj
LOAD CMakeFiles/stm32-chibios.dir/C_/Users/error414/Documents/STM32/meteo-F4/lvgl/src/lv_font/lv_font_dejavu_16_persian_hebrew.c.obj
LOAD CMakeFiles/stm32-chibios.dir/C_/Users/error414/Documents/STM32/meteo-F4/lvgl/src/lv_font/lv_font_fmt_txt.c.obj
LOAD CMakeFiles/stm32-chibios.dir/C_/Users/error414/Documents/STM32/meteo-F4/lvgl/src/lv_font/lv_font_loader.c.obj
LOAD CMakeFiles/stm32-chibios.dir/C_/Users/error414/Documents/STM32/meteo-F4/lvgl/src/lv_font/lv_font_montserrat_10.c.obj
LOAD CMakeFiles/stm32-chibios.dir/C_/Users/error414/Documents/STM32/meteo-F4/lvgl/src/lv_font/lv_font_montserrat_12.c.obj
LOAD CMakeFiles/stm32-chibios.dir/C_/Users/error414/Documents/STM32/meteo-F4/lvgl/src/lv_font/lv_font_montserrat_12_subpx.c.obj
LOAD CMakeFiles/stm32-chibios.dir/C_/Users/error414/Documents/STM32/meteo-F4/lvgl/src/lv_font/lv_font_montserrat_14.c.obj
LOAD CMakeFiles/stm32-chibios.dir/C_/Users/error414/Documents/STM32/meteo-F4/lvgl/src/lv_font/lv_font_montserrat_16.c.obj
LOAD CMakeFiles/stm32-chibios.dir/C_/Users/error414/Documents/STM32/meteo-F4/lvgl/src/lv_font/lv_font_montserrat_18.c.obj
LOAD CMakeFiles/stm32-chibios.dir/C_/Users/error414/Documents/STM32/meteo-F4/lvgl/src/lv_font/lv_font_montserrat_20.c.obj
LOAD CMakeFiles/stm32-chibios.dir/C_/Users/error414/Documents/STM32/meteo-F4/lvgl/src/lv_font/lv_font_montserrat_22.c.obj
LOAD CMakeFiles/stm32-chibios.dir/C_/Users/error414/Documents/STM32/meteo-F4/lvgl/src/lv_font/lv_font_montserrat_24.c.obj
LOAD CMakeFiles/stm32-chibios.dir/C_/Users/error414/Documents/STM32/meteo-F4/lvgl/src/lv_font/lv_font_montserrat_26.c.obj
LOAD CMakeFiles/stm32-chibios.dir/C_/Users/error414/Documents/STM32/meteo-F4/lvgl/src/lv_font/lv_font_montserrat_28.c.obj
LOAD CMakeFiles/stm32-chibios.dir/C_/Users/error414/Documents/STM32/meteo-F4/lvgl/src/lv_font/lv_font_montserrat_28_compressed.c.obj
LOAD CMakeFiles/stm32-chibios.dir/C_/Users/error414/Documents/STM32/meteo-F4/lvgl/src/lv_font/lv_font_montserrat_30.c.obj
LOAD CMakeFiles/stm32-chibios.dir/C_/Users/error414/Documents/STM32/meteo-F4/lvgl/src/lv_font/lv_font_montserrat_32.c.obj
LOAD CMakeFiles/stm32-chibios.dir/C_/Users/error414/Documents/STM32/meteo-F4/lvgl/src/lv_font/lv_font_montserrat_34.c.obj
LOAD CMakeFiles/stm32-chibios.dir/C_/Users/error414/Documents/STM32/meteo-F4/lvgl/src/lv_font/lv_font_montserrat_36.c.obj
LOAD CMakeFiles/stm32-chibios.dir/C_/Users/error414/Documents/STM32/meteo-F4/lvgl/src/lv_font/lv_font_montserrat_38.c.obj
LOAD CMakeFiles/stm32-chibios.dir/C_/Users/error414/Documents/STM32/meteo-F4/lvgl/src/lv_font/lv_font_montserrat_40.c.obj
LOAD CMakeFiles/stm32-chibios.dir/C_/Users/error414/Documents/STM32/meteo-F4/lvgl/src/lv_font/lv_font_montserrat_42.c.obj
LOAD CMakeFiles/stm32-chibios.dir/C_/Users/error414/Documents/STM32/meteo-F4/lvgl/src/lv_font/lv_font_montserrat_44.c.obj
LOAD CMakeFiles/stm32-chibios.dir/C_/Users/error414/Documents/STM32/meteo-F4/lvgl/src/lv_font/lv_font_montserrat_46.c.obj
LOAD CMakeFiles/stm32-chibios.dir/C_/Users/error414/Documents/STM32/meteo-F4/lvgl/src/lv_font/lv_font_montserrat_48.c.obj
LOAD CMakeFiles/stm32-chibios.dir/C_/Users/error414/Documents/STM32/meteo-F4/lvgl/src/lv_font/lv_font_montserrat_8.c.obj
LOAD CMakeFiles/stm32-chibios.dir/C_/Users/error414/Documents/STM32/meteo-F4/lvgl/src/lv_font/lv_font_simsun_16_cjk.c.obj
LOAD CMakeFiles/stm32-chibios.dir/C_/Users/error414/Documents/STM32/meteo-F4/lvgl/src/lv_font/lv_font_unscii_16.c.obj
LOAD CMakeFiles/stm32-chibios.dir/C_/Users/error414/Documents/STM32/meteo-F4/lvgl/src/lv_font/lv_font_unscii_8.c.obj
LOAD CMakeFiles/stm32-chibios.dir/C_/Users/error414/Documents/STM32/meteo-F4/lvgl/src/lv_font/montserrat_10medium_1bp.c.obj
LOAD CMakeFiles/stm32-chibios.dir/C_/Users/error414/Documents/STM32/meteo-F4/lvgl/src/lv_font/montserrat_12medium_1bp.c.obj
LOAD CMakeFiles/stm32-chibios.dir/C_/Users/error414/Documents/STM32/meteo-F4/lvgl/src/lv_font/montserrat_12medium_4bp.c.obj
LOAD CMakeFiles/stm32-chibios.dir/C_/Users/error414/Documents/STM32/meteo-F4/lvgl/src/lv_font/montserrat_14medium_1bp.c.obj
LOAD CMakeFiles/stm32-chibios.dir/C_/Users/error414/Documents/STM32/meteo-F4/lvgl/src/lv_font/montserrat_14medium_4bp.c.obj
LOAD CMakeFiles/stm32-chibios.dir/C_/Users/error414/Documents/STM32/meteo-F4/lvgl/src/lv_gpu/lv_gpu_nxp_pxp.c.obj
LOAD CMakeFiles/stm32-chibios.dir/C_/Users/error414/Documents/STM32/meteo-F4/lvgl/src/lv_gpu/lv_gpu_nxp_pxp_osa.c.obj
LOAD CMakeFiles/stm32-chibios.dir/C_/Users/error414/Documents/STM32/meteo-F4/lvgl/src/lv_gpu/lv_gpu_nxp_vglite.c.obj
LOAD CMakeFiles/stm32-chibios.dir/C_/Users/error414/Documents/STM32/meteo-F4/lvgl/src/lv_gpu/lv_gpu_stm32_dma2d.c.obj
LOAD CMakeFiles/stm32-chibios.dir/C_/Users/error414/Documents/STM32/meteo-F4/lvgl/src/lv_hal/lv_hal_disp.c.obj
LOAD CMakeFiles/stm32-chibios.dir/C_/Users/error414/Documents/STM32/meteo-F4/lvgl/src/lv_hal/lv_hal_indev.c.obj
LOAD CMakeFiles/stm32-chibios.dir/C_/Users/error414/Documents/STM32/meteo-F4/lvgl/src/lv_hal/lv_hal_tick.c.obj
LOAD CMakeFiles/stm32-chibios.dir/C_/Users/error414/Documents/STM32/meteo-F4/lvgl/src/lv_misc/lv_anim.c.obj
LOAD CMakeFiles/stm32-chibios.dir/C_/Users/error414/Documents/STM32/meteo-F4/lvgl/src/lv_misc/lv_area.c.obj
LOAD CMakeFiles/stm32-chibios.dir/C_/Users/error414/Documents/STM32/meteo-F4/lvgl/src/lv_misc/lv_async.c.obj
LOAD CMakeFiles/stm32-chibios.dir/C_/Users/error414/Documents/STM32/meteo-F4/lvgl/src/lv_misc/lv_bidi.c.obj
LOAD CMakeFiles/stm32-chibios.dir/C_/Users/error414/Documents/STM32/meteo-F4/lvgl/src/lv_misc/lv_color.c.obj
LOAD CMakeFiles/stm32-chibios.dir/C_/Users/error414/Documents/STM32/meteo-F4/lvgl/src/lv_misc/lv_debug.c.obj
LOAD CMakeFiles/stm32-chibios.dir/C_/Users/error414/Documents/STM32/meteo-F4/lvgl/src/lv_misc/lv_fs.c.obj
LOAD CMakeFiles/stm32-chibios.dir/C_/Users/error414/Documents/STM32/meteo-F4/lvgl/src/lv_misc/lv_gc.c.obj
LOAD CMakeFiles/stm32-chibios.dir/C_/Users/error414/Documents/STM32/meteo-F4/lvgl/src/lv_misc/lv_ll.c.obj
LOAD CMakeFiles/stm32-chibios.dir/C_/Users/error414/Documents/STM32/meteo-F4/lvgl/src/lv_misc/lv_log.c.obj
LOAD CMakeFiles/stm32-chibios.dir/C_/Users/error414/Documents/STM32/meteo-F4/lvgl/src/lv_misc/lv_math.c.obj
LOAD CMakeFiles/stm32-chibios.dir/C_/Users/error414/Documents/STM32/meteo-F4/lvgl/src/lv_misc/lv_mem.c.obj
LOAD CMakeFiles/stm32-chibios.dir/C_/Users/error414/Documents/STM32/meteo-F4/lvgl/src/lv_misc/lv_printf.c.obj
LOAD CMakeFiles/stm32-chibios.dir/C_/Users/error414/Documents/STM32/meteo-F4/lvgl/src/lv_misc/lv_task.c.obj
LOAD CMakeFiles/stm32-chibios.dir/C_/Users/error414/Documents/STM32/meteo-F4/lvgl/src/lv_misc/lv_templ.c.obj
LOAD CMakeFiles/stm32-chibios.dir/C_/Users/error414/Documents/STM32/meteo-F4/lvgl/src/lv_misc/lv_txt.c.obj
LOAD CMakeFiles/stm32-chibios.dir/C_/Users/error414/Documents/STM32/meteo-F4/lvgl/src/lv_misc/lv_txt_ap.c.obj
LOAD CMakeFiles/stm32-chibios.dir/C_/Users/error414/Documents/STM32/meteo-F4/lvgl/src/lv_misc/lv_utils.c.obj
LOAD CMakeFiles/stm32-chibios.dir/C_/Users/error414/Documents/STM32/meteo-F4/lvgl/src/lv_themes/lv_theme.c.obj
LOAD CMakeFiles/stm32-chibios.dir/C_/Users/error414/Documents/STM32/meteo-F4/lvgl/src/lv_themes/lv_theme_empty.c.obj
LOAD CMakeFiles/stm32-chibios.dir/C_/Users/error414/Documents/STM32/meteo-F4/lvgl/src/lv_themes/lv_theme_material.c.obj
LOAD CMakeFiles/stm32-chibios.dir/C_/Users/error414/Documents/STM32/meteo-F4/lvgl/src/lv_themes/lv_theme_mono.c.obj
LOAD CMakeFiles/stm32-chibios.dir/C_/Users/error414/Documents/STM32/meteo-F4/lvgl/src/lv_themes/lv_theme_template.c.obj
LOAD CMakeFiles/stm32-chibios.dir/C_/Users/error414/Documents/STM32/meteo-F4/lvgl/src/lv_widgets/lv_arc.c.obj
LOAD CMakeFiles/stm32-chibios.dir/C_/Users/error414/Documents/STM32/meteo-F4/lvgl/src/lv_widgets/lv_bar.c.obj
LOAD CMakeFiles/stm32-chibios.dir/C_/Users/error414/Documents/STM32/meteo-F4/lvgl/src/lv_widgets/lv_btn.c.obj
LOAD CMakeFiles/stm32-chibios.dir/C_/Users/error414/Documents/STM32/meteo-F4/lvgl/src/lv_widgets/lv_btnmatrix.c.obj
LOAD CMakeFiles/stm32-chibios.dir/C_/Users/error414/Documents/STM32/meteo-F4/lvgl/src/lv_widgets/lv_calendar.c.obj
LOAD CMakeFiles/stm32-chibios.dir/C_/Users/error414/Documents/STM32/meteo-F4/lvgl/src/lv_widgets/lv_canvas.c.obj
LOAD CMakeFiles/stm32-chibios.dir/C_/Users/error414/Documents/STM32/meteo-F4/lvgl/src/lv_widgets/lv_chart.c.obj
LOAD CMakeFiles/stm32-chibios.dir/C_/Users/error414/Documents/STM32/meteo-F4/lvgl/src/lv_widgets/lv_checkbox.c.obj
LOAD CMakeFiles/stm32-chibios.dir/C_/Users/error414/Documents/STM32/meteo-F4/lvgl/src/lv_widgets/lv_cont.c.obj
LOAD CMakeFiles/stm32-chibios.dir/C_/Users/error414/Documents/STM32/meteo-F4/lvgl/src/lv_widgets/lv_cpicker.c.obj
LOAD CMakeFiles/stm32-chibios.dir/C_/Users/error414/Documents/STM32/meteo-F4/lvgl/src/lv_widgets/lv_dropdown.c.obj
LOAD CMakeFiles/stm32-chibios.dir/C_/Users/error414/Documents/STM32/meteo-F4/lvgl/src/lv_widgets/lv_gauge.c.obj
LOAD CMakeFiles/stm32-chibios.dir/C_/Users/error414/Documents/STM32/meteo-F4/lvgl/src/lv_widgets/lv_img.c.obj
LOAD CMakeFiles/stm32-chibios.dir/C_/Users/error414/Documents/STM32/meteo-F4/lvgl/src/lv_widgets/lv_imgbtn.c.obj
LOAD CMakeFiles/stm32-chibios.dir/C_/Users/error414/Documents/STM32/meteo-F4/lvgl/src/lv_widgets/lv_keyboard.c.obj
LOAD CMakeFiles/stm32-chibios.dir/C_/Users/error414/Documents/STM32/meteo-F4/lvgl/src/lv_widgets/lv_label.c.obj
LOAD CMakeFiles/stm32-chibios.dir/C_/Users/error414/Documents/STM32/meteo-F4/lvgl/src/lv_widgets/lv_led.c.obj
LOAD CMakeFiles/stm32-chibios.dir/C_/Users/error414/Documents/STM32/meteo-F4/lvgl/src/lv_widgets/lv_line.c.obj
LOAD CMakeFiles/stm32-chibios.dir/C_/Users/error414/Documents/STM32/meteo-F4/lvgl/src/lv_widgets/lv_linemeter.c.obj
LOAD CMakeFiles/stm32-chibios.dir/C_/Users/error414/Documents/STM32/meteo-F4/lvgl/src/lv_widgets/lv_list.c.obj
LOAD CMakeFiles/stm32-chibios.dir/C_/Users/error414/Documents/STM32/meteo-F4/lvgl/src/lv_widgets/lv_msgbox.c.obj
LOAD CMakeFiles/stm32-chibios.dir/C_/Users/error414/Documents/STM32/meteo-F4/lvgl/src/lv_widgets/lv_objmask.c.obj
LOAD CMakeFiles/stm32-chibios.dir/C_/Users/error414/Documents/STM32/meteo-F4/lvgl/src/lv_widgets/lv_objx_templ.c.obj
LOAD CMakeFiles/stm32-chibios.dir/C_/Users/error414/Documents/STM32/meteo-F4/lvgl/src/lv_widgets/lv_page.c.obj
LOAD CMakeFiles/stm32-chibios.dir/C_/Users/error414/Documents/STM32/meteo-F4/lvgl/src/lv_widgets/lv_roller.c.obj
LOAD CMakeFiles/stm32-chibios.dir/C_/Users/error414/Documents/STM32/meteo-F4/lvgl/src/lv_widgets/lv_slider.c.obj
LOAD CMakeFiles/stm32-chibios.dir/C_/Users/error414/Documents/STM32/meteo-F4/lvgl/src/lv_widgets/lv_spinbox.c.obj
LOAD CMakeFiles/stm32-chibios.dir/C_/Users/error414/Documents/STM32/meteo-F4/lvgl/src/lv_widgets/lv_spinner.c.obj
LOAD CMakeFiles/stm32-chibios.dir/C_/Users/error414/Documents/STM32/meteo-F4/lvgl/src/lv_widgets/lv_switch.c.obj
LOAD CMakeFiles/stm32-chibios.dir/C_/Users/error414/Documents/STM32/meteo-F4/lvgl/src/lv_widgets/lv_table.c.obj
LOAD CMakeFiles/stm32-chibios.dir/C_/Users/error414/Documents/STM32/meteo-F4/lvgl/src/lv_widgets/lv_tabview.c.obj
LOAD CMakeFiles/stm32-chibios.dir/C_/Users/error414/Documents/STM32/meteo-F4/lvgl/src/lv_widgets/lv_textarea.c.obj
LOAD CMakeFiles/stm32-chibios.dir/C_/Users/error414/Documents/STM32/meteo-F4/lvgl/src/lv_widgets/lv_tileview.c.obj
LOAD CMakeFiles/stm32-chibios.dir/C_/Users/error414/Documents/STM32/meteo-F4/lvgl/src/lv_widgets/lv_win.c.obj
LOAD CMakeFiles/stm32-chibios.dir/main.c.obj
LOAD CMakeFiles/stm32-chibios.dir/shell/shell.c.obj
LOAD CMakeFiles/stm32-chibios.dir/shell/shellCmd.c.obj
LOAD CMakeFiles/stm32-chibios.dir/cfg/board.c.obj
LOAD CMakeFiles/stm32-chibios.dir/cfg/hw.c.obj
LOAD CMakeFiles/stm32-chibios.dir/images/fc_clear.c.obj
LOAD CMakeFiles/stm32-chibios.dir/images/fc_cloud.c.obj
LOAD CMakeFiles/stm32-chibios.dir/images/fc_drizzle.c.obj
LOAD CMakeFiles/stm32-chibios.dir/images/fc_heavy_cloud.c.obj
LOAD CMakeFiles/stm32-chibios.dir/images/fc_part_clound.c.obj
LOAD CMakeFiles/stm32-chibios.dir/images/fc_rain.c.obj
LOAD CMakeFiles/stm32-chibios.dir/images/fc_snow.c.obj
LOAD CMakeFiles/stm32-chibios.dir/images/fc_thunderstorm.c.obj
LOAD CMakeFiles/stm32-chibios.dir/images/humidity36.c.obj
LOAD CMakeFiles/stm32-chibios.dir/images/no_rain36.c.obj
LOAD CMakeFiles/stm32-chibios.dir/images/pressure36.c.obj
LOAD CMakeFiles/stm32-chibios.dir/images/rain36.c.obj
LOAD CMakeFiles/stm32-chibios.dir/images/sun36.c.obj
LOAD CMakeFiles/stm32-chibios.dir/images/temp.c.obj
LOAD CMakeFiles/stm32-chibios.dir/images/uv36.c.obj
LOAD CMakeFiles/stm32-chibios.dir/images/wind36.c.obj
LOAD CMakeFiles/stm32-chibios.dir/font/digital_16.c.obj
LOAD CMakeFiles/stm32-chibios.dir/font/digital_20.c.obj
LOAD CMakeFiles/stm32-chibios.dir/font/digital_48.c.obj
LOAD CMakeFiles/stm32-chibios.dir/font/dogica12.c.obj
LOAD CMakeFiles/stm32-chibios.dir/font/omega12.c.obj
LOAD CMakeFiles/stm32-chibios.dir/font/omega16.c.obj
LOAD CMakeFiles/stm32-chibios.dir/font/omega20.c.obj
LOAD CMakeFiles/stm32-chibios.dir/font/press12.c.obj
LOAD CMakeFiles/stm32-chibios.dir/font/press14.c.obj
LOAD CMakeFiles/stm32-chibios.dir/font/press16.c.obj
LOAD CMakeFiles/stm32-chibios.dir/font/retro12.c.obj
LOAD CMakeFiles/stm32-chibios.dir/font/retro20.c.obj
LOAD CMakeFiles/stm32-chibios.dir/font/upheaval16.c.obj
LOAD CMakeFiles/stm32-chibios.dir/font/upheaval20.c.obj
LOAD CMakeFiles/stm32-chibios.dir/font/upheaval30.c.obj
LOAD CMakeFiles/stm32-chibios.dir/font/upheaval48.c.obj
LOAD CMakeFiles/stm32-chibios.dir/gui/guHeader.c.obj
LOAD CMakeFiles/stm32-chibios.dir/gui/guiForecast.c.obj
LOAD CMakeFiles/stm32-chibios.dir/gui/guiInside.c.obj
LOAD CMakeFiles/stm32-chibios.dir/gui/guiMain.c.obj
LOAD CMakeFiles/stm32-chibios.dir/gui/guiOutside.c.obj
LOAD CMakeFiles/stm32-chibios.dir/drivers/EPD_7in5_HD.c.obj
LOAD CMakeFiles/stm32-chibios.dir/drivers/bmp280.c.obj
LOAD CMakeFiles/stm32-chibios.dir/drivers/msp.c.obj
LOAD CMakeFiles/stm32-chibios.dir/threads/bmp280Thread.c.obj
LOAD CMakeFiles/stm32-chibios.dir/threads/guiThread.c.obj
LOAD CMakeFiles/stm32-chibios.dir/threads/hc12Thread.c.obj
LOAD CMakeFiles/stm32-chibios.dir/threads/hwListThread.c.obj
LOAD CMakeFiles/stm32-chibios.dir/threads/mspRxThread.c.obj
LOAD CMakeFiles/stm32-chibios.dir/threads/pools.c.obj
LOAD c:/users/error414/documents/stm32-tools/gcc-arm-none-eabi-10-2020-q4-major/bin/../lib/gcc/arm-none-eabi/10.2.1/../../../../arm-none-eabi/lib/thumb/v7e-m/nofp\libm.a
LOAD c:/users/error414/documents/stm32-tools/gcc-arm-none-eabi-10-2020-q4-major/bin/../lib/gcc/arm-none-eabi/10.2.1/../../../../arm-none-eabi/lib/thumb/v7e-m/nofp\libnosys.a
START GROUP
LOAD c:/users/error414/documents/stm32-tools/gcc-arm-none-eabi-10-2020-q4-major/bin/../lib/gcc/arm-none-eabi/10.2.1/thumb/v7e-m/nofp\libgcc.a
LOAD c:/users/error414/documents/stm32-tools/gcc-arm-none-eabi-10-2020-q4-major/bin/../lib/gcc/arm-none-eabi/10.2.1/../../../../arm-none-eabi/lib/thumb/v7e-m/nofp\libg.a
LOAD c:/users/error414/documents/stm32-tools/gcc-arm-none-eabi-10-2020-q4-major/bin/../lib/gcc/arm-none-eabi/10.2.1/../../../../arm-none-eabi/lib/thumb/v7e-m/nofp\libc.a
END GROUP

.mstack         0x20000000      0x190
                0x20000000                . = ALIGN (0x8)
                0x20000000                __main_stack_base__ = .
                0x20000190                . = (. + __main_stack_size__)
 *fill*         0x20000000      0x190 
                0x20000190                . = ALIGN (0x8)
                0x20000190                __main_stack_end__ = .

.pstack         0x20000190      0x190
                0x20000190                . = ALIGN (0x8)
                0x20000190                __process_stack_base__ = .
                0x20000190                __main_thread_stack_base__ = .
                0x20000320                . = (. + __process_stack_size__)
 *fill*         0x20000190      0x190 
                0x20000320                . = ALIGN (0x8)
                0x20000320                __process_stack_end__ = .
                0x20000320                __main_thread_stack_end__ = .

.vectors        0x08000000      0x1e0
 *(.vectors)
 .vectors       0x08000000      0x1e0 CMakeFiles/stm32-chibios.dir/C_/Users/error414/Documents/STM32/meteo-F4/ChibiOS/os/common/startup/ARMCMx/compilers/GCC/vectors.S.obj
                0x08000000                _vectors

.xtors          0x080001e0        0x0
                0x080001e0                __init_array_base__ = .
 *(SORT_BY_NAME(.init_array.*))
 *(.init_array)
                0x080001e0                __init_array_end__ = .
                0x080001e0                __fini_array_base__ = .
 *(.fini_array)
 *(SORT_BY_NAME(.fini_array.*))
                0x080001e0                __fini_array_end__ = .

.text           0x08000200    0x1c77c
                0x08000200                __text_base__ = .
 *(.text)
 .text          0x08000200        0x0 C:\Users\error414\AppData\Local\Temp\stm32-chibios.0UTc6U.ltrans0.ltrans.o
 .text          0x08000200        0x0 C:\Users\error414\AppData\Local\Temp\stm32-chibios.0UTc6U.ltrans1.ltrans.o
 .text          0x08000200        0x0 C:\Users\error414\AppData\Local\Temp\stm32-chibios.0UTc6U.ltrans2.ltrans.o
 .text          0x08000200        0x0 C:\Users\error414\AppData\Local\Temp\stm32-chibios.0UTc6U.ltrans3.ltrans.o
 .text          0x08000200      0x120 CMakeFiles/stm32-chibios.dir/C_/Users/error414/Documents/STM32/meteo-F4/ChibiOS/os/common/startup/ARMCMx/compilers/GCC/crt0_v7m.S.obj
                0x08000200                _crt0_entry
 .text          0x08000320        0x8 CMakeFiles/stm32-chibios.dir/C_/Users/error414/Documents/STM32/meteo-F4/ChibiOS/os/common/startup/ARMCMx/compilers/GCC/vectors.S.obj
                0x08000320                Reset_Handler
                0x08000322                VectorAC
                0x08000322                DebugMon_Handler
                0x08000322                Vector1A0
                0x08000322                Vector11C
                0x08000322                HardFault_Handler
                0x08000322                Vector1B8
                0x08000322                Vector19C
                0x08000322                Vector8C
                0x08000322                SysTick_Handler
                0x08000322                VectorDC
                0x08000322                PendSV_Handler
                0x08000322                Vector168
                0x08000322                NMI_Handler
                0x08000322                Vector110
                0x08000322                Vector1D8
                0x08000322                VectorC8
                0x08000322                Vector94
                0x08000322                VectorA8
                0x08000322                VectorB4
                0x08000322                Vector160
                0x08000322                Vector1B0
                0x08000322                UsageFault_Handler
                0x08000322                VectorEC
                0x08000322                Vector40
                0x08000322                VectorF8
                0x08000322                Vector108
                0x08000322                Vector190
                0x08000322                Vector1C4
                0x08000322                Vector1CC
                0x08000322                Vector148
                0x08000322                Vector188
                0x08000322                Vector198
                0x08000322                Vector118
                0x08000322                VectorE8
                0x08000322                VectorCC
                0x08000322                Vector54
                0x08000322                Vector98
                0x08000322                Vector138
                0x08000322                Vector24
                0x08000322                Vector1AC
                0x08000322                Vector178
                0x08000322                SecureFault_Handler
                0x08000322                Vector1A4
                0x08000322                VectorD0
                0x08000322                Vector1B4
                0x08000322                Vector140
                0x08000322                VectorE4
                0x08000322                Vector1C0
                0x08000322                Vector134
                0x08000322                Vector1D0
                0x08000322                VectorF0
                0x08000322                Vector13C
                0x08000322                Vector100
                0x08000322                VectorF4
                0x08000322                MemManage_Handler
                0x08000322                VectorA0
                0x08000322                VectorC4
                0x08000322                Vector180
                0x08000322                Vector90
                0x08000322                Vector114
                0x08000322                Vector164
                0x08000322                Vector1BC
                0x08000322                Vector1D4
                0x08000322                Vector17C
                0x08000322                Vector48
                0x08000322                Vector1A8
                0x08000322                Vector16C
                0x08000322                VectorD4
                0x08000322                Vector4C
                0x08000322                Vector144
                0x08000322                Vector18C
                0x08000322                Vector170
                0x08000322                Vector88
                0x08000322                Vector104
                0x08000322                Vector184
                0x08000322                Vector10C
                0x08000322                Vector14C
                0x08000322                BusFault_Handler
                0x08000322                Vector50
                0x08000322                Vector1C8
                0x08000322                Vector194
                0x08000322                Vector1DC
                0x08000322                Vector44
                0x08000322                Vector28
                0x08000322                VectorB8
                0x08000322                Vector34
                0x08000322                VectorA4
                0x08000322                Vector20
                0x08000322                Vector174
                0x08000326                _unhandled_exception
 .text          0x08000328       0x3e CMakeFiles/stm32-chibios.dir/C_/Users/error414/Documents/STM32/meteo-F4/ChibiOS/os/common/ports/ARMv7-M/compilers/GCC/chcoreasm.S.obj
                0x08000328                __port_switch
                0x08000340                __port_thread_start
                0x08000356                __port_switch_from_isr
                0x08000362                __port_exit_from_isr
 .text          0x08000366        0x0 c:/users/error414/documents/stm32-tools/gcc-arm-none-eabi-10-2020-q4-major/bin/../lib/gcc/arm-none-eabi/10.2.1/../../../../arm-none-eabi/lib/thumb/v7e-m/nofp\libg.a(lib_a-ctype_.o)
 .text          0x08000366        0x0 c:/users/error414/documents/stm32-tools/gcc-arm-none-eabi-10-2020-q4-major/bin/../lib/gcc/arm-none-eabi/10.2.1/../../../../arm-none-eabi/lib/thumb/v7e-m/nofp\libg.a(lib_a-memcmp.o)
 *fill*         0x08000366        0x2 
 .text          0x08000368      0x134 c:/users/error414/documents/stm32-tools/gcc-arm-none-eabi-10-2020-q4-major/bin/../lib/gcc/arm-none-eabi/10.2.1/../../../../arm-none-eabi/lib/thumb/v7e-m/nofp\libg.a(lib_a-memcpy.o)
                0x08000368                memcpy
 .text          0x0800049c        0x0 c:/users/error414/documents/stm32-tools/gcc-arm-none-eabi-10-2020-q4-major/bin/../lib/gcc/arm-none-eabi/10.2.1/../../../../arm-none-eabi/lib/thumb/v7e-m/nofp\libg.a(lib_a-strchr.o)
 *fill*         0x0800049c        0x4 
 .text          0x080004a0      0x2dc c:/users/error414/documents/stm32-tools/gcc-arm-none-eabi-10-2020-q4-major/bin/../lib/gcc/arm-none-eabi/10.2.1/../../../../arm-none-eabi/lib/thumb/v7e-m/nofp\libg.a(lib_a-strcmp.o)
                0x080004a8                strcmp
 .text          0x0800077c        0x0 c:/users/error414/documents/stm32-tools/gcc-arm-none-eabi-10-2020-q4-major/bin/../lib/gcc/arm-none-eabi/10.2.1/../../../../arm-none-eabi/lib/thumb/v7e-m/nofp\libg.a(lib_a-strcpy.o)
 *fill*         0x0800077c        0x4 
 .text          0x08000780       0xdc c:/users/error414/documents/stm32-tools/gcc-arm-none-eabi-10-2020-q4-major/bin/../lib/gcc/arm-none-eabi/10.2.1/../../../../arm-none-eabi/lib/thumb/v7e-m/nofp\libg.a(lib_a-strlen.o)
                0x08000780                strlen
 .text          0x0800085c        0x0 c:/users/error414/documents/stm32-tools/gcc-arm-none-eabi-10-2020-q4-major/bin/../lib/gcc/arm-none-eabi/10.2.1/../../../../arm-none-eabi/lib/thumb/v7e-m/nofp\libg.a(lib_a-strncpy.o)
 .text          0x0800085c        0x0 c:/users/error414/documents/stm32-tools/gcc-arm-none-eabi-10-2020-q4-major/bin/../lib/gcc/arm-none-eabi/10.2.1/../../../../arm-none-eabi/lib/thumb/v7e-m/nofp\libg.a(lib_a-strpbrk.o)
 .text          0x0800085c        0x0 c:/users/error414/documents/stm32-tools/gcc-arm-none-eabi-10-2020-q4-major/bin/../lib/gcc/arm-none-eabi/10.2.1/../../../../arm-none-eabi/lib/thumb/v7e-m/nofp\libg.a(lib_a-strspn.o)
 .text          0x0800085c      0x254 c:/users/error414/documents/stm32-tools/gcc-arm-none-eabi-10-2020-q4-major/bin/../lib/gcc/arm-none-eabi/10.2.1/thumb/v7e-m/nofp\libgcc.a(_arm_muldf3.o)
                0x0800085c                __muldf3
                0x0800085c                __aeabi_dmul
 .text          0x08000ab0      0x168 c:/users/error414/documents/stm32-tools/gcc-arm-none-eabi-10-2020-q4-major/bin/../lib/gcc/arm-none-eabi/10.2.1/thumb/v7e-m/nofp\libgcc.a(_arm_mulsf3.o)
 .text          0x08000c18      0x378 c:/users/error414/documents/stm32-tools/gcc-arm-none-eabi-10-2020-q4-major/bin/../lib/gcc/arm-none-eabi/10.2.1/thumb/v7e-m/nofp\libgcc.a(_arm_addsubdf3.o)
                0x08000c18                __aeabi_drsub
                0x08000c20                __aeabi_dsub
                0x08000c20                __subdf3
                0x08000c24                __aeabi_dadd
                0x08000c24                __adddf3
                0x08000e9c                __floatunsidf
                0x08000e9c                __aeabi_ui2d
                0x08000ebc                __floatsidf
                0x08000ebc                __aeabi_i2d
                0x08000ee0                __aeabi_f2d
                0x08000ee0                __extendsfdf2
                0x08000f24                __floatundidf
                0x08000f24                __aeabi_ul2d
                0x08000f34                __floatdidf
                0x08000f34                __aeabi_l2d
 .text          0x08000f90       0x50 c:/users/error414/documents/stm32-tools/gcc-arm-none-eabi-10-2020-q4-major/bin/../lib/gcc/arm-none-eabi/10.2.1/thumb/v7e-m/nofp\libgcc.a(_arm_fixdfsi.o)
                0x08000f90                __aeabi_d2iz
                0x08000f90                __fixdfsi
 .text          0x08000fe0       0xa0 c:/users/error414/documents/stm32-tools/gcc-arm-none-eabi-10-2020-q4-major/bin/../lib/gcc/arm-none-eabi/10.2.1/thumb/v7e-m/nofp\libgcc.a(_arm_truncdfsf2.o)
                0x08000fe0                __truncdfsf2
                0x08000fe0                __aeabi_d2f
 .text          0x08001080      0x21c c:/users/error414/documents/stm32-tools/gcc-arm-none-eabi-10-2020-q4-major/bin/../lib/gcc/arm-none-eabi/10.2.1/thumb/v7e-m/nofp\libgcc.a(_arm_addsubsf3.o)
                0x08001080                __aeabi_frsub
                0x08001088                __subsf3
                0x08001088                __aeabi_fsub
                0x0800108c                __aeabi_fadd
                0x0800108c                __addsf3
                0x080011ec                __aeabi_ui2f
                0x080011ec                __floatunsisf
                0x080011f4                __aeabi_i2f
                0x080011f4                __floatsisf
                0x08001210                __aeabi_ul2f
                0x08001210                __floatundisf
                0x08001220                __aeabi_l2f
                0x08001220                __floatdisf
 .text          0x0800129c      0x2a0 c:/users/error414/documents/stm32-tools/gcc-arm-none-eabi-10-2020-q4-major/bin/../lib/gcc/arm-none-eabi/10.2.1/thumb/v7e-m/nofp\libgcc.a(_arm_muldivsf3.o)
                0x0800129c                __mulsf3
                0x0800129c                __aeabi_fmul
                0x08001404                __aeabi_fdiv
                0x08001404                __divsf3
 .text          0x0800153c       0xec c:/users/error414/documents/stm32-tools/gcc-arm-none-eabi-10-2020-q4-major/bin/../lib/gcc/arm-none-eabi/10.2.1/thumb/v7e-m/nofp\libgcc.a(_arm_cmpsf2.o)
                0x0800153c                __gesf2
                0x0800153c                __gtsf2
                0x08001544                __lesf2
                0x08001544                __ltsf2
                0x0800154c                __nesf2
                0x0800154c                __eqsf2
                0x0800154c                __cmpsf2
                0x080015ac                __aeabi_cfrcmple
                0x080015b4                __aeabi_cfcmpeq
                0x080015b4                __aeabi_cfcmple
                0x080015c4                __aeabi_fcmpeq
                0x080015d8                __aeabi_fcmplt
                0x080015ec                __aeabi_fcmple
                0x08001600                __aeabi_fcmpge
                0x08001614                __aeabi_fcmpgt
 .text          0x08001628       0x40 c:/users/error414/documents/stm32-tools/gcc-arm-none-eabi-10-2020-q4-major/bin/../lib/gcc/arm-none-eabi/10.2.1/thumb/v7e-m/nofp\libgcc.a(_arm_fixunssfsi.o)
                0x08001628                __fixunssfsi
                0x08001628                __aeabi_f2uiz
 .text          0x08001668       0xa0 c:/users/error414/documents/stm32-tools/gcc-arm-none-eabi-10-2020-q4-major/bin/../lib/gcc/arm-none-eabi/10.2.1/thumb/v7e-m/nofp\libgcc.a(_aeabi_ldivmod.o)
                0x08001668                __aeabi_ldivmod
 .text          0x08001708      0x2d0 c:/users/error414/documents/stm32-tools/gcc-arm-none-eabi-10-2020-q4-major/bin/../lib/gcc/arm-none-eabi/10.2.1/thumb/v7e-m/nofp\libgcc.a(_udivmoddi4.o)
                0x08001708                __udivmoddi4
 .text          0x080019d8        0x4 c:/users/error414/documents/stm32-tools/gcc-arm-none-eabi-10-2020-q4-major/bin/../lib/gcc/arm-none-eabi/10.2.1/thumb/v7e-m/nofp\libgcc.a(_dvmd_tls.o)
                0x080019d8                __aeabi_idiv0
                0x080019d8                __aeabi_ldiv0
 *(.text.*)
 *fill*         0x080019dc        0x4 
 .text.stStopAlarm
                0x080019e0        0xc C:\Users\error414\AppData\Local\Temp\stm32-chibios.0UTc6U.ltrans0.ltrans.o
 *fill*         0x080019ec        0x4 
 .text.stIsAlarmActive
                0x080019f0        0xc C:\Users\error414\AppData\Local\Temp\stm32-chibios.0UTc6U.ltrans0.ltrans.o
 *fill*         0x080019fc        0x4 
 .text.iqObjectInit
                0x08001a00       0x20 C:\Users\error414\AppData\Local\Temp\stm32-chibios.0UTc6U.ltrans0.ltrans.o
 .text.oqObjectInit
                0x08001a20       0x18 C:\Users\error414\AppData\Local\Temp\stm32-chibios.0UTc6U.ltrans0.ltrans.o
 *fill*         0x08001a38        0x8 
 .text.sdObjectInit
                0x08001a40       0x40 C:\Users\error414\AppData\Local\Temp\stm32-chibios.0UTc6U.ltrans0.ltrans.o
 .text.nvicEnableVector
                0x08001a80       0x28 C:\Users\error414\AppData\Local\Temp\stm32-chibios.0UTc6U.ltrans0.ltrans.o
 *fill*         0x08001aa8        0x8 
 .text.nvicDisableVector
                0x08001ab0       0x28 C:\Users\error414\AppData\Local\Temp\stm32-chibios.0UTc6U.ltrans0.ltrans.o
 *fill*         0x08001ad8        0x8 
 .text.irqInit  0x08001ae0       0x54 C:\Users\error414\AppData\Local\Temp\stm32-chibios.0UTc6U.ltrans0.ltrans.o
 *fill*         0x08001b34        0xc 
 .text.hal_lld_backup_domain_init
                0x08001b40       0x38 C:\Users\error414\AppData\Local\Temp\stm32-chibios.0UTc6U.ltrans0.ltrans.o
 *fill*         0x08001b78        0x8 
 .text.dmaInit  0x08001b80       0x44 C:\Users\error414\AppData\Local\Temp\stm32-chibios.0UTc6U.ltrans0.ltrans.o
 *fill*         0x08001bc4        0xc 
 .text.hal_lld_init
                0x08001bd0       0x68 C:\Users\error414\AppData\Local\Temp\stm32-chibios.0UTc6U.ltrans0.ltrans.o
 *fill*         0x08001c38        0x8 
 .text._pal_lld_init
                0x08001c40       0x20 C:\Users\error414\AppData\Local\Temp\stm32-chibios.0UTc6U.ltrans0.ltrans.o
 .text.i2c_lld_abort_operation
                0x08001c60       0x58 C:\Users\error414\AppData\Local\Temp\stm32-chibios.0UTc6U.ltrans0.ltrans.o
 *fill*         0x08001cb8        0x8 
 .text.i2c_lld_set_opmode
                0x08001cc0       0x34 C:\Users\error414\AppData\Local\Temp\stm32-chibios.0UTc6U.ltrans0.ltrans.o
 *fill*         0x08001cf4        0xc 
 .text.st_lld_init
                0x08001d00       0x48 C:\Users\error414\AppData\Local\Temp\stm32-chibios.0UTc6U.ltrans0.ltrans.o
 *fill*         0x08001d48        0x8 
 .text.stInit   0x08001d50        0x8 C:\Users\error414\AppData\Local\Temp\stm32-chibios.0UTc6U.ltrans0.ltrans.o
 *fill*         0x08001d58        0x8 
 .text.notify2  0x08001d60       0x10 C:\Users\error414\AppData\Local\Temp\stm32-chibios.0UTc6U.ltrans0.ltrans.o
 .text.notify6  0x08001d70       0x10 C:\Users\error414\AppData\Local\Temp\stm32-chibios.0UTc6U.ltrans0.ltrans.o
 .text.sd_lld_init
                0x08001d80       0x58 C:\Users\error414\AppData\Local\Temp\stm32-chibios.0UTc6U.ltrans0.ltrans.o
 *fill*         0x08001dd8        0x8 
 .text.sdInit   0x08001de0        0x8 C:\Users\error414\AppData\Local\Temp\stm32-chibios.0UTc6U.ltrans0.ltrans.o
 *fill*         0x08001de8        0x8 
 .text.vt_list_compress
                0x08001df0       0x24 C:\Users\error414\AppData\Local\Temp\stm32-chibios.0UTc6U.ltrans0.ltrans.o
 *fill*         0x08001e14        0xc 
 .text.chSchIsPreemptionRequired
                0x08001e20       0x18 C:\Users\error414\AppData\Local\Temp\stm32-chibios.0UTc6U.ltrans0.ltrans.o
 *fill*         0x08001e38        0x8 
 .text.__idle_thread
                0x08001e40        0x4 C:\Users\error414\AppData\Local\Temp\stm32-chibios.0UTc6U.ltrans0.ltrans.o
 *fill*         0x08001e44        0xc 
 .text.__thd_object_init
                0x08001e50       0x48 C:\Users\error414\AppData\Local\Temp\stm32-chibios.0UTc6U.ltrans0.ltrans.o
 *fill*         0x08001e98        0x8 
 .text.__thd_memfill
                0x08001ea0        0xc C:\Users\error414\AppData\Local\Temp\stm32-chibios.0UTc6U.ltrans0.ltrans.o
 *fill*         0x08001eac        0x4 
 .text.chTMObjectInit
                0x08001eb0       0x18 C:\Users\error414\AppData\Local\Temp\stm32-chibios.0UTc6U.ltrans0.ltrans.o
 *fill*         0x08001ec8        0x8 
 .text.chTMStartMeasurementX
                0x08001ed0        0xc C:\Users\error414\AppData\Local\Temp\stm32-chibios.0UTc6U.ltrans0.ltrans.o
 *fill*         0x08001edc        0x4 
 .text.chTMStopMeasurementX
                0x08001ee0       0x40 C:\Users\error414\AppData\Local\Temp\stm32-chibios.0UTc6U.ltrans0.ltrans.o
 .text.__core_init
                0x08001f20       0x18 C:\Users\error414\AppData\Local\Temp\stm32-chibios.0UTc6U.ltrans0.ltrans.o
 *fill*         0x08001f38        0x8 
 .text.port_init
                0x08001f40       0x48 C:\Users\error414\AppData\Local\Temp\stm32-chibios.0UTc6U.ltrans0.ltrans.o
 *fill*         0x08001f88        0x8 
 .text.__port_irq_epilogue
                0x08001f90       0x54 C:\Users\error414\AppData\Local\Temp\stm32-chibios.0UTc6U.ltrans0.ltrans.o
 *fill*         0x08001fe4        0xc 
 .text.long_to_string_with_divisor
                0x08001ff0       0x4c C:\Users\error414\AppData\Local\Temp\stm32-chibios.0UTc6U.ltrans0.ltrans.o
 *fill*         0x0800203c        0x4 
 .text.ch_ltoa  0x08002040        0xc C:\Users\error414\AppData\Local\Temp\stm32-chibios.0UTc6U.ltrans0.ltrans.o
 *fill*         0x0800204c        0x4 
 .text.ftoa     0x08002050       0x80 C:\Users\error414\AppData\Local\Temp\stm32-chibios.0UTc6U.ltrans0.ltrans.o
 .text.chvprintf
                0x080020d0      0x34c C:\Users\error414\AppData\Local\Temp\stm32-chibios.0UTc6U.ltrans0.ltrans.o
 *fill*         0x0800241c        0x4 
 .text._put.lto_priv.1
                0x08002420       0x1c C:\Users\error414\AppData\Local\Temp\stm32-chibios.0UTc6U.ltrans0.ltrans.o
 *fill*         0x0800243c        0x4 
 .text._get.lto_priv.1
                0x08002440       0x1c C:\Users\error414\AppData\Local\Temp\stm32-chibios.0UTc6U.ltrans0.ltrans.o
 *fill*         0x0800245c        0x4 
 .text._unget   0x08002460       0x18 C:\Users\error414\AppData\Local\Temp\stm32-chibios.0UTc6U.ltrans0.ltrans.o
 *fill*         0x08002478        0x8 
 .text.msObjectInit
                0x08002480       0x18 C:\Users\error414\AppData\Local\Temp\stm32-chibios.0UTc6U.ltrans0.ltrans.o
 *fill*         0x08002498        0x8 
 .text.chvsnprintf
                0x080024a0       0x38 C:\Users\error414\AppData\Local\Temp\stm32-chibios.0UTc6U.ltrans0.ltrans.o
 *fill*         0x080024d8        0x8 
 .text.lv_group_get_focused
                0x080024e0        0xc C:\Users\error414\AppData\Local\Temp\stm32-chibios.0UTc6U.ltrans0.ltrans.o
 *fill*         0x080024ec        0x4 
 .text.lv_group_get_editing
                0x080024f0       0x10 C:\Users\error414\AppData\Local\Temp\stm32-chibios.0UTc6U.ltrans0.ltrans.o
 .text.lv_indev_get_act
                0x08002500        0x4 C:\Users\error414\AppData\Local\Temp\stm32-chibios.0UTc6U.ltrans0.ltrans.o
 *fill*         0x08002504        0xc 
 .text.lv_indev_get_obj_act
                0x08002510        0xc C:\Users\error414\AppData\Local\Temp\stm32-chibios.0UTc6U.ltrans0.ltrans.o
 *fill*         0x0800251c        0x4 
 .text.lv_event_send_func
                0x08002520       0x94 C:\Users\error414\AppData\Local\Temp\stm32-chibios.0UTc6U.ltrans0.ltrans.o
 *fill*         0x080025b4        0xc 
 .text.lv_event_send
                0x080025c0       0x18 C:\Users\error414\AppData\Local\Temp\stm32-chibios.0UTc6U.ltrans0.ltrans.o
 *fill*         0x080025d8        0x8 
 .text.lv_signal_send
                0x080025e0       0x14 C:\Users\error414\AppData\Local\Temp\stm32-chibios.0UTc6U.ltrans0.ltrans.o
 *fill*         0x080025f4        0xc 
 .text.lv_obj_get_focus_parent
                0x08002600        0xc C:\Users\error414\AppData\Local\Temp\stm32-chibios.0UTc6U.ltrans0.ltrans.o
 *fill*         0x0800260c        0x4 
 .text.lv_obj_get_state
                0x08002610       0x2c C:\Users\error414\AppData\Local\Temp\stm32-chibios.0UTc6U.ltrans0.ltrans.o
 *fill*         0x0800263c        0x4 
 .text.lv_obj_get_group
                0x08002640        0x4 C:\Users\error414\AppData\Local\Temp\stm32-chibios.0UTc6U.ltrans0.ltrans.o
 *fill*         0x08002644        0xc 
 .text.lv_obj_is_focused
                0x08002650       0x1c C:\Users\error414\AppData\Local\Temp\stm32-chibios.0UTc6U.ltrans0.ltrans.o
 *fill*         0x0800266c        0x4 
 .text.refresh_children_position
                0x08002670       0x4c C:\Users\error414\AppData\Local\Temp\stm32-chibios.0UTc6U.ltrans0.ltrans.o
 *fill*         0x080026bc        0x4 
 .text.lv_event_mark_deleted
                0x080026c0       0x1c C:\Users\error414\AppData\Local\Temp\stm32-chibios.0UTc6U.ltrans0.ltrans.o
 *fill*         0x080026dc        0x4 
 .text.style_prop_is_cacheble
                0x080026e0      0x120 C:\Users\error414\AppData\Local\Temp\stm32-chibios.0UTc6U.ltrans0.ltrans.o
 .text._lv_refr_init
                0x08002800        0x4 C:\Users\error414\AppData\Local\Temp\stm32-chibios.0UTc6U.ltrans0.ltrans.o
 *fill*         0x08002804        0xc 
 .text._writes  0x08002810       0x24 C:\Users\error414\AppData\Local\Temp\stm32-chibios.0UTc6U.ltrans0.ltrans.o
 *fill*         0x08002834        0xc 
 .text._reads   0x08002840       0x28 C:\Users\error414\AppData\Local\Temp\stm32-chibios.0UTc6U.ltrans0.ltrans.o
 *fill*         0x08002868        0x8 
 .text.lv_disp_get_scr_prev
                0x08002870       0x18 C:\Users\error414\AppData\Local\Temp\stm32-chibios.0UTc6U.ltrans0.ltrans.o
 *fill*         0x08002888        0x8 
 .text.lv_disp_get_layer_top
                0x08002890       0x18 C:\Users\error414\AppData\Local\Temp\stm32-chibios.0UTc6U.ltrans0.ltrans.o
 *fill*         0x080028a8        0x8 
 .text.lv_disp_get_layer_sys
                0x080028b0       0x18 C:\Users\error414\AppData\Local\Temp\stm32-chibios.0UTc6U.ltrans0.ltrans.o
 *fill*         0x080028c8        0x8 
 .text._lv_group_init
                0x080028d0       0x10 C:\Users\error414\AppData\Local\Temp\stm32-chibios.0UTc6U.ltrans0.ltrans.o
 .text.lv_indev_reset
                0x080028e0       0x68 C:\Users\error414\AppData\Local\Temp\stm32-chibios.0UTc6U.ltrans0.ltrans.o
 *fill*         0x08002948        0x8 
 .text._lv_indev_init
                0x08002950        0xc C:\Users\error414\AppData\Local\Temp\stm32-chibios.0UTc6U.ltrans0.ltrans.o
 *fill*         0x0800295c        0x4 
 .text.style_snapshot_compare
                0x08002960      0x15c C:\Users\error414\AppData\Local\Temp\stm32-chibios.0UTc6U.ltrans0.ltrans.o
 *fill*         0x08002abc        0x4 
 .text.lv_refr_join_area
                0x08002ac0       0xe0 C:\Users\error414\AppData\Local\Temp\stm32-chibios.0UTc6U.ltrans0.ltrans.o
 .text.__cpu_init
                0x08002ba0        0x4 C:\Users\error414\AppData\Local\Temp\stm32-chibios.0UTc6U.ltrans0.ltrans.o
                0x08002ba0                __cpu_init
 *fill*         0x08002ba4        0xc 
 .text.__late_init
                0x08002bb0        0x4 C:\Users\error414\AppData\Local\Temp\stm32-chibios.0UTc6U.ltrans0.ltrans.o
                0x08002bb0                __late_init
 *fill*         0x08002bb4        0xc 
 .text.__default_exit
                0x08002bc0        0x4 C:\Users\error414\AppData\Local\Temp\stm32-chibios.0UTc6U.ltrans0.ltrans.o
                0x08002bc0                __default_exit
 *fill*         0x08002bc4        0xc 
 .text.__init_ram_areas
                0x08002bd0       0x38 C:\Users\error414\AppData\Local\Temp\stm32-chibios.0UTc6U.ltrans0.ltrans.o
                0x08002bd0                __init_ram_areas
 *fill*         0x08002c08        0x8 
 .text.stGetCounter
                0x08002c10        0x8 C:\Users\error414\AppData\Local\Temp\stm32-chibios.0UTc6U.ltrans0.ltrans.o
                0x08002c10                stGetCounter
 *fill*         0x08002c18        0x8 
 .text.stm32_clock_init
                0x08002c20      0x11c C:\Users\error414\AppData\Local\Temp\stm32-chibios.0UTc6U.ltrans0.ltrans.o
                0x08002c20                stm32_clock_init
 *fill*         0x08002d3c        0x4 
 .text._pal_lld_setgroupmode
                0x08002d40       0xd8 C:\Users\error414\AppData\Local\Temp\stm32-chibios.0UTc6U.ltrans0.ltrans.o
                0x08002d40                _pal_lld_setgroupmode
 *fill*         0x08002e18        0x8 
 .text.chSysHalt
                0x08002e20       0x18 C:\Users\error414\AppData\Local\Temp\stm32-chibios.0UTc6U.ltrans0.ltrans.o
                0x08002e20                chSysHalt
 *fill*         0x08002e38        0x8 
 .text.stStartAlarm
                0x08002e40       0x24 C:\Users\error414\AppData\Local\Temp\stm32-chibios.0UTc6U.ltrans0.ltrans.o
 *fill*         0x08002e64        0xc 
 .text.stSetAlarm
                0x08002e70       0x1c C:\Users\error414\AppData\Local\Temp\stm32-chibios.0UTc6U.ltrans0.ltrans.o
 *fill*         0x08002e8c        0x4 
 .text.iq_read  0x08002e90       0x74 C:\Users\error414\AppData\Local\Temp\stm32-chibios.0UTc6U.ltrans0.ltrans.o
 *fill*         0x08002f04        0xc 
 .text.oq_write
                0x08002f10       0x74 C:\Users\error414\AppData\Local\Temp\stm32-chibios.0UTc6U.ltrans0.ltrans.o
 *fill*         0x08002f84        0xc 
 .text._ctl     0x08002f90       0x28 C:\Users\error414\AppData\Local\Temp\stm32-chibios.0UTc6U.ltrans0.ltrans.o
 *fill*         0x08002fb8        0x8 
 .text.dmaStreamFreeI
                0x08002fc0       0x7c C:\Users\error414\AppData\Local\Temp\stm32-chibios.0UTc6U.ltrans0.ltrans.o
 *fill*         0x0800303c        0x4 
 .text.i2c_lld_stop
                0x08003040       0x54 C:\Users\error414\AppData\Local\Temp\stm32-chibios.0UTc6U.ltrans0.ltrans.o
 *fill*         0x08003094        0xc 
 .text.i2c_lld_set_clock
                0x080030a0      0x120 C:\Users\error414\AppData\Local\Temp\stm32-chibios.0UTc6U.ltrans0.ltrans.o
 .text.i2c_lld_serve_tx_end_irq
                0x080031c0       0x40 C:\Users\error414\AppData\Local\Temp\stm32-chibios.0UTc6U.ltrans0.ltrans.o
 .text.spi_lld_serve_tx_interrupt
                0x08003200       0x14 C:\Users\error414\AppData\Local\Temp\stm32-chibios.0UTc6U.ltrans0.ltrans.o
 *fill*         0x08003214        0xc 
 .text.spi_lld_send
                0x08003220       0x60 C:\Users\error414\AppData\Local\Temp\stm32-chibios.0UTc6U.ltrans0.ltrans.o
 .text.usart_init
                0x08003280       0x7c C:\Users\error414\AppData\Local\Temp\stm32-chibios.0UTc6U.ltrans0.ltrans.o
 *fill*         0x080032fc        0x4 
 .text.sd_lld_start
                0x08003300       0x5c C:\Users\error414\AppData\Local\Temp\stm32-chibios.0UTc6U.ltrans0.ltrans.o
 *fill*         0x0800335c        0x4 
 .text.__dbg_check_lock_from_isr
                0x08003360       0x2c C:\Users\error414\AppData\Local\Temp\stm32-chibios.0UTc6U.ltrans0.ltrans.o
 *fill*         0x0800338c        0x4 
 .text.__dbg_check_unlock_from_isr
                0x08003390       0x30 C:\Users\error414\AppData\Local\Temp\stm32-chibios.0UTc6U.ltrans0.ltrans.o
 .text.__dbg_check_enter_isr
                0x080033c0       0x3c C:\Users\error414\AppData\Local\Temp\stm32-chibios.0UTc6U.ltrans0.ltrans.o
 *fill*         0x080033fc        0x4 
 .text.__dbg_check_leave_isr
                0x08003400       0x3c C:\Users\error414\AppData\Local\Temp\stm32-chibios.0UTc6U.ltrans0.ltrans.o
 *fill*         0x0800343c        0x4 
 .text.Vector58
                0x08003440       0x30 C:\Users\error414\AppData\Local\Temp\stm32-chibios.0UTc6U.ltrans0.ltrans.o
                0x08003440                Vector58
 .text.Vector5C
                0x08003470       0x30 C:\Users\error414\AppData\Local\Temp\stm32-chibios.0UTc6U.ltrans0.ltrans.o
                0x08003470                Vector5C
 .text.Vector60
                0x080034a0       0x30 C:\Users\error414\AppData\Local\Temp\stm32-chibios.0UTc6U.ltrans0.ltrans.o
                0x080034a0                Vector60
 .text.Vector64
                0x080034d0       0x30 C:\Users\error414\AppData\Local\Temp\stm32-chibios.0UTc6U.ltrans0.ltrans.o
                0x080034d0                Vector64
 .text.Vector68
                0x08003500       0x30 C:\Users\error414\AppData\Local\Temp\stm32-chibios.0UTc6U.ltrans0.ltrans.o
                0x08003500                Vector68
 .text.Vector9C
                0x08003530       0x7c C:\Users\error414\AppData\Local\Temp\stm32-chibios.0UTc6U.ltrans0.ltrans.o
                0x08003530                Vector9C
 *fill*         0x080035ac        0x4 
 .text.VectorE0
                0x080035b0       0x90 C:\Users\error414\AppData\Local\Temp\stm32-chibios.0UTc6U.ltrans0.ltrans.o
                0x080035b0                VectorE0
 .text.Vector6C
                0x08003640       0x30 C:\Users\error414\AppData\Local\Temp\stm32-chibios.0UTc6U.ltrans0.ltrans.o
                0x08003640                Vector6C
 .text.Vector70
                0x08003670       0x34 C:\Users\error414\AppData\Local\Temp\stm32-chibios.0UTc6U.ltrans0.ltrans.o
                0x08003670                Vector70
 *fill*         0x080036a4        0xc 
 .text.Vector74
                0x080036b0       0x34 C:\Users\error414\AppData\Local\Temp\stm32-chibios.0UTc6U.ltrans0.ltrans.o
                0x080036b0                Vector74
 *fill*         0x080036e4        0xc 
 .text.Vector78
                0x080036f0       0x34 C:\Users\error414\AppData\Local\Temp\stm32-chibios.0UTc6U.ltrans0.ltrans.o
                0x080036f0                Vector78
 *fill*         0x08003724        0xc 
 .text.Vector7C
                0x08003730       0x30 C:\Users\error414\AppData\Local\Temp\stm32-chibios.0UTc6U.ltrans0.ltrans.o
                0x08003730                Vector7C
 .text.Vector80
                0x08003760       0x34 C:\Users\error414\AppData\Local\Temp\stm32-chibios.0UTc6U.ltrans0.ltrans.o
                0x08003760                Vector80
 *fill*         0x08003794        0xc 
 .text.Vector84
                0x080037a0       0x34 C:\Users\error414\AppData\Local\Temp\stm32-chibios.0UTc6U.ltrans0.ltrans.o
                0x080037a0                Vector84
 *fill*         0x080037d4        0xc 
 .text.VectorFC
                0x080037e0       0x34 C:\Users\error414\AppData\Local\Temp\stm32-chibios.0UTc6U.ltrans0.ltrans.o
                0x080037e0                VectorFC
 *fill*         0x08003814        0xc 
 .text.Vector120
                0x08003820       0x30 C:\Users\error414\AppData\Local\Temp\stm32-chibios.0UTc6U.ltrans0.ltrans.o
                0x08003820                Vector120
 .text.Vector124
                0x08003850       0x34 C:\Users\error414\AppData\Local\Temp\stm32-chibios.0UTc6U.ltrans0.ltrans.o
                0x08003850                Vector124
 *fill*         0x08003884        0xc 
 .text.Vector128
                0x08003890       0x34 C:\Users\error414\AppData\Local\Temp\stm32-chibios.0UTc6U.ltrans0.ltrans.o
                0x08003890                Vector128
 *fill*         0x080038c4        0xc 
 .text.Vector12C
                0x080038d0       0x34 C:\Users\error414\AppData\Local\Temp\stm32-chibios.0UTc6U.ltrans0.ltrans.o
                0x080038d0                Vector12C
 *fill*         0x08003904        0xc 
 .text.Vector130
                0x08003910       0x30 C:\Users\error414\AppData\Local\Temp\stm32-chibios.0UTc6U.ltrans0.ltrans.o
                0x08003910                Vector130
 .text.Vector150
                0x08003940       0x34 C:\Users\error414\AppData\Local\Temp\stm32-chibios.0UTc6U.ltrans0.ltrans.o
                0x08003940                Vector150
 *fill*         0x08003974        0xc 
 .text.Vector154
                0x08003980       0x34 C:\Users\error414\AppData\Local\Temp\stm32-chibios.0UTc6U.ltrans0.ltrans.o
                0x08003980                Vector154
 *fill*         0x080039b4        0xc 
 .text.Vector158
                0x080039c0       0x34 C:\Users\error414\AppData\Local\Temp\stm32-chibios.0UTc6U.ltrans0.ltrans.o
                0x080039c0                Vector158
 *fill*         0x080039f4        0xc 
 .text.chDbgCheckClassS
                0x08003a00       0x24 C:\Users\error414\AppData\Local\Temp\stm32-chibios.0UTc6U.ltrans0.ltrans.o
 *fill*         0x08003a24        0xc 
 .text.__sch_ready_behind
                0x08003a30       0x34 C:\Users\error414\AppData\Local\Temp\stm32-chibios.0UTc6U.ltrans0.ltrans.o
 *fill*         0x08003a64        0xc 
 .text.__sch_ready_ahead
                0x08003a70       0x34 C:\Users\error414\AppData\Local\Temp\stm32-chibios.0UTc6U.ltrans0.ltrans.o
 *fill*         0x08003aa4        0xc 
 .text.__sch_reschedule_ahead
                0x08003ab0       0x40 C:\Users\error414\AppData\Local\Temp\stm32-chibios.0UTc6U.ltrans0.ltrans.o
 .text.chSchGoSleepS
                0x08003af0       0x64 C:\Users\error414\AppData\Local\Temp\stm32-chibios.0UTc6U.ltrans0.ltrans.o
 *fill*         0x08003b54        0xc 
 .text.chSchWakeupS
                0x08003b60       0x70 C:\Users\error414\AppData\Local\Temp\stm32-chibios.0UTc6U.ltrans0.ltrans.o
 .text.chSemWaitS
                0x08003bd0       0x5c C:\Users\error414\AppData\Local\Temp\stm32-chibios.0UTc6U.ltrans0.ltrans.o
 *fill*         0x08003c2c        0x4 
 .text.chMtxObjectInit
                0x08003c30       0x18 C:\Users\error414\AppData\Local\Temp\stm32-chibios.0UTc6U.ltrans0.ltrans.o
 *fill*         0x08003c48        0x8 
 .text.i2cObjectInit
                0x08003c50       0x14 C:\Users\error414\AppData\Local\Temp\stm32-chibios.0UTc6U.ltrans0.ltrans.o
 *fill*         0x08003c64        0xc 
 .text.i2c_lld_init
                0x08003c70       0x20 C:\Users\error414\AppData\Local\Temp\stm32-chibios.0UTc6U.ltrans0.ltrans.o
 .text.i2cInit  0x08003c90        0x8 C:\Users\error414\AppData\Local\Temp\stm32-chibios.0UTc6U.ltrans0.ltrans.o
 *fill*         0x08003c98        0x8 
 .text.spiObjectInit
                0x08003ca0       0x14 C:\Users\error414\AppData\Local\Temp\stm32-chibios.0UTc6U.ltrans0.ltrans.o
 *fill*         0x08003cb4        0xc 
 .text.spi_lld_init
                0x08003cc0       0x2c C:\Users\error414\AppData\Local\Temp\stm32-chibios.0UTc6U.ltrans0.ltrans.o
 *fill*         0x08003cec        0x4 
 .text.spiInit  0x08003cf0        0x8 C:\Users\error414\AppData\Local\Temp\stm32-chibios.0UTc6U.ltrans0.ltrans.o
 *fill*         0x08003cf8        0x8 
 .text.halInit  0x08003d00       0x1c C:\Users\error414\AppData\Local\Temp\stm32-chibios.0UTc6U.ltrans0.ltrans.o
                0x08003d00                halInit
 *fill*         0x08003d1c        0x4 
 .text.__heap_init
                0x08003d20       0x20 C:\Users\error414\AppData\Local\Temp\stm32-chibios.0UTc6U.ltrans0.ltrans.o
 .text.__dbg_check_lock
                0x08003d40       0x2c C:\Users\error414\AppData\Local\Temp\stm32-chibios.0UTc6U.ltrans0.ltrans.o
                0x08003d40                __dbg_check_lock
 *fill*         0x08003d6c        0x4 
 .text.__dbg_check_unlock
                0x08003d70       0x2c C:\Users\error414\AppData\Local\Temp\stm32-chibios.0UTc6U.ltrans0.ltrans.o
                0x08003d70                __dbg_check_unlock
 *fill*         0x08003d9c        0x4 
 .text.i2cStop  0x08003da0       0x68 C:\Users\error414\AppData\Local\Temp\stm32-chibios.0UTc6U.ltrans0.ltrans.o
                0x08003da0                i2cStop
 *fill*         0x08003e08        0x8 
 .text.sdStart  0x08003e10       0x64 C:\Users\error414\AppData\Local\Temp\stm32-chibios.0UTc6U.ltrans0.ltrans.o
                0x08003e10                sdStart
 *fill*         0x08003e74        0xc 
 .text.chSysUnlock.lto_priv.3
                0x08003e80       0x30 C:\Users\error414\AppData\Local\Temp\stm32-chibios.0UTc6U.ltrans0.ltrans.o
 .text.chSysUnlock.lto_priv.6
                0x08003eb0       0x30 C:\Users\error414\AppData\Local\Temp\stm32-chibios.0UTc6U.ltrans0.ltrans.o
 .text.chSysUnlock.lto_priv.8
                0x08003ee0       0x30 C:\Users\error414\AppData\Local\Temp\stm32-chibios.0UTc6U.ltrans0.ltrans.o
 .text.chDbgCheckClassI
                0x08003f10       0x28 C:\Users\error414\AppData\Local\Temp\stm32-chibios.0UTc6U.ltrans0.ltrans.o
                0x08003f10                chDbgCheckClassI
 *fill*         0x08003f38        0x8 
 .text.dmaStreamAllocI
                0x08003f40       0xe8 C:\Users\error414\AppData\Local\Temp\stm32-chibios.0UTc6U.ltrans0.ltrans.o
 *fill*         0x08004028        0x8 
 .text.i2c_lld_start
                0x08004030       0xe8 C:\Users\error414\AppData\Local\Temp\stm32-chibios.0UTc6U.ltrans0.ltrans.o
 *fill*         0x08004118        0x8 
 .text.i2cStart
                0x08004120       0x6c C:\Users\error414\AppData\Local\Temp\stm32-chibios.0UTc6U.ltrans0.ltrans.o
                0x08004120                i2cStart
 *fill*         0x0800418c        0x4 
 .text.spi_lld_start
                0x08004190      0x108 C:\Users\error414\AppData\Local\Temp\stm32-chibios.0UTc6U.ltrans0.ltrans.o
 *fill*         0x08004298        0x8 
 .text.spiStart
                0x080042a0       0x40 C:\Users\error414\AppData\Local\Temp\stm32-chibios.0UTc6U.ltrans0.ltrans.o
                0x080042a0                spiStart
 .text.chVTDoSetI
                0x080042e0       0xb8 C:\Users\error414\AppData\Local\Temp\stm32-chibios.0UTc6U.ltrans0.ltrans.o
 *fill*         0x08004398        0x8 
 .text.chVTDoResetI
                0x080043a0       0x9c C:\Users\error414\AppData\Local\Temp\stm32-chibios.0UTc6U.ltrans0.ltrans.o
 *fill*         0x0800443c        0x4 
 .text.chVTDoTickI
                0x08004440       0xb8 C:\Users\error414\AppData\Local\Temp\stm32-chibios.0UTc6U.ltrans0.ltrans.o
 *fill*         0x080044f8        0x8 
 .text.chSysTimerHandlerI
                0x08004500        0xc C:\Users\error414\AppData\Local\Temp\stm32-chibios.0UTc6U.ltrans0.ltrans.o
 *fill*         0x0800450c        0x4 
 .text.st_lld_serve_interrupt
                0x08004510       0x34 C:\Users\error414\AppData\Local\Temp\stm32-chibios.0UTc6U.ltrans0.ltrans.o
 *fill*         0x08004544        0xc 
 .text.VectorB0
                0x08004550       0x14 C:\Users\error414\AppData\Local\Temp\stm32-chibios.0UTc6U.ltrans0.ltrans.o
                0x08004550                VectorB0
 *fill*         0x08004564        0xc 
 .text.__sch_wakeup
                0x08004570       0x64 C:\Users\error414\AppData\Local\Temp\stm32-chibios.0UTc6U.ltrans0.ltrans.o
 *fill*         0x080045d4        0xc 
 .text.chSchReadyI
                0x080045e0       0x1c C:\Users\error414\AppData\Local\Temp\stm32-chibios.0UTc6U.ltrans0.ltrans.o
 *fill*         0x080045fc        0x4 
 .text.chThdResumeI
                0x08004600       0x28 C:\Users\error414\AppData\Local\Temp\stm32-chibios.0UTc6U.ltrans0.ltrans.o
 *fill*         0x08004628        0x8 
 .text.i2c_lld_serve_event_interrupt
                0x08004630      0x12c C:\Users\error414\AppData\Local\Temp\stm32-chibios.0UTc6U.ltrans0.ltrans.o
 *fill*         0x0800475c        0x4 
 .text.VectorBC
                0x08004760       0x1c C:\Users\error414\AppData\Local\Temp\stm32-chibios.0UTc6U.ltrans0.ltrans.o
                0x08004760                VectorBC
 *fill*         0x0800477c        0x4 
 .text.i2c_lld_serve_rx_end_irq
                0x08004780       0x70 C:\Users\error414\AppData\Local\Temp\stm32-chibios.0UTc6U.ltrans0.ltrans.o
 .text.i2c_lld_serve_error_interrupt
                0x080047f0       0xe8 C:\Users\error414\AppData\Local\Temp\stm32-chibios.0UTc6U.ltrans0.ltrans.o
 *fill*         0x080048d8        0x8 
 .text.VectorC0
                0x080048e0       0x30 C:\Users\error414\AppData\Local\Temp\stm32-chibios.0UTc6U.ltrans0.ltrans.o
                0x080048e0                VectorC0
 .text.spi_lld_serve_rx_interrupt
                0x08004910       0xd4 C:\Users\error414\AppData\Local\Temp\stm32-chibios.0UTc6U.ltrans0.ltrans.o
 *fill*         0x080049e4        0xc 
 .text.chThdDequeueNextI
                0x080049f0       0x34 C:\Users\error414\AppData\Local\Temp\stm32-chibios.0UTc6U.ltrans0.ltrans.o
 *fill*         0x08004a24        0xc 
 .text.iqPutI   0x08004a30       0x4c C:\Users\error414\AppData\Local\Temp\stm32-chibios.0UTc6U.ltrans0.ltrans.o
 *fill*         0x08004a7c        0x4 
 .text.oqGetI   0x08004a80       0x48 C:\Users\error414\AppData\Local\Temp\stm32-chibios.0UTc6U.ltrans0.ltrans.o
 *fill*         0x08004ac8        0x8 
 .text.chMtxLockS
                0x08004ad0       0xf0 C:\Users\error414\AppData\Local\Temp\stm32-chibios.0UTc6U.ltrans0.ltrans.o
 .text.chMtxLock
                0x08004bc0       0x40 C:\Users\error414\AppData\Local\Temp\stm32-chibios.0UTc6U.ltrans0.ltrans.o
 .text.i2cAcquireBus
                0x08004c00       0x18 C:\Users\error414\AppData\Local\Temp\stm32-chibios.0UTc6U.ltrans0.ltrans.o
                0x08004c00                i2cAcquireBus
 *fill*         0x08004c18        0x8 
 .text.spiAcquireBus
                0x08004c20       0x18 C:\Users\error414\AppData\Local\Temp\stm32-chibios.0UTc6U.ltrans0.ltrans.o
                0x08004c20                spiAcquireBus
 *fill*         0x08004c38        0x8 
 .text.chSchGoSleepTimeoutS
                0x08004c40       0x4c C:\Users\error414\AppData\Local\Temp\stm32-chibios.0UTc6U.ltrans0.ltrans.o
 *fill*         0x08004c8c        0x4 
 .text.chThdSuspendTimeoutS
                0x08004c90       0x2c C:\Users\error414\AppData\Local\Temp\stm32-chibios.0UTc6U.ltrans0.ltrans.o
 *fill*         0x08004cbc        0x4 
 .text.spiSend  0x08004cc0       0x88 C:\Users\error414\AppData\Local\Temp\stm32-chibios.0UTc6U.ltrans0.ltrans.o
                0x08004cc0                spiSend
 *fill*         0x08004d48        0x8 
 .text.i2c_lld_master_transmit_timeout
                0x08004d50      0x168 C:\Users\error414\AppData\Local\Temp\stm32-chibios.0UTc6U.ltrans0.ltrans.o
 *fill*         0x08004eb8        0x8 
 .text.i2cMasterTransmitTimeout
                0x08004ec0       0xa0 C:\Users\error414\AppData\Local\Temp\stm32-chibios.0UTc6U.ltrans0.ltrans.o
                0x08004ec0                i2cMasterTransmitTimeout
 .text.chThdEnqueueTimeoutS
                0x08004f60       0x24 C:\Users\error414\AppData\Local\Temp\stm32-chibios.0UTc6U.ltrans0.ltrans.o
 *fill*         0x08004f84        0xc 
 .text.iqGetTimeout
                0x08004f90       0x94 C:\Users\error414\AppData\Local\Temp\stm32-chibios.0UTc6U.ltrans0.ltrans.o
 *fill*         0x08005024        0xc 
 .text._get.lto_priv.0
                0x08005030       0x10 C:\Users\error414\AppData\Local\Temp\stm32-chibios.0UTc6U.ltrans0.ltrans.o
 .text._gett    0x08005040        0xc C:\Users\error414\AppData\Local\Temp\stm32-chibios.0UTc6U.ltrans0.ltrans.o
 *fill*         0x0800504c        0x4 
 .text.iqReadTimeout
                0x08005050       0xb4 C:\Users\error414\AppData\Local\Temp\stm32-chibios.0UTc6U.ltrans0.ltrans.o
                0x08005050                iqReadTimeout
 *fill*         0x08005104        0xc 
 .text._read    0x08005110       0x10 C:\Users\error414\AppData\Local\Temp\stm32-chibios.0UTc6U.ltrans0.ltrans.o
 .text._readt   0x08005120        0xc C:\Users\error414\AppData\Local\Temp\stm32-chibios.0UTc6U.ltrans0.ltrans.o
 *fill*         0x0800512c        0x4 
 .text.oqPutTimeout
                0x08005130       0x98 C:\Users\error414\AppData\Local\Temp\stm32-chibios.0UTc6U.ltrans0.ltrans.o
 *fill*         0x080051c8        0x8 
 .text._put.lto_priv.0
                0x080051d0       0x10 C:\Users\error414\AppData\Local\Temp\stm32-chibios.0UTc6U.ltrans0.ltrans.o
 .text._putt    0x080051e0        0xc C:\Users\error414\AppData\Local\Temp\stm32-chibios.0UTc6U.ltrans0.ltrans.o
 *fill*         0x080051ec        0x4 
 .text.oqWriteTimeout
                0x080051f0       0xb4 C:\Users\error414\AppData\Local\Temp\stm32-chibios.0UTc6U.ltrans0.ltrans.o
 *fill*         0x080052a4        0xc 
 .text._write   0x080052b0       0x10 C:\Users\error414\AppData\Local\Temp\stm32-chibios.0UTc6U.ltrans0.ltrans.o
 .text._writet  0x080052c0        0xc C:\Users\error414\AppData\Local\Temp\stm32-chibios.0UTc6U.ltrans0.ltrans.o
 *fill*         0x080052cc        0x4 
 .text.chSemWaitTimeoutS
                0x080052d0       0x68 C:\Users\error414\AppData\Local\Temp\stm32-chibios.0UTc6U.ltrans0.ltrans.o
 *fill*         0x08005338        0x8 
 .text.chThdCreateSuspendedI
                0x08005340       0x80 C:\Users\error414\AppData\Local\Temp\stm32-chibios.0UTc6U.ltrans0.ltrans.o
 .text.chThdCreateI
                0x080053c0        0xc C:\Users\error414\AppData\Local\Temp\stm32-chibios.0UTc6U.ltrans0.ltrans.o
 *fill*         0x080053cc        0x4 
 .text.chInstanceObjectInit
                0x080053d0       0xac C:\Users\error414\AppData\Local\Temp\stm32-chibios.0UTc6U.ltrans0.ltrans.o
 *fill*         0x0800547c        0x4 
 .text.chEvtSignalI
                0x08005480       0x44 C:\Users\error414\AppData\Local\Temp\stm32-chibios.0UTc6U.ltrans0.ltrans.o
 *fill*         0x080054c4        0xc 
 .text.chCoreAllocFromTopI
                0x080054d0       0x48 C:\Users\error414\AppData\Local\Temp\stm32-chibios.0UTc6U.ltrans0.ltrans.o
 *fill*         0x08005518        0x8 
 .text.chCoreAllocFromTop
                0x08005520       0x4c C:\Users\error414\AppData\Local\Temp\stm32-chibios.0UTc6U.ltrans0.ltrans.o
 *fill*         0x0800556c        0x4 
 .text.chCoreAllocAlignedI
                0x08005570        0xc C:\Users\error414\AppData\Local\Temp\stm32-chibios.0UTc6U.ltrans0.ltrans.o
 *fill*         0x0800557c        0x4 
 .text.chPoolAllocI
                0x08005580       0x38 C:\Users\error414\AppData\Local\Temp\stm32-chibios.0UTc6U.ltrans0.ltrans.o
 *fill*         0x080055b8        0x8 
 .text.chPoolFreeI
                0x080055c0       0x28 C:\Users\error414\AppData\Local\Temp\stm32-chibios.0UTc6U.ltrans0.ltrans.o
 *fill*         0x080055e8        0x8 
 .text.chSchRescheduleS
                0x080055f0       0x20 C:\Users\error414\AppData\Local\Temp\stm32-chibios.0UTc6U.ltrans0.ltrans.o
                0x080055f0                chSchRescheduleS
 .text.chMtxUnlock
                0x08005610       0xbc C:\Users\error414\AppData\Local\Temp\stm32-chibios.0UTc6U.ltrans0.ltrans.o
 *fill*         0x080056cc        0x4 
 .text.i2cReleaseBus
                0x080056d0       0x18 C:\Users\error414\AppData\Local\Temp\stm32-chibios.0UTc6U.ltrans0.ltrans.o
                0x080056d0                i2cReleaseBus
 *fill*         0x080056e8        0x8 
 .text.spiReleaseBus
                0x080056f0       0x18 C:\Users\error414\AppData\Local\Temp\stm32-chibios.0UTc6U.ltrans0.ltrans.o
                0x080056f0                spiReleaseBus
 *fill*         0x08005708        0x8 
 .text.chHeapFree
                0x08005710       0xb0 C:\Users\error414\AppData\Local\Temp\stm32-chibios.0UTc6U.ltrans0.ltrans.o
 .text.chMBPostTimeoutS
                0x080057c0       0x78 C:\Users\error414\AppData\Local\Temp\stm32-chibios.0UTc6U.ltrans0.ltrans.o
 *fill*         0x08005838        0x8 
 .text.chMBFetchTimeoutS
                0x08005840       0x70 C:\Users\error414\AppData\Local\Temp\stm32-chibios.0UTc6U.ltrans0.ltrans.o
 .text.chSchDoPreemption
                0x080058b0       0x40 C:\Users\error414\AppData\Local\Temp\stm32-chibios.0UTc6U.ltrans0.ltrans.o
                0x080058b0                chSchDoPreemption
 .text.chThdExitS
                0x080058f0       0x4c C:\Users\error414\AppData\Local\Temp\stm32-chibios.0UTc6U.ltrans0.ltrans.o
                0x080058f0                chThdExitS
 *fill*         0x0800593c        0x4 
 .text.chThdExit
                0x08005940       0x14 C:\Users\error414\AppData\Local\Temp\stm32-chibios.0UTc6U.ltrans0.ltrans.o
                0x08005940                chThdExit
 *fill*         0x08005954        0xc 
 .text.chThdSleep
                0x08005960       0x50 C:\Users\error414\AppData\Local\Temp\stm32-chibios.0UTc6U.ltrans0.ltrans.o
                0x08005960                chThdSleep
 .text.chRegFirstThread
                0x080059b0       0x48 C:\Users\error414\AppData\Local\Temp\stm32-chibios.0UTc6U.ltrans0.ltrans.o
                0x080059b0                chRegFirstThread
 *fill*         0x080059f8        0x8 
 .text.chSemObjectInit
                0x08005a00       0x1c C:\Users\error414\AppData\Local\Temp\stm32-chibios.0UTc6U.ltrans0.ltrans.o
                0x08005a00                chSemObjectInit
 *fill*         0x08005a1c        0x4 
 .text.chSemWait
                0x08005a20       0x20 C:\Users\error414\AppData\Local\Temp\stm32-chibios.0UTc6U.ltrans0.ltrans.o
                0x08005a20                chSemWait
 .text.chSemWaitTimeout
                0x08005a40       0x48 C:\Users\error414\AppData\Local\Temp\stm32-chibios.0UTc6U.ltrans0.ltrans.o
                0x08005a40                chSemWaitTimeout
 *fill*         0x08005a88        0x8 
 .text.chSemSignalI
                0x08005a90       0x50 C:\Users\error414\AppData\Local\Temp\stm32-chibios.0UTc6U.ltrans0.ltrans.o
                0x08005a90                chSemSignalI
 .text.chEvtBroadcastFlagsI
                0x08005ae0       0x3c C:\Users\error414\AppData\Local\Temp\stm32-chibios.0UTc6U.ltrans0.ltrans.o
                0x08005ae0                chEvtBroadcastFlagsI
 *fill*         0x08005b1c        0x4 
 .text.sdIncomingDataI
                0x08005b20       0x40 C:\Users\error414\AppData\Local\Temp\stm32-chibios.0UTc6U.ltrans0.ltrans.o
 .text.set_error
                0x08005b60       0x38 C:\Users\error414\AppData\Local\Temp\stm32-chibios.0UTc6U.ltrans0.ltrans.o
 *fill*         0x08005b98        0x8 
 .text.sd_lld_serve_interrupt
                0x08005ba0      0x110 C:\Users\error414\AppData\Local\Temp\stm32-chibios.0UTc6U.ltrans0.ltrans.o
 .text.VectorD8
                0x08005cb0       0x1c C:\Users\error414\AppData\Local\Temp\stm32-chibios.0UTc6U.ltrans0.ltrans.o
                0x08005cb0                VectorD8
 *fill*         0x08005ccc        0x4 
 .text.Vector15C
                0x08005cd0       0x1c C:\Users\error414\AppData\Local\Temp\stm32-chibios.0UTc6U.ltrans0.ltrans.o
                0x08005cd0                Vector15C
 *fill*         0x08005cec        0x4 
 .text.chMBPostTimeout
                0x08005cf0       0x4c C:\Users\error414\AppData\Local\Temp\stm32-chibios.0UTc6U.ltrans0.ltrans.o
                0x08005cf0                chMBPostTimeout
 *fill*         0x08005d3c        0x4 
 .text.chMBFetchTimeout